{
  "binary": "/private/tmp/fux-codebase-work/release-candidate/release/fux",
  "burst_20000_lines_s": 0.184,
  "idle_cpu_s_per_10s": 0.0,
  "idle_wakeups_per_10s": "n/a",
  "latency_median_ms": 1.88,
  "latency_p95_ms": 3.83,
  "latency_samples_s": [
    0.001748375,
    0.001199875,
    0.001184875,
    0.000554917,
    0.001003166,
    0.000865084,
    0.00103125,
    0.001132541,
    0.000616958,
    0.000376625,
    0.000502375,
    0.002553958,
    0.002488375,
    0.000883583,
    0.001160584,
    0.002419167,
    0.002428583,
    0.00243975,
    0.001696333,
    0.0024295,
    0.002453917,
    0.001838292,
    0.001868917,
    0.002062042,
    0.002421875,
    0.002428166,
    0.002714208,
    0.002664625,
    0.001492916,
    0.002547292,
    0.00235,
    0.002329416,
    0.001704042,
    0.001652625,
    0.001457542,
    0.002524875,
    0.002465042,
    0.001163792,
    0.001395417,
    0.0008145,
    0.001374875,
    0.002486667,
    0.000939209,
    0.001167167,
    0.001043459,
    0.001528917,
    0.003929875,
    0.001064333,
    0.003770666,
    0.002796,
    0.004525542,
    0.003858292,
    0.001063542,
    0.002231291,
    0.003979333,
    0.0037195,
    0.003501291,
    0.00119875,
    0.002694584,
    0.001279292,
    0.003966291,
    0.003829958,
    0.001426958,
    0.002424208,
    0.001642625,
    0.000876125,
    0.001812167,
    0.001431667,
    0.00266675,
    0.001426458,
    0.002441458,
    0.001885583,
    0.001711542,
    0.002315167,
    0.002330458,
    0.002171084,
    0.002520708,
    0.001732292,
    0.002362625,
    0.002272542,
    0.0023995,
    0.001559167,
    0.001686375,
    0.002483709,
    0.001203541,
    0.001629958,
    0.001374,
    0.002686334,
    0.002565125,
    0.002429042,
    0.000911292,
    0.000903875,
    0.001436041,
    0.002640209,
    0.002377875,
    0.0024545,
    0.000984,
    0.001402292,
    0.002577583,
    0.002368166
  ],
  "rss_after_burst_kib": 35200,
  "rss_start_kib": 6944,
  "startup_s": 0.0284
}
