   Compiling fux v0.10.0 (/Users/kisaczka/Desktop/code/fux/crates/fux)
    Finished `test` profile [unoptimized + debuginfo] target(s) in 5.32s
     Running tests/automation_integration.rs (target/debug/deps/automation_integration-8ba9a3af34947e4b)

running 2 tests
test zor_group_scheduler ... 
thread 'zor_group_scheduler' (15634528) panicked at crates/fux/tests/automation_integration.rs:63:5:
zor_group_scheduler
stdout:

stderr:
fux-xtask: CLI ["task", "adopt", "route-alias", "--title", "same pane via alias", "--runtime", "/tmp/zgroup-rs-z4hc6Y/alternate", "--instance", "5b1b4ce80fa3cc6476451efca64048d2", "--workspace", "default", "--pane", "2"]: zor: connect control socket: No such file or directory (os error 2)


note: run with `RUST_BACKTRACE=1` environment variable to display a backtrace
FAILED
test zor_groups ... 
thread 'zor_groups' (15694297) panicked at crates/fux/tests/automation_integration.rs:63:5:
zor_groups
stdout:

stderr:
fux-xtask: CLI ["task", "adopt", "route-alias", "--title", "same pane via alias", "--runtime", "/tmp/zgroup-rs-EvmETq/alternate", "--instance", "db2c302cff1fb1513a150f98d90a7468", "--workspace", "default", "--pane", "2"]: zor: connect control socket: No such file or directory (os error 2)


FAILED

failures:

failures:
    zor_group_scheduler
    zor_groups

test result: FAILED. 0 passed; 2 failed; 0 ignored; 0 measured; 21 filtered out; finished in 26.50s

error: test failed, to rerun pass `-p fux --test automation_integration`
