    Checking cfg-if v1.0.4
    Checking bitflags v2.13.1
    Checking once_cell v1.21.4
    Checking memchr v2.8.3
    Checking simd-adler32 v0.3.10
    Checking libc v0.2.189
    Checking libm v0.2.16
    Checking serde_core v1.0.229
    Checking adler2 v2.0.1
    Checking typenum v1.20.1
    Checking bytemuck v1.25.2
    Checking log v0.4.34
    Checking tinyvec_macros v0.1.1
    Checking slotmap v1.1.1
    Checking thiserror v1.0.69
    Checking miniz_oxide v0.9.1
    Checking aho-corasick v1.1.5
    Checking crc32fast v1.5.2
    Checking font-types v0.11.3
    Checking font-types v0.12.5
    Checking core_maths v0.1.1
    Checking tinyvec v1.13.2
    Checking generic-array v0.14.7
    Checking zeno v0.3.3
    Checking errno v0.3.14
    Checking ttf-parser v0.25.1
    Checking memmap2 v0.9.11
    Checking regex-syntax v0.8.11
    Checking itoa v1.0.18
    Checking read-fonts v0.41.0
    Checking read-fonts v0.37.0
    Checking smallvec v1.16.1
    Checking yazi v0.2.1
    Checking flate2 v1.1.10
    Checking block-buffer v0.10.4
    Checking crypto-common v0.1.7
    Checking filedescriptor v0.8.3
    Checking nix v0.28.0
    Checking serial2 v0.2.38
    Checking tracing-core v0.1.36
    Checking miniz_oxide v0.8.9
    Checking fdeflate v0.3.7
    Checking libghostty-vt-sys v0.2.1
    Checking anyhow v1.0.104
    Checking zmij v1.0.23
    Checking arrayvec v0.7.8
    Checking color_quant v1.1.0
    Checking unicode-bidi v0.3.18
    Checking smol_str v0.3.6
    Checking weezl v0.1.12
    Checking shell-words v1.1.1
    Checking regex-automata v0.4.18
    Checking winnow v1.0.4
    Checking linebender_resource_handle v0.1.1
    Checking pin-project-lite v0.2.17
    Checking unicode-script v0.5.8
    Checking self_cell v1.3.0
    Checking unicode-segmentation v1.13.3
    Checking unicode-width v0.1.14
    Checking rangemap v1.8.0
    Checking downcast-rs v1.2.1
    Checking sys-locale v0.3.2
    Checking unicode-linebreak v0.1.5
    Checking rustc-hash v2.1.3
    Checking portable-pty v0.9.0
    Checking toml_parser v1.1.3+spec-1.1.0
    Checking tracing v0.1.44
    Checking gif v0.14.2
    Checking vte v0.15.0
    Checking regex v1.13.1
    Checking png v0.18.1
    Checking miette v7.6.0
    Checking libghostty-vt v0.2.1
    Checking serde_json v1.0.151
    Checking serde v1.0.229
    Checking memoffset v0.9.1
    Checking digest v0.10.7
    Checking getrandom v0.4.3
    Checking rustix v1.1.4
    Checking signal-hook-registry v1.4.8
    Checking toml_datetime v0.7.5+spec-1.1.0
    Checking serde_spanned v1.1.1
    Checking cpufeatures v0.2.17
    Checking deranged v0.5.8
    Checking num-conv v0.2.2
    Checking winnow v0.7.15
    Checking toml_writer v1.1.2+spec-1.1.0
    Checking powerfmt v0.2.0
    Checking unicode-width v0.2.2
    Checking time-core v0.1.9
    Checking fastrand v2.5.0
    Checking sha2 v0.10.9
    Checking fontdb v0.23.0
    Checking signal-hook v0.3.18
    Checking nix v0.30.1
    Checking skrifa v0.40.0
    Checking harfrust v0.5.2
    Checking vt100 v0.16.2
    Checking tempfile v3.27.0
    Checking time v0.3.55
    Checking toml v0.9.12+spec-1.1.0
    Checking skrifa v0.44.0
    Checking swash v0.2.10
    Checking cosmic-text v0.19.0
    Checking betamax-core v0.1.11 (/Users/kisaczka/Desktop/code/fux/tools/xtask/vendor/betamax-core)
    Checking fux-xtask v0.1.0 (/Users/kisaczka/Desktop/code/fux/tools/xtask)
    Finished `dev` profile [unoptimized + debuginfo] target(s) in 12.21s
