fux-xtask: history selection before resize: A056                                   │B063
A057                                   │B064
A058                                   │
A059                                   │
A060                                   │
                                       │
                                       │
                                       │
                                       │
                                       │
                                       │
                                       │
                                       │
                                       │
                                       │
                                       │
                                       │
                                       │
                                       │
                                       │
                                       │
                                       │
History pane 1 · Esc live · offset 3 · wheel browses · typing follows focus     
 default │ main                                                             │ 2 
--- viewer ---
A059                                   │B063
A060                                   │B064
                                       │    
                                       │    
                                       │    
                                       │    
                                       │    
                                       │    
                                       │    
                                       │    
                                       │    
                                       │    
                                       │    
                                       │    
                                       │    
                                       │    
                                       │    
                                       │    
                                       │               
                                       │               
                                       │               
                                       │               
                                       │
 default │ main                                                             │ 2 
