    Checking equivalent v1.0.2
    Checking allocator-api2 v0.2.21
    Checking foldhash v0.2.0
    Checking once_cell v1.21.4
   Compiling proc-macro2 v1.0.107
   Compiling hashbrown v0.17.1
    Checking pin-project-lite v0.2.17
    Checking smallvec v1.16.0
   Compiling unicode-segmentation v1.13.3
    Checking rustix v1.1.4
    Checking crossbeam-utils v0.8.23
    Checking log v0.4.34
    Checking spin v0.10.1
    Checking tracing-core v0.1.36
    Checking thread_local v1.1.10
    Checking futures-core v0.3.34
    Checking scopeguard v1.2.0
    Checking hashbrown v0.16.1
   Compiling quote v1.0.47
   Compiling convert_case v0.10.0
   Compiling indexmap v2.14.1
    Checking arrayvec v0.7.8
    Checking either v1.18.0
    Checking futures-lite v2.6.1
    Checking lock_api v0.4.14
    Checking crossbeam-queue v0.3.14
    Checking parking_lot_core v0.9.12
   Compiling syn v2.0.119
   Compiling syn v3.0.4
    Checking bevy_platform v0.19.1
    Checking castaway v0.2.4
    Checking itertools v0.14.0
    Checking ryu v1.0.23
    Checking async-task v4.7.1
   Compiling toml_edit v0.25.13+spec-1.1.0
    Checking atomic-waker v1.1.2
    Checking lazy_static v1.5.0
    Checking static_assertions v1.1.0
    Checking disqualified v1.0.0
    Checking parking_lot v0.12.5
    Checking nix v0.30.1
    Checking nix v0.28.0
    Checking sharded-slab v0.1.7
    Checking compact_str v0.9.1
    Checking slotmap v1.1.1
    Checking bevy_utils v0.19.1
    Checking vte v0.15.0
    Checking unicode-truncate v2.0.1
    Checking lru v0.16.4
    Checking tracing-log v0.2.0
   Compiling thiserror-impl v2.0.20
   Compiling tokio-macros v2.7.2
   Compiling clap_derive v4.6.4
    Checking concurrent-queue v2.5.0
    Checking socket2 v0.6.5
    Checking mio v1.2.3
    Checking nonmax v0.5.5
    Checking nu-ansi-term v0.50.3
   Compiling thiserror-impl v1.0.69
   Compiling derive_more-impl v2.1.1
   Compiling bevy_macro_utils v0.19.1
   Compiling strum_macros v0.27.2
   Compiling variadics_please v1.1.0
   Compiling tracing-attributes v0.1.31
   Compiling serde_derive v1.0.228
   Compiling bevy_ecs_macro_logic v0.19.1
    Checking bytes v1.12.1
    Checking fixedbitset v0.5.7
   Compiling bevy_ecs_macros v0.19.1
    Checking bumpalo v3.20.3
    Checking bevy_ptr v0.19.1
    Checking unicode-ident v1.0.24
    Checking tokio v1.53.1
    Checking tempfile v3.27.0
    Checking local-ipc v0.2.0 (/Users/kisaczka/Desktop/code/fux/crates/local-ipc)
    Checking tracing-subscriber v0.3.23
    Checking vt100 v0.16.2
    Checking thiserror v2.0.20
    Checking termina v0.3.3
    Checking base64 v0.22.1
    Checking rusty-fork v0.3.1
    Checking kasuari v0.4.12
    Checking proptest v1.11.0
    Checking thiserror v1.0.69
    Checking tracing v0.1.44
    Checking filedescriptor v0.8.3
    Checking portable-pty v0.9.0
    Checking clap v4.6.6
    Checking strum v0.27.2
    Checking ratatui-core v0.1.0
    Checking derive_more v2.1.1
    Checking bevy_tasks v0.19.1
    Checking serde v1.0.228
    Checking bevy_ecs v0.19.1
    Checking fux v0.10.0 (/Users/kisaczka/Desktop/code/fux/crates/fux)
    Finished `dev` profile [unoptimized + debuginfo] target(s) in 12.35s
