fux-xtask: pointer command popup: A056                                   │B063
A057                                   │B064
A058                                   │
A059                                   │
A060                                   │
                                       │
                                       │
                                       │
                                       │
                                       │
                                       │
                                       │
                                       │
                                       │
                                       │
                                       │
                                       │
                                       │
                                       │
                                       │
                                       │
                                       │
Copy · Esc finish · history -3 of 138 · Selection cleared: the pane was resized 
 default │ main                                                             │ 2 
--- viewer ---
A059                                   │B063
A060                                   │B064
                                       │    
                                       │    
                                       │    
                                       │    
                                       │    
                                       │    
                                       │    
                                       │    
                                       │    
                                       │    
                                       │    
                                       │    
                                       │    
                                       │    
                                       │    
                                       │    
                                       │               
                                       │               
                                       │               
                                       │               
                                       │
 default │ main                                                             │ 2 
