    Finished `test` profile [unoptimized + debuginfo] target(s) in 0.21s
     Running unittests src/main.rs (/tmp/fux-codebase-work/build/debug/deps/fux_fixture_child-10c230f5c9943157)

running 3 tests
test tests::command_line_values_take_their_named_prefix ... ok
test tests::exact_byte_codec_is_bounded_and_round_trips ... ok
test tests::strict_protocol_rejects_unknown_fields_and_commands ... ok

test result: ok. 3 passed; 0 failed; 0 ignored; 0 measured; 0 filtered out; finished in 0.00s

     Running tests/binary.rs (/tmp/fux-codebase-work/build/debug/deps/binary-9e2c9ab059caa786)

running 9 tests
test command_deadline_kills_and_reaps_a_stalled_child ... ok
test concurrent_first_clients_elect_exactly_one_server_and_workspace ... ok
test control_protocol_lists_captures_and_streams_events_without_touching_viewers ... ok
test detach_and_reattach_preserve_the_pane_process_and_its_history ... ok
test forced_close_terminates_descendants_and_reports_the_status ... ok
test natural_last_pane_exit_is_observable_before_workspace_retirement ... ok
test server_shutdown_signal_reaps_owned_processes_and_sockets ... ok
test startup_failure_rolls_back_and_reports_an_error ... ok
test tiny_viewer_and_resize_keep_the_pane_size_negotiated_over_the_smallest_viewer ... ok

test result: ok. 9 passed; 0 failed; 0 ignored; 0 measured; 0 filtered out; finished in 65.08s

     Running tests/lifecycle.rs (/tmp/fux-codebase-work/build/debug/deps/lifecycle-e47b73fa89105940)

running 2 tests
test descendant_modes_report_readiness_signals_and_cleanup ... ok
test stdin_refusal_is_explicit_and_output_backpressure_hits_the_hard_deadline ... ok

test result: ok. 2 passed; 0 failed; 0 ignored; 0 measured; 0 filtered out; finished in 0.25s

