fux-xtask: viewer isolation changed at src/scenarios/viewer.rs:886:7:
COPY_TARGET^AQAFTER_RENAME_CANCEL      │COPY_TARGET                             
                                       │                                        
                                       │                                        
                                       │                                        
                                       │                                        
                                       │                                        
                                       │                                        
                                       │                                        
                                       │                                        
                                       │                                        
                                       │                                        
                                       │                                        
                                       │                                        
                                       │                                        
                                       │                                        
                                       │                                        
                                       │                                        
                                       │                                        
                                       │                                        
                                       │                                        
                                       │                                        
                                       │                                        
History pane 4 ·                       │                                        
 default │ main  renamed界  second            │ Layout changed; drag cancelled. 
