    Checking zor v0.5.0 (/Users/kisaczka/Desktop/code/fux/crates/zor)
error: used `expect()` on an `Option` value
   --> crates/zor/src/tasks/lifecycle.rs:177:22
    |
177 |         let launch = self.launches.get_mut(id).expect("validated launch");
    |                      ^^^^^^^^^^^^^^^^^^^^^^^^^^^^^^^^^^^^^^^^^^^^^^^^^^^^
    |
    = note: if this value is `None`, it will panic
    = help: for further information visit https://rust-lang.github.io/rust-clippy/rust-1.97.0/index.html#expect_used
    = note: requested on the command line with `-D clippy::expect-used`

error: used `expect()` on an `Option` value
   --> crates/zor/src/tasks/lifecycle.rs:178:23
    |
178 |           let attempt = self
    |  _______________________^
179 | |             .attempts
180 | |             .get_mut(attempt_id)
181 | |             .expect("validated attempt");
    | |________________________________________^
    |
    = note: if this value is `None`, it will panic
    = help: for further information visit https://rust-lang.github.io/rust-clippy/rust-1.97.0/index.html#expect_used

error: could not compile `zor` (lib) due to 2 previous errors
warning: build failed, waiting for other jobs to finish...
error: used `expect()` on a `Result` value
   --> crates/zor/src/tasks/lifecycle.rs:292:9
    |
292 |         journal.validate().expect("valid managed fixture");
    |         ^^^^^^^^^^^^^^^^^^^^^^^^^^^^^^^^^^^^^^^^^^^^^^^^^^
    |
    = note: if this value is an `Err`, it will panic
    = help: for further information visit https://rust-lang.github.io/rust-clippy/rust-1.97.0/index.html#expect_used

error: used `unwrap()` on a `Result` value
   --> crates/zor/src/tasks/lifecycle.rs:339:9
    |
339 | /         prompt
340 | |             .record_delivery(Delivery::Reserved, receipt())
341 | |             .unwrap();
    | |_____________________^
    |
    = note: if this value is an `Err`, it will panic
    = help: for further information visit https://rust-lang.github.io/rust-clippy/rust-1.97.0/index.html#unwrap_used
    = note: requested on the command line with `-D clippy::unwrap-used`

error: used `unwrap()` on a `Result` value
   --> crates/zor/src/tasks/lifecycle.rs:350:9
    |
350 | /         prompt
351 | |             .record_delivery(Delivery::Submitting, receipt())
352 | |             .unwrap();
    | |_____________________^
    |
    = note: if this value is an `Err`, it will panic
    = help: for further information visit https://rust-lang.github.io/rust-clippy/rust-1.97.0/index.html#unwrap_used

error: used `unwrap()` on a `Result` value
   --> crates/zor/src/tasks/lifecycle.rs:356:9
    |
356 | /         prompt
357 | |             .record_delivery(Delivery::Reserved, receipt())
358 | |             .unwrap();
    | |_____________________^
    |
    = note: if this value is an `Err`, it will panic
    = help: for further information visit https://rust-lang.github.io/rust-clippy/rust-1.97.0/index.html#unwrap_used

error: used `unwrap()` on an `Option` value
   --> crates/zor/src/tasks/lifecycle.rs:359:17
    |
359 |         assert!(prompt.arm.as_ref().unwrap().input_started);
    |                 ^^^^^^^^^^^^^^^^^^^^^^^^^^^^
    |
    = note: if this value is `None`, it will panic
    = help: for further information visit https://rust-lang.github.io/rust-clippy/rust-1.97.0/index.html#unwrap_used

error: used `unwrap()` on an `Option` value
   --> crates/zor/src/tasks/lifecycle.rs:360:20
    |
360 |         assert_eq!(prompt.receipt.as_ref().unwrap().operation, 7);
    |                    ^^^^^^^^^^^^^^^^^^^^^^^^^^^^^^^^
    |
    = note: if this value is `None`, it will panic
    = help: for further information visit https://rust-lang.github.io/rust-clippy/rust-1.97.0/index.html#unwrap_used

error: used `unwrap()` on a `Result` value
   --> crates/zor/src/tasks/lifecycle.rs:361:9
    |
361 | /         prompt
362 | |             .record_delivery(Delivery::Submitting, receipt())
363 | |             .unwrap();
    | |_____________________^
    |
    = note: if this value is an `Err`, it will panic
    = help: for further information visit https://rust-lang.github.io/rust-clippy/rust-1.97.0/index.html#unwrap_used

error: used `unwrap()` on a `Result` value
   --> crates/zor/src/tasks/lifecycle.rs:366:9
    |
366 | /         prompt
367 | |             .record_delivery(Delivery::Queued, accepted.clone())
368 | |             .unwrap();
    | |_____________________^
    |
    = note: if this value is an `Err`, it will panic
    = help: for further information visit https://rust-lang.github.io/rust-clippy/rust-1.97.0/index.html#unwrap_used

error: used `unwrap()` on a `Result` value
   --> crates/zor/src/tasks/lifecycle.rs:370:9
    |
370 | /         prompt
371 | |             .record_delivery(Delivery::Delivered, accepted)
372 | |             .unwrap();
    | |_____________________^
    |
    = note: if this value is an `Err`, it will panic
    = help: for further information visit https://rust-lang.github.io/rust-clippy/rust-1.97.0/index.html#unwrap_used

error: used `unwrap()` on a `Result` value
   --> crates/zor/src/tasks/lifecycle.rs:380:9
    |
380 | /         prompt
381 | |             .record_delivery(Delivery::Reserved, receipt())
382 | |             .unwrap();
    | |_____________________^
    |
    = note: if this value is an `Err`, it will panic
    = help: for further information visit https://rust-lang.github.io/rust-clippy/rust-1.97.0/index.html#unwrap_used

error: used `unwrap()` on a `Result` value
   --> crates/zor/src/tasks/lifecycle.rs:390:26
    |
390 |             let before = serde_json::to_value(&prompt).unwrap();
    |                          ^^^^^^^^^^^^^^^^^^^^^^^^^^^^^^^^^^^^^^
    |
    = note: if this value is an `Err`, it will panic
    = help: for further information visit https://rust-lang.github.io/rust-clippy/rust-1.97.0/index.html#unwrap_used

error: used `unwrap()` on a `Result` value
   --> crates/zor/src/tasks/lifecycle.rs:392:24
    |
392 |             assert_eq!(serde_json::to_value(&prompt).unwrap(), before);
    |                        ^^^^^^^^^^^^^^^^^^^^^^^^^^^^^^^^^^^^^^
    |
    = note: if this value is an `Err`, it will panic
    = help: for further information visit https://rust-lang.github.io/rust-clippy/rust-1.97.0/index.html#unwrap_used

error: used `unwrap()` on a `Result` value
   --> crates/zor/src/tasks/lifecycle.rs:397:9
    |
397 | /         prompt
398 | |             .record_delivery(Delivery::Delivered, accepted)
399 | |             .unwrap();
    | |_____________________^
    |
    = note: if this value is an `Err`, it will panic
    = help: for further information visit https://rust-lang.github.io/rust-clippy/rust-1.97.0/index.html#unwrap_used

error: used `unwrap()` on a `Result` value
   --> crates/zor/src/tasks/lifecycle.rs:400:22
    |
400 |         let before = serde_json::to_value(&prompt).unwrap();
    |                      ^^^^^^^^^^^^^^^^^^^^^^^^^^^^^^^^^^^^^^
    |
    = note: if this value is an `Err`, it will panic
    = help: for further information visit https://rust-lang.github.io/rust-clippy/rust-1.97.0/index.html#unwrap_used

error: used `unwrap()` on a `Result` value
   --> crates/zor/src/tasks/lifecycle.rs:406:20
    |
406 |         assert_eq!(serde_json::to_value(&prompt).unwrap(), before);
    |                    ^^^^^^^^^^^^^^^^^^^^^^^^^^^^^^^^^^^^^^
    |
    = note: if this value is an `Err`, it will panic
    = help: for further information visit https://rust-lang.github.io/rust-clippy/rust-1.97.0/index.html#unwrap_used

error: used `unwrap()` on a `Result` value
   --> crates/zor/src/tasks/lifecycle.rs:414:9
    |
414 | /         prompt
415 | |             .record_delivery(Delivery::Reserved, receipt())
416 | |             .unwrap();
    | |_____________________^
    |
    = note: if this value is an `Err`, it will panic
    = help: for further information visit https://rust-lang.github.io/rust-clippy/rust-1.97.0/index.html#unwrap_used

error: used `unwrap()` on a `Result` value
   --> crates/zor/src/tasks/lifecycle.rs:423:9
    |
423 | /         prompt
424 | |             .record_delivery(Delivery::Delivered, accepted)
425 | |             .unwrap();
    | |_____________________^
    |
    = note: if this value is an `Err`, it will panic
    = help: for further information visit https://rust-lang.github.io/rust-clippy/rust-1.97.0/index.html#unwrap_used

error: used `unwrap()` on a `Result` value
   --> crates/zor/src/tasks/lifecycle.rs:432:9
    |
432 |         launch.begin_submission().unwrap();
    |         ^^^^^^^^^^^^^^^^^^^^^^^^^^^^^^^^^^
    |
    = note: if this value is an `Err`, it will panic
    = help: for further information visit https://rust-lang.github.io/rust-clippy/rust-1.97.0/index.html#unwrap_used

error: used `unwrap()` on a `Result` value
   --> crates/zor/src/tasks/lifecycle.rs:433:9
    |
433 |         launch.record_created_pane(4).unwrap();
    |         ^^^^^^^^^^^^^^^^^^^^^^^^^^^^^^^^^^^^^^
    |
    = note: if this value is an `Err`, it will panic
    = help: for further information visit https://rust-lang.github.io/rust-clippy/rust-1.97.0/index.html#unwrap_used

error: used `unwrap()` on a `Result` value
   --> crates/zor/src/tasks/lifecycle.rs:445:24
    |
445 |         let sessions = serde_json::to_value(&journal.sessions).unwrap();
    |                        ^^^^^^^^^^^^^^^^^^^^^^^^^^^^^^^^^^^^^^^^^^^^^^^^
    |
    = note: if this value is an `Err`, it will panic
    = help: for further information visit https://rust-lang.github.io/rust-clippy/rust-1.97.0/index.html#unwrap_used

error: used `unwrap()` on a `Result` value
   --> crates/zor/src/tasks/lifecycle.rs:446:21
    |
446 |         let tasks = serde_json::to_value(&journal.tasks).unwrap();
    |                     ^^^^^^^^^^^^^^^^^^^^^^^^^^^^^^^^^^^^^^^^^^^^^
    |
    = note: if this value is an `Err`, it will panic
    = help: for further information visit https://rust-lang.github.io/rust-clippy/rust-1.97.0/index.html#unwrap_used

error: used `unwrap()` on a `Result` value
   --> crates/zor/src/tasks/lifecycle.rs:447:9
    |
447 | /         journal
448 | |             .observe_attached(
449 | |                 "task",
450 | |                 "attempt",
...   |
453 | |             .unwrap();
    | |_____________________^
    |
    = note: if this value is an `Err`, it will panic
    = help: for further information visit https://rust-lang.github.io/rust-clippy/rust-1.97.0/index.html#unwrap_used

error: used `unwrap()` on a `Result` value
   --> crates/zor/src/tasks/lifecycle.rs:454:9
    |
454 |         journal.validate().unwrap();
    |         ^^^^^^^^^^^^^^^^^^^^^^^^^^^
    |
    = note: if this value is an `Err`, it will panic
    = help: for further information visit https://rust-lang.github.io/rust-clippy/rust-1.97.0/index.html#unwrap_used

error: indexing may panic
   --> crates/zor/src/tasks/lifecycle.rs:455:20
    |
455 |         assert_eq!(journal.launches["task"].phase, LaunchPhase::Closed);
    |                    ^^^^^^^^^^^^^^^^^^^^^^^^
    |
    = help: consider using `.get(n)` or `.get_mut(n)` instead
    = help: for further information visit https://rust-lang.github.io/rust-clippy/rust-1.97.0/index.html#indexing_slicing
    = note: requested on the command line with `-D clippy::indexing-slicing`

error: indexing may panic
   --> crates/zor/src/tasks/lifecycle.rs:456:20
    |
456 |         assert_eq!(journal.attempts["attempt"].state, AttemptState::Finished);
    |                    ^^^^^^^^^^^^^^^^^^^^^^^^^^^
    |
    = help: consider using `.get(n)` or `.get_mut(n)` instead
    = help: for further information visit https://rust-lang.github.io/rust-clippy/rust-1.97.0/index.html#indexing_slicing

error: used `unwrap()` on a `Result` value
   --> crates/zor/src/tasks/lifecycle.rs:457:20
    |
457 |         assert_eq!(serde_json::to_value(&journal.sessions).unwrap(), sessions);
    |                    ^^^^^^^^^^^^^^^^^^^^^^^^^^^^^^^^^^^^^^^^^^^^^^^^
    |
    = note: if this value is an `Err`, it will panic
    = help: for further information visit https://rust-lang.github.io/rust-clippy/rust-1.97.0/index.html#unwrap_used

error: used `unwrap()` on a `Result` value
   --> crates/zor/src/tasks/lifecycle.rs:458:20
    |
458 |         assert_eq!(serde_json::to_value(&journal.tasks).unwrap(), tasks);
    |                    ^^^^^^^^^^^^^^^^^^^^^^^^^^^^^^^^^^^^^^^^^^^^^
    |
    = note: if this value is an `Err`, it will panic
    = help: for further information visit https://rust-lang.github.io/rust-clippy/rust-1.97.0/index.html#unwrap_used

error: used `unwrap()` on a `Result` value
   --> crates/zor/src/tasks/lifecycle.rs:459:22
    |
459 |         let closed = serde_json::to_value(&journal).unwrap();
    |                      ^^^^^^^^^^^^^^^^^^^^^^^^^^^^^^^^^^^^^^^
    |
    = note: if this value is an `Err`, it will panic
    = help: for further information visit https://rust-lang.github.io/rust-clippy/rust-1.97.0/index.html#unwrap_used

error: used `unwrap()` on an `Option` value
   --> crates/zor/src/tasks/lifecycle.rs:465:9
    |
465 | /         journal
466 | |             .launches
467 | |             .get_mut("task")
468 | |             .unwrap()
    | |_____________________^
    |
    = note: if this value is `None`, it will panic
    = help: for further information visit https://rust-lang.github.io/rust-clippy/rust-1.97.0/index.html#unwrap_used

error: used `unwrap()` on a `Result` value
   --> crates/zor/src/tasks/lifecycle.rs:470:20
    |
470 |         assert_eq!(serde_json::to_value(&journal).unwrap(), closed);
    |                    ^^^^^^^^^^^^^^^^^^^^^^^^^^^^^^^^^^^^^^^
    |
    = note: if this value is an `Err`, it will panic
    = help: for further information visit https://rust-lang.github.io/rust-clippy/rust-1.97.0/index.html#unwrap_used

error: used `unwrap()` on an `Option` value
   --> crates/zor/src/tasks/lifecycle.rs:478:22
    |
478 |                 0 => journal.sessions.get_mut("session").unwrap().ownership = Ownership::Adopted,
    |                      ^^^^^^^^^^^^^^^^^^^^^^^^^^^^^^^^^^^^^^^^^^^^
    |
    = note: if this value is `None`, it will panic
    = help: for further information visit https://rust-lang.github.io/rust-clippy/rust-1.97.0/index.html#unwrap_used

error: used `unwrap()` on an `Option` value
   --> crates/zor/src/tasks/lifecycle.rs:480:21
    |
480 |                     journal.sessions.get_mut("session").unwrap().target.instance =
    |                     ^^^^^^^^^^^^^^^^^^^^^^^^^^^^^^^^^^^^^^^^^^^^
    |
    = note: if this value is `None`, it will panic
    = help: for further information visit https://rust-lang.github.io/rust-clippy/rust-1.97.0/index.html#unwrap_used

error: used `unwrap()` on an `Option` value
   --> crates/zor/src/tasks/lifecycle.rs:483:22
    |
483 |                 2 => journal.tasks.get_mut("task").unwrap().attempt = "other".into(),
    |                      ^^^^^^^^^^^^^^^^^^^^^^^^^^^^^^^^^^^^^^
    |
    = note: if this value is `None`, it will panic
    = help: for further information visit https://rust-lang.github.io/rust-clippy/rust-1.97.0/index.html#unwrap_used

error: used `unwrap()` on an `Option` value
   --> crates/zor/src/tasks/lifecycle.rs:484:22
    |
484 |                 3 => journal.attempts.get_mut("attempt").unwrap().task = "other".into(),
    |                      ^^^^^^^^^^^^^^^^^^^^^^^^^^^^^^^^^^^^^^^^^^^^
    |
    = note: if this value is `None`, it will panic
    = help: for further information visit https://rust-lang.github.io/rust-clippy/rust-1.97.0/index.html#unwrap_used

error: used `unwrap()` on an `Option` value
   --> crates/zor/src/tasks/lifecycle.rs:485:22
    |
485 |                 _ => journal.sessions.get_mut("session").unwrap().target.pane = 2,
    |                      ^^^^^^^^^^^^^^^^^^^^^^^^^^^^^^^^^^^^^^^^^^^^
    |
    = note: if this value is `None`, it will panic
    = help: for further information visit https://rust-lang.github.io/rust-clippy/rust-1.97.0/index.html#unwrap_used

error: used `unwrap()` on a `Result` value
   --> crates/zor/src/tasks/lifecycle.rs:487:26
    |
487 |             let before = serde_json::to_value(&journal).unwrap();
    |                          ^^^^^^^^^^^^^^^^^^^^^^^^^^^^^^^^^^^^^^^
    |
    = note: if this value is an `Err`, it will panic
    = help: for further information visit https://rust-lang.github.io/rust-clippy/rust-1.97.0/index.html#unwrap_used

error: used `unwrap()` on a `Result` value
   --> crates/zor/src/tasks/lifecycle.rs:497:24
    |
497 |             assert_eq!(serde_json::to_value(&journal).unwrap(), before);
    |                        ^^^^^^^^^^^^^^^^^^^^^^^^^^^^^^^^^^^^^^^
    |
    = note: if this value is an `Err`, it will panic
    = help: for further information visit https://rust-lang.github.io/rust-clippy/rust-1.97.0/index.html#unwrap_used

error: used `unwrap()` on a `Result` value
   --> crates/zor/src/tasks/lifecycle.rs:505:13
    |
505 | /             journal
506 | |                 .observe_attached(
507 | |                     "task",
508 | |                     "attempt",
...   |
514 | |                 .unwrap();
    | |_________________________^
    |
    = note: if this value is an `Err`, it will panic
    = help: for further information visit https://rust-lang.github.io/rust-clippy/rust-1.97.0/index.html#unwrap_used

error: indexing may panic
   --> crates/zor/src/tasks/lifecycle.rs:515:24
    |
515 |             assert_eq!(journal.attempts["attempt"].state, AttemptState::Lost);
    |                        ^^^^^^^^^^^^^^^^^^^^^^^^^^^
    |
    = help: consider using `.get(n)` or `.get_mut(n)` instead
    = help: for further information visit https://rust-lang.github.io/rust-clippy/rust-1.97.0/index.html#indexing_slicing

error: used `unwrap()` on a `Result` value
   --> crates/zor/src/tasks/lifecycle.rs:517:9
    |
517 | /         journal
518 | |             .observe_attached("task", "attempt", AttachedObservation::Live)
519 | |             .unwrap();
    | |_____________________^
    |
    = note: if this value is an `Err`, it will panic
    = help: for further information visit https://rust-lang.github.io/rust-clippy/rust-1.97.0/index.html#unwrap_used

error: indexing may panic
   --> crates/zor/src/tasks/lifecycle.rs:520:20
    |
520 |         assert_eq!(journal.attempts["attempt"].state, AttemptState::Active);
    |                    ^^^^^^^^^^^^^^^^^^^^^^^^^^^
    |
    = help: consider using `.get(n)` or `.get_mut(n)` instead
    = help: for further information visit https://rust-lang.github.io/rust-clippy/rust-1.97.0/index.html#indexing_slicing

error: used `unwrap()` on an `Option` value
   --> crates/zor/src/tasks/lifecycle.rs:521:9
    |
521 |         journal.attempts.get_mut("attempt").unwrap().state = AttemptState::NeedsInput;
    |         ^^^^^^^^^^^^^^^^^^^^^^^^^^^^^^^^^^^^^^^^^^^^
    |
    = note: if this value is `None`, it will panic
    = help: for further information visit https://rust-lang.github.io/rust-clippy/rust-1.97.0/index.html#unwrap_used

error: used `unwrap()` on a `Result` value
   --> crates/zor/src/tasks/lifecycle.rs:522:9
    |
522 | /         journal
523 | |             .observe_attached("task", "attempt", AttachedObservation::Live)
524 | |             .unwrap();
    | |_____________________^
    |
    = note: if this value is an `Err`, it will panic
    = help: for further information visit https://rust-lang.github.io/rust-clippy/rust-1.97.0/index.html#unwrap_used

error: indexing may panic
   --> crates/zor/src/tasks/lifecycle.rs:525:20
    |
525 |         assert_eq!(journal.attempts["attempt"].state, AttemptState::NeedsInput);
    |                    ^^^^^^^^^^^^^^^^^^^^^^^^^^^
    |
    = help: consider using `.get(n)` or `.get_mut(n)` instead
    = help: for further information visit https://rust-lang.github.io/rust-clippy/rust-1.97.0/index.html#indexing_slicing

error: could not compile `zor` (lib test) due to 46 previous errors
