   Compiling proc-macro2 v1.0.107
   Compiling quote v1.0.47
   Compiling libc v0.2.189
   Compiling unicode-ident v1.0.24
    Checking cfg-if v1.0.4
   Compiling autocfg v1.5.1
    Checking bitflags v2.13.1
   Compiling version_check v0.9.5
   Compiling serde_core v1.0.228
    Checking memchr v2.8.3
   Compiling cfg_aliases v0.2.2
   Compiling heck v0.5.0
    Checking once_cell v1.21.4
   Compiling nix v0.30.1
   Compiling cfg_aliases v0.1.1
   Compiling thiserror v1.0.69
   Compiling rustix v1.1.4
   Compiling memoffset v0.9.1
    Checking utf8parse v0.2.2
    Checking log v0.4.34
    Checking itoa v1.0.18
   Compiling nix v0.28.0
    Checking anstyle-parse v1.0.0
    Checking anstyle v1.0.14
    Checking arrayvec v0.7.8
    Checking unicode-width v0.2.2
    Checking colorchoice v1.0.5
    Checking anstyle-query v1.1.5
    Checking is_terminal_polyfill v1.70.2
   Compiling signal-hook v0.3.18
   Compiling getrandom v0.3.4
   Compiling anyhow v1.0.104
   Compiling zmij v1.0.23
   Compiling serde v1.0.228
    Checking clap_lex v1.1.0
    Checking winnow v1.0.4
    Checking anstream v1.0.0
   Compiling serde_json v1.0.151
    Checking strsim v0.11.1
    Checking toml_parser v1.1.3+spec-1.1.0
    Checking errno v0.3.14
    Checking serial2 v0.2.38
    Checking signal-hook-registry v1.4.8
    Checking vte v0.15.0
    Checking clap_builder v4.6.6
    Checking shell-words v1.1.1
    Checking regex-syntax v0.8.11
   Compiling zerocopy v0.8.56
    Checking toml_writer v1.1.2+spec-1.1.0
    Checking equivalent v1.0.2
   Compiling getrandom v0.4.3
    Checking winnow v0.7.15
    Checking downcast-rs v1.2.1
    Checking vt100 v0.16.2
    Checking rand_core v0.9.5
    Checking foldhash v0.2.0
    Checking allocator-api2 v0.2.21
    Checking local-ipc v0.2.0 (/Users/kisaczka/Desktop/code/fux/crates/local-ipc)
   Compiling num-traits v0.2.19
    Checking fastrand v2.5.0
    Checking hashbrown v0.16.1
    Checking wait-timeout v0.2.1
   Compiling crossbeam-utils v0.8.23
   Compiling hashbrown v0.17.1
   Compiling syn v2.0.119
   Compiling syn v3.0.4
    Checking bit-vec v0.8.0
    Checking fnv v1.0.7
    Checking quick-error v1.2.3
   Compiling indexmap v2.14.1
    Checking bit-set v0.8.0
    Checking rand v0.9.5
    Checking rand_xorshift v0.4.0
    Checking smallvec v1.16.0
    Checking unarray v0.1.4
   Compiling thiserror v2.0.20
    Checking pin-project-lite v0.2.17
   Compiling unicode-segmentation v1.13.3
   Compiling rustversion v1.0.23
   Compiling toml_datetime v1.1.1+spec-1.1.0
   Compiling convert_case v0.10.0
   Compiling toml_edit v0.25.13+spec-1.1.0
    Checking spin v0.10.1
   Compiling parking_lot_core v0.9.12
   Compiling unicode-xid v0.2.6
    Checking bevy_platform v0.19.1
    Checking tracing-core v0.1.36
    Checking tempfile v3.27.0
   Compiling slotmap v1.1.1
   Compiling generic-array v0.14.7
    Checking thread_local v1.1.10
    Checking futures-core v0.3.34
    Checking scopeguard v1.2.0
    Checking either v1.18.0
    Checking futures-lite v2.6.1
    Checking rusty-fork v0.3.1
    Checking serde_spanned v1.1.1
    Checking toml_datetime v0.7.5+spec-1.1.0
    Checking castaway v0.2.4
    Checking itertools v0.14.0
    Checking lock_api v0.4.14
    Checking crossbeam-queue v0.3.14
    Checking toml v0.9.12+spec-1.1.0
    Checking disqualified v1.0.0
    Checking atomic-waker v1.1.2
    Checking lazy_static v1.5.0
    Checking ryu v1.0.23
    Checking static_assertions v1.1.0
    Checking async-task v4.7.1
    Checking typenum v1.20.1
    Checking parking_lot v0.12.5
    Checking sharded-slab v0.1.7
    Checking compact_str v0.9.1
    Checking bevy_utils v0.19.1
    Checking tracing-log v0.2.0
    Checking concurrent-queue v2.5.0
    Checking lru v0.16.4
    Checking socket2 v0.6.5
    Checking mio v1.2.3
    Checking nu-ansi-term v0.50.3
    Checking bevy_ptr v0.19.1
   Compiling indoc v2.0.7
    Checking bumpalo v3.20.3
    Checking bytes v1.12.1
    Checking nonmax v0.5.5
    Checking fixedbitset v0.5.7
    Checking tracing-subscriber v0.3.23
    Checking termina v0.3.3
    Checking base64 v0.22.1
    Checking crypto-common v0.1.7
    Checking block-buffer v0.10.4
    Checking cpufeatures v0.2.17
    Checking aho-corasick v1.1.5
    Checking digest v0.10.7
    Checking sha1 v0.10.7
    Checking sha2 v0.10.9
    Checking regex-automata v0.4.18
    Checking unicode-truncate v2.0.1
    Checking regex v1.13.1
   Compiling clap_derive v4.6.4
   Compiling thiserror-impl v2.0.20
   Compiling tokio-macros v2.7.2
    Checking tokio v1.53.1
    Checking ppv-lite86 v0.2.21
    Checking rand_chacha v0.9.0
   Compiling bevy_macro_utils v0.19.1
   Compiling thiserror-impl v1.0.69
   Compiling serde_derive v1.0.228
   Compiling derive_more-impl v2.1.1
   Compiling strum_macros v0.27.2
   Compiling tracing-attributes v0.1.31
   Compiling variadics_please v1.1.0
    Checking kasuari v0.4.12
    Checking proptest v1.11.0
    Checking clap v4.6.6
   Compiling bevy_ecs_macro_logic v0.19.1
   Compiling bevy_ecs_macros v0.19.1
    Checking tracing v0.1.44
    Checking filedescriptor v0.8.3
    Checking portable-pty v0.9.0
    Checking strum v0.27.2
    Checking ratatui-core v0.1.0
    Checking derive_more v2.1.1
    Checking bevy_tasks v0.19.1
    Checking bevy_ecs v0.19.1
    Checking zor v0.5.0 (/Users/kisaczka/Desktop/code/fux/crates/zor)
    Checking fux v0.10.0 (/Users/kisaczka/Desktop/code/fux/crates/fux)
    Finished `dev` profile [unoptimized + debuginfo] target(s) in 13.91s
