   Compiling proc-macro2 v1.0.107
   Compiling quote v1.0.47
   Compiling unicode-ident v1.0.24
   Compiling libc v0.2.189
   Compiling cfg-if v1.0.4
   Compiling equivalent v1.0.2
   Compiling bitflags v2.13.1
   Compiling autocfg v1.5.1
   Compiling allocator-api2 v0.2.21
   Compiling foldhash v0.2.0
   Compiling hashbrown v0.17.1
   Compiling serde_core v1.0.228
   Compiling once_cell v1.21.4
   Compiling unicode-segmentation v1.13.3
   Compiling rustix v1.1.4
   Compiling crossbeam-utils v0.8.23
   Compiling winnow v1.0.4
   Compiling hashbrown v0.16.1
   Compiling rustversion v1.0.23
   Compiling thiserror v2.0.20
   Compiling indexmap v2.14.1
   Compiling toml_datetime v1.1.1+spec-1.1.0
   Compiling getrandom v0.3.4
   Compiling heck v0.5.0
   Compiling pin-project-lite v0.2.17
   Compiling smallvec v1.16.0
   Compiling errno v0.3.14
   Compiling convert_case v0.10.0
   Compiling toml_parser v1.1.3+spec-1.1.0
   Compiling memoffset v0.9.1
   Compiling cfg_aliases v0.1.1
   Compiling unicode-xid v0.2.6
   Compiling thiserror v1.0.69
   Compiling cfg_aliases v0.2.2
   Compiling parking_lot_core v0.9.12
   Compiling version_check v0.9.5
   Compiling log v0.4.34
   Compiling itoa v1.0.18
   Compiling spin v0.10.1
   Compiling syn v2.0.119
   Compiling syn v3.0.4
   Compiling toml_edit v0.25.13+spec-1.1.0
   Compiling utf8parse v0.2.2
   Compiling nix v0.28.0
   Compiling signal-hook-registry v1.4.8
   Compiling nix v0.30.1
   Compiling slotmap v1.1.1
   Compiling tracing-core v0.1.36
   Compiling bevy_platform v0.19.1
   Compiling thread_local v1.1.10
   Compiling anstyle-parse v1.0.0
   Compiling zmij v1.0.23
   Compiling futures-core v0.3.34
   Compiling thiserror-impl v1.0.69
   Compiling thiserror-impl v2.0.20
   Compiling derive_more-impl v2.1.1
   Compiling bevy_macro_utils v0.19.1
   Compiling unicode-width v0.2.2
   Compiling arrayvec v0.7.8
   Compiling anstyle-query v1.1.5
   Compiling either v1.18.0
   Compiling scopeguard v1.2.0
   Compiling getrandom v0.4.3
   Compiling zerocopy v0.8.56
   Compiling colorchoice v1.0.5
   Compiling memchr v2.8.3
   Compiling anyhow v1.0.104
   Compiling signal-hook v0.3.18
   Compiling is_terminal_polyfill v1.70.2
   Compiling anstyle v1.0.14
   Compiling derive_more v2.1.1
   Compiling bevy_ecs_macro_logic v0.19.1
   Compiling itertools v0.14.0
   Compiling futures-lite v2.6.1
   Compiling lock_api v0.4.14
   Compiling rand_core v0.9.5
   Compiling castaway v0.2.4
error: extern location for syn does not exist: /Users/kisaczka/Desktop/code/fux/target/debug/deps/libsyn-0f838c5481441217.rmeta
 --> /Users/kisaczka/.cargo/registry/src/index.crates.io-1949cf8c6b5b557f/bevy_ecs_macro_logic-0.19.1/src/component.rs:5:5
  |
5 | use syn::{
  |     ^^^

error: could not compile `bevy_ecs_macro_logic` (lib) due to 1 previous error
warning: build failed, waiting for other jobs to finish...
