    Blocking waiting for file lock on package cache
    Blocking waiting for file lock on package cache
   Compiling proc-macro2 v1.0.107
   Compiling unicode-ident v1.0.24
   Compiling quote v1.0.47
   Compiling libc v0.2.189
   Compiling cfg-if v1.0.4
   Compiling equivalent v1.0.2
   Compiling allocator-api2 v0.2.21
   Compiling bitflags v2.13.1
   Compiling foldhash v0.2.0
   Compiling serde_core v1.0.228
   Compiling winnow v1.0.4
   Compiling hashbrown v0.17.1
   Compiling crossbeam-utils v0.8.23
   Compiling thiserror v2.0.20
   Compiling pin-project-lite v0.2.17
   Compiling smallvec v1.16.0
   Compiling rustversion v1.0.23
   Compiling heck v0.5.0
   Compiling autocfg v1.5.1
   Compiling unicode-segmentation v1.13.3
   Compiling toml_datetime v1.1.1+spec-1.1.0
   Compiling hashbrown v0.16.1
   Compiling indexmap v2.14.1
   Compiling itoa v1.0.18
   Compiling utf8parse v0.2.2
   Compiling memoffset v0.9.1
   Compiling parking_lot_core v0.9.12
   Compiling once_cell v1.21.4
   Compiling unicode-xid v0.2.6
   Compiling convert_case v0.10.0
   Compiling cfg_aliases v0.2.2
   Compiling toml_parser v1.1.3+spec-1.1.0
   Compiling version_check v0.9.5
   Compiling log v0.4.34
   Compiling thiserror v1.0.69
   Compiling spin v0.10.1
   Compiling cfg_aliases v0.1.1
   Compiling nix v0.30.1
   Compiling tracing-core v0.1.36
   Compiling anstyle-parse v1.0.0
   Compiling bevy_platform v0.19.1
   Compiling nix v0.28.0
   Compiling errno v0.3.14
   Compiling thread_local v1.1.10
   Compiling slotmap v1.1.1
   Compiling zmij v1.0.23
   Compiling anstyle v1.0.14
   Compiling memchr v2.8.3
   Compiling colorchoice v1.0.5
   Compiling anstyle-query v1.1.5
   Compiling signal-hook v0.3.18
   Compiling signal-hook-registry v1.4.8
   Compiling either v1.18.0
   Compiling toml_edit v0.25.13+spec-1.1.0
   Compiling unicode-width v0.2.2
   Compiling rustix v1.1.4
   Compiling is_terminal_polyfill v1.70.2
   Compiling scopeguard v1.2.0
   Compiling anyhow v1.0.104
   Compiling arrayvec v0.7.8
   Compiling futures-core v0.3.34
   Compiling syn v2.0.119
   Compiling syn v3.0.4
   Compiling lock_api v0.4.14
   Compiling anstream v1.0.0
   Compiling itertools v0.14.0
   Compiling castaway v0.2.4
   Compiling futures-lite v2.6.1
   Compiling crossbeam-queue v0.3.14
   Compiling static_assertions v1.1.0
   Compiling serde_json v1.0.151
   Compiling serde v1.0.228
   Compiling atomic-waker v1.1.2
   Compiling disqualified v1.0.0
   Compiling ryu v1.0.23
   Compiling lazy_static v1.5.0
   Compiling clap_lex v1.1.0
   Compiling async-task v4.7.1
   Compiling strsim v0.11.1
   Compiling parking_lot v0.12.5
   Compiling bevy_utils v0.19.1
   Compiling sharded-slab v0.1.7
   Compiling compact_str v0.9.1
   Compiling toml_datetime v0.7.5+spec-1.1.0
   Compiling serde_spanned v1.1.1
   Compiling unicode-truncate v2.0.1
   Compiling clap_builder v4.6.6
   Compiling thiserror-impl v2.0.20
   Compiling tokio-macros v2.7.2
   Compiling clap_derive v4.6.4
   Compiling vte v0.15.0
   Compiling tracing-log v0.2.0
   Compiling serial2 v0.2.38
   Compiling mio v1.2.3
   Compiling thiserror-impl v1.0.69
   Compiling derive_more-impl v2.1.1
   Compiling bevy_macro_utils v0.19.1
   Compiling strum_macros v0.27.2
   Compiling serde_derive v1.0.228
   Compiling tracing-attributes v0.1.31
   Compiling variadics_please v1.1.0
   Compiling kasuari v0.4.12
   Compiling filedescriptor v0.8.3
   Compiling socket2 v0.6.5
   Compiling bevy_ecs_macro_logic v0.19.1
   Compiling lru v0.16.4
   Compiling concurrent-queue v2.5.0
   Compiling downcast-rs v1.2.1
   Compiling bytes v1.12.1
   Compiling bevy_ptr v0.19.1
   Compiling strum v0.27.2
   Compiling nu-ansi-term v0.50.3
   Compiling indoc v2.0.7
   Compiling shell-words v1.1.1
   Compiling toml_writer v1.1.2+spec-1.1.0
   Compiling bevy_ecs_macros v0.19.1
   Compiling nonmax v0.5.5
   Compiling bumpalo v3.20.3
   Compiling winnow v0.7.15
   Compiling fixedbitset v0.5.7
   Compiling derive_more v2.1.1
   Compiling portable-pty v0.9.0
   Compiling ratatui-core v0.1.0
   Compiling tracing-subscriber v0.3.23
   Compiling termina v0.3.3
   Compiling bevy_tasks v0.19.1
   Compiling tokio v1.53.1
   Compiling tracing v0.1.44
   Compiling local-ipc v0.2.0 (/Users/kisaczka/Desktop/code/fux/crates/local-ipc)
   Compiling vt100 v0.16.2
   Compiling toml v0.9.12+spec-1.1.0
   Compiling clap v4.6.6
   Compiling base64 v0.22.1
   Compiling bevy_ecs v0.19.1
   Compiling fux v0.10.0 (/Users/kisaczka/Desktop/code/fux/crates/fux)
    Finished `release` profile [optimized] target(s) in 51.36s
   Compiling typenum v1.20.1
   Compiling bitflags v2.13.1
   Compiling generic-array v0.14.7
   Compiling nix v0.30.1
   Compiling nix v0.28.0
   Compiling syn v2.0.119
   Compiling cpufeatures v0.2.17
   Compiling aho-corasick v1.1.5
   Compiling regex-syntax v0.8.11
   Compiling log v0.4.34
   Compiling crypto-common v0.1.7
   Compiling block-buffer v0.10.4
   Compiling thiserror-impl v1.0.69
   Compiling serde_derive v1.0.228
   Compiling local-ipc v0.2.0 (/Users/kisaczka/Desktop/code/fux/crates/local-ipc)
   Compiling digest v0.10.7
   Compiling thiserror v1.0.69
   Compiling sha1 v0.10.7
   Compiling sha2 v0.10.9
   Compiling filedescriptor v0.8.3
   Compiling regex-automata v0.4.18
   Compiling portable-pty v0.9.0
   Compiling serde v1.0.228
   Compiling regex v1.13.1
   Compiling zor v0.5.0 (/Users/kisaczka/Desktop/code/fux/crates/zor)
    Finished `release` profile [optimized] target(s) in 23.26s
