   Compiling fux v0.10.0 (/Users/kisaczka/Desktop/code/fux/crates/fux)
    Finished `test` profile [unoptimized + debuginfo] target(s) in 22.72s
     Running tests/agent_boundary.rs (/tmp/fux-codebase-work/build/debug/deps/agent_boundary-33cfb3ae3792f243)

running 3 tests
test agent_osc_reports_have_no_semantic_effect_on_the_multiplexer ... ok
test boundary_detects_semantics_and_generic_disguised_model_additions ... ok
test multiplexer_declarations_match_the_reviewed_boundary ... ok

test result: ok. 3 passed; 0 failed; 0 ignored; 0 measured; 0 filtered out; finished in 2.11s

     Running tests/fixtures.rs (/tmp/fux-codebase-work/build/debug/deps/fixtures-2d5e963af1d89776)

running 3 tests
test info_fixture_carries_the_retention_ceilings_and_zor_reads_the_same_bytes ... ok
test every_protocol_fixture_round_trips_through_its_type ... ok
test zor_typed_operation_fixtures_match_the_producer_and_round_trip_exactly ... ok

test result: ok. 3 passed; 0 failed; 0 ignored; 0 measured; 0 filtered out; finished in 0.01s

     Running tests/protocol_consumers.rs (/tmp/fux-codebase-work/build/debug/deps/protocol_consumers-37063fcf6a48eef8)

running 4 tests
test kebab_case_matches_serde ... ok
test typed_consumer_wire_names_follow_serialization_rules ... ok
test every_protocol_item_has_a_consumer_that_still_reads_it ... ok
test every_protocol_item_is_in_the_fixture_and_the_fixture_names_only_live_items ... ok

test result: ok. 4 passed; 0 failed; 0 ignored; 0 measured; 0 filtered out; finished in 0.07s

