   Compiling getrandom v0.3.4
   Compiling rustix v1.1.4
   Compiling zerocopy v0.8.56
   Compiling getrandom v0.4.3
   Compiling num-traits v0.2.19
   Compiling once_cell v1.21.4
   Compiling fastrand v2.5.0
   Compiling wait-timeout v0.2.1
   Compiling bit-vec v0.8.0
   Compiling arrayvec v0.7.8
   Compiling quick-error v1.2.3
   Compiling fnv v1.0.7
   Compiling nix v0.30.1
   Compiling unarray v0.1.4
   Compiling portable-pty v0.9.0
   Compiling bit-set v0.8.0
   Compiling vte v0.15.0
   Compiling vt100 v0.16.2
   Compiling rand_core v0.9.5
   Compiling rand v0.9.5
   Compiling rand_xorshift v0.4.0
   Compiling tempfile v3.27.0
   Compiling rusty-fork v0.3.1
   Compiling ppv-lite86 v0.2.21
   Compiling rand_chacha v0.9.0
   Compiling proptest v1.11.0
   Compiling local-ipc v0.2.0 (/Users/kisaczka/Desktop/code/fux/crates/local-ipc)
   Compiling zor v0.5.0 (/Users/kisaczka/Desktop/code/fux/crates/zor)
    Finished `test` profile [unoptimized + debuginfo] target(s) in 9.05s
     Running unittests src/lib.rs (/tmp/fux-codebase-work/build/debug/deps/zor-0744bc31aa645b1a)

running 3 tests
test service::tests::freshness_includes_scan_and_queue_age_and_clears_stale_evidence ... ok
test service::tests::endpoint_lock_excludes_duplicate_and_refuses_unsafe_paths ... ok
test service::tests::concurrent_starter_waits_for_winner_socket_but_not_invalid_replies ... ok

test result: ok. 3 passed; 0 failed; 0 ignored; 0 measured; 120 filtered out; finished in 0.03s

