    Checking memchr v2.8.3
    Checking typenum v1.20.1
    Checking cfg-if v1.0.4
    Checking libc v0.2.189
    Checking bitflags v2.13.1
    Checking serde_core v1.0.229
    Checking winnow v1.0.4
    Checking regex-syntax v0.8.11
    Checking arrayvec v0.7.8
    Checking itoa v1.0.18
    Checking zmij v1.0.23
    Checking memoffset v0.9.1
    Checking powerfmt v0.2.0
    Checking toml_writer v1.1.2+spec-1.1.0
    Checking winnow v0.7.15
    Checking aho-corasick v1.1.5
    Checking fastrand v2.5.0
    Checking vte v0.15.0
    Checking generic-array v0.14.7
    Checking unicode-width v0.2.2
    Checking toml_parser v1.1.3+spec-1.1.0
    Checking once_cell v1.21.4
    Checking errno v0.3.14
    Checking cpufeatures v0.2.17
    Checking getrandom v0.4.3
    Checking num-conv v0.2.2
    Checking deranged v0.5.8
    Checking time-core v0.1.9
    Checking regex-automata v0.4.18
    Checking crypto-common v0.1.7
    Checking block-buffer v0.10.4
    Checking signal-hook-registry v1.4.8
    Checking rustix v1.1.4
    Checking vt100 v0.16.2
    Checking nix v0.30.1
    Checking anyhow v1.0.104
    Checking time v0.3.55
    Checking digest v0.10.7
    Checking signal-hook v0.3.18
    Checking regex v1.13.1
    Checking tempfile v3.27.0
    Checking sha2 v0.10.9
    Checking serde_spanned v1.1.1
    Checking toml_datetime v0.7.5+spec-1.1.0
    Checking serde_json v1.0.151
    Checking serde v1.0.229
    Checking toml v0.9.12+spec-1.1.0
    Checking fux-xtask v0.1.0 (/Users/kisaczka/Desktop/code/fux/tools/xtask)
    Finished `dev` profile [unoptimized + debuginfo] target(s) in 16.63s
