   Compiling proc-macro2 v1.0.107
   Compiling unicode-ident v1.0.24
   Compiling quote v1.0.47
   Compiling rustix v1.1.4
   Compiling nix v0.28.0
   Compiling syn v2.0.119
   Compiling syn v3.0.4
   Compiling thiserror-impl v2.0.20
   Compiling clap_derive v4.6.4
   Compiling tokio-macros v2.7.2
   Compiling termina v0.3.3
   Compiling tempfile v3.27.0
   Compiling bevy_macro_utils v0.19.1
   Compiling derive_more-impl v2.1.1
   Compiling thiserror-impl v1.0.69
   Compiling strum_macros v0.27.2
   Compiling serde_derive v1.0.228
   Compiling tracing-attributes v0.1.31
   Compiling variadics_please v1.1.0
   Compiling rusty-fork v0.3.1
   Compiling bevy_ecs_macro_logic v0.19.1
   Compiling proptest v1.11.0
   Compiling bevy_ecs_macros v0.19.1
   Compiling tokio v1.53.1
   Compiling thiserror v1.0.69
   Compiling thiserror v2.0.20
   Compiling tracing v0.1.44
   Compiling filedescriptor v0.8.3
   Compiling kasuari v0.4.12
   Compiling portable-pty v0.9.0
   Compiling clap v4.6.6
   Compiling strum v0.27.2
   Compiling ratatui-core v0.1.0
   Compiling derive_more v2.1.1
   Compiling serde v1.0.228
   Compiling bevy_tasks v0.19.1
   Compiling bevy_ecs v0.19.1
   Compiling fux v0.10.0 (/Users/kisaczka/Desktop/code/fux/crates/fux)
    Finished `test` profile [unoptimized + debuginfo] target(s) in 18.16s
     Running tests/fixtures.rs (/tmp/fux-codebase-work/build/debug/deps/fixtures-2d5e963af1d89776)

running 3 tests
test info_fixture_carries_the_retention_ceilings_and_zor_reads_the_same_bytes ... ok
test zor_typed_operation_fixtures_match_the_producer_and_round_trip_exactly ... ok
test every_protocol_fixture_round_trips_through_its_type ... ok

test result: ok. 3 passed; 0 failed; 0 ignored; 0 measured; 0 filtered out; finished in 0.00s

