{
  "binary": "/private/tmp/fux-codebase-work/release-candidate/release/fux",
  "results": [
    {
      "burst_bytes_first_viewer": 89543,
      "burst_s": 0.181,
      "burst_server_cpu_s": 0.064,
      "config": "24x80+24x80+24x80+24x80",
      "frame_byte_samples": [
        645.0,
        659.0,
        672.0,
        685.0,
        698.0,
        711.0,
        724.0,
        737.0,
        751.0,
        764.0,
        777.0,
        790.0,
        803.0,
        816.0,
        829.0,
        842.0,
        855.0,
        868.0,
        881.0,
        894.0,
        907.0,
        920.0,
        933.0,
        946.0,
        959.0,
        972.0,
        985.0,
        998.0,
        1011.0,
        1024.0,
        1037.0,
        1050.0,
        1063.0,
        1076.0,
        1089.0,
        1102.0,
        1115.0,
        1128.0,
        1141.0,
        1154.0,
        646.0,
        660.0,
        673.0,
        686.0,
        699.0,
        712.0,
        725.0,
        738.0,
        751.0,
        764.0,
        777.0,
        790.0,
        803.0,
        816.0,
        829.0,
        842.0,
        855.0,
        868.0,
        881.0,
        894.0,
        907.0,
        920.0,
        933.0,
        946.0,
        959.0,
        972.0,
        985.0,
        998.0,
        1011.0,
        1024.0,
        1037.0,
        1050.0,
        1063.0,
        1076.0,
        1089.0,
        1102.0,
        1115.0,
        1128.0,
        1141.0,
        1154.0,
        646.0,
        660.0,
        673.0,
        686.0,
        699.0,
        712.0,
        725.0,
        738.0,
        751.0,
        764.0,
        777.0,
        790.0,
        803.0,
        816.0,
        829.0,
        842.0,
        856.0,
        869.0,
        882.0,
        895.0
      ],
      "keystroke_bytes_max": 1154,
      "keystroke_bytes_median": 855,
      "keystroke_latency_median_ms": 0.28,
      "keystroke_latency_p95_ms": 0.55,
      "latency_samples_s": [
        0.002268958,
        0.000872042,
        0.000705875,
        0.000474375,
        0.000454917,
        0.000498459,
        0.000431625,
        0.000411083,
        0.000357333,
        0.000343917,
        0.000353416,
        0.000335583,
        0.000353917,
        0.000548458,
        0.000886,
        0.000489958,
        0.000477042,
        0.000450208,
        0.000415834,
        0.000424416,
        0.000428208,
        0.000397125,
        0.000359541,
        0.000343,
        0.0003355,
        0.00032225,
        0.000328291,
        0.0003305,
        0.000348541,
        0.0003275,
        0.000334583,
        0.000349,
        0.000358416,
        0.00074775,
        0.000385333,
        0.000362042,
        0.000374917,
        0.000377917,
        0.000375958,
        0.0003575,
        0.000257458,
        0.000259833,
        0.000263417,
        0.000263542,
        0.000264417,
        0.000264917,
        0.00026825,
        0.000245959,
        0.000242,
        0.000239625,
        0.000240125,
        0.000245458,
        0.000245333,
        0.000263209,
        0.000262292,
        0.000289542,
        0.000253,
        0.000258,
        0.000498,
        0.000275458,
        0.000266875,
        0.000281125,
        0.000272542,
        0.000288,
        0.000272334,
        0.000275084,
        0.000276667,
        0.000276208,
        0.000283333,
        0.000279125,
        0.000291375,
        0.000272333,
        0.000254542,
        0.000266542,
        0.000252708,
        0.000256083,
        0.000257333,
        0.000257,
        0.000261541,
        0.000270333,
        0.000193875,
        0.000196292,
        0.000197291,
        0.000197583,
        0.000197833,
        0.000200917,
        0.00020275,
        0.000207792,
        0.000379,
        0.000209833,
        0.000210667,
        0.000222,
        0.000220333,
        0.000219125,
        0.000221167,
        0.000232083,
        0.000224667,
        0.000227875,
        0.000233625,
        0.000232292
      ],
      "rss_after_kib": 35184,
      "server_cpu_s_per_1000_keystrokes": 0.151
    }
  ]
}
