   Compiling fux v0.10.0 (/Users/kisaczka/Desktop/code/fux/crates/fux)
    Finished `test` profile [unoptimized + debuginfo] target(s) in 3.37s
     Running tests/ecs.rs (/tmp/fux-multi-machine-build/debug/deps/ecs-6b7fe0723e91fde9)

running 84 tests
test a_workspace_whose_first_pane_exits_at_once_retires_with_its_status ... ok
test control_capture_cells_shares_text_coherence_and_carries_wide_and_styled_cells ... ok
test closing_last_tab_explicitly_retains_orphan_pane_before_manager_idle ... ok
test control_requests_and_mouse_hit_tests_respect_stale_generations ... ok
test control_capture_returns_coherent_metadata_and_separate_grid_sequence ... ok
test creation_pin_release_checks_process_identity_and_preserves_explicit_pins ... ok
test closed_tab_keeps_exit_evidence_then_releases_its_internal_identity ... ok
test archive_apply_restores_order_membership_and_selection_atomically ... ok
test event_replay_orders_typed_and_request_events_and_round_trips ... ok
test equal_sized_pane_swaps_publish_positions_without_resizing_terminals ... ok
test cross_tab_transfer_checks_both_layouts_and_keeps_other_panes ... ok
test archive_focus_fallback_uses_tree_order_not_serialized_node_order ... ok
test detach_applies_preceding_input_and_drops_the_suffix ... ok
test archive_labels_validate_all_tabs_before_commit_and_detect_concurrent_renames ... ok
test exact_attachment_closes_when_shared_zoom_hides_its_required_pane ... ok
test failed_creation_rolls_back_and_releases_the_barrier ... ok
test explicit_last_pane_kill_retains_final_identity_and_output ... ok
test final_evidence_survives_workspace_release_and_expires_explicitly ... ok
test a_viewer_leaving_in_its_arrival_step_is_released_and_the_limit_counts_the_batch ... ok
test final_record_retention_is_the_launchers_under_the_ceiling ... ok
test exact_initial_attachment_selects_only_its_viewer_and_rejects_stale_identity ... ok
test exit_arriving_with_or_before_the_spawn_completion_is_not_lost ... ok
test info_publishes_the_retention_ceilings ... ok
test history_views_are_private_and_clamped ... ok
test fresh_workspace_has_one_tab_and_pane_below_the_bar ... ok
test input_operations_deduplicate_and_report_actual_completion ... ok
test input_reservation_retention_is_the_callers_under_the_ceiling ... ok
test last_focus_observes_shared_zoom_and_preserves_workspace_socket_scope ... ok
test killing_a_workspace_with_a_pending_spawn_stops_the_late_process ... ok
test hidden_tab_layout_metadata_refreshes_other_viewers ... ok
test layout_edits_are_atomic_generation_checked_and_never_relaunch_panes ... ok
test layout_generation_changes_after_legacy_resize_and_viewer_area_change ... ok
test last_focus_is_private_toggles_across_workspaces_and_rejects_removed_targets ... ok
test input_receipt_capacity_and_partial_failure_are_explicit ... ok
test layout_import_remapping_is_complete_bijective_and_atomic ... ok
test layout_import_restores_remapped_zoom_atomically_and_noops_when_unchanged ... ok
test layout_labels_remap_restore_clear_and_reject_invalid_edits_atomically ... ok
test manager_catalog_is_ordered_read_only_and_distinguishes_recreated_workspaces ... ok
test manager_create_rejects_reserved_and_existing_names_without_borrowing ... ok
test metadata_only_output_is_coalesced_and_publishes_a_final_invalidation ... ok
test natural_exit_of_one_pane_closes_it_and_of_a_tab_moves_viewers ... ok
test output_eof_and_exit_keep_final_output_and_retire_the_workspace ... ok
test moving_last_pane_to_new_tab_keeps_receipts_process_and_viewer_valid ... ok
test limits_and_queue_overflow_are_enforced ... ok
test pane_location_is_read_only_and_rejects_wrong_server_missing_and_closed_panes ... ok
test manual_pane_labels_are_shared_bounded_and_independent_of_application_titles ... ok
test output_frames_are_paced_but_replies_are_not ... ok
test manager_layout_archive_is_ordered_complete_and_read_only ... ok
test pane_geometry_inspection_is_coherent_read_only_and_matches_focus ... ok
test output_sequences_are_reported_by_list_capture_and_paced_events ... ok
test recreated_workspace_rejects_old_stream_and_ignores_delayed_pane_output ... ok
test retirement_grace_expires_without_viewer_acknowledgement ... ok
test shutdown_terminates_everything_and_reports_idle ... ok
test server_incarnation_guards_reused_pane_ids_before_mutation_or_capture ... ok
test reservations_detect_intervening_input_and_receipts_expire_without_reusing_ids ... ok
test sparse_frame_catalog_tracks_mutations_and_resets_on_workspace_switch ... ok
test right_click_policy_updates_all_viewers_and_follows_the_live_pane ... ok
test split_carries_env_and_a_requested_headless_size_to_the_spawn ... ok
test pointer_resize_validates_separator_and_revision_before_changing_geometry ... ok
test tab_order_edits_preserve_focus_identity_and_reject_foreign_targets ... ok
test stale_targets_fail_without_hitting_replacements ... ok
test terminal_query_replies_do_not_invalidate_controller_input_reservations ... ok
test split_options_preserve_focus_input_and_zoom_and_apply_initial_ratio ... ok
test split_focus_and_following_input_reach_the_new_pane_only_after_creation ... ok
test split_options_focus_selects_hidden_tab_for_workspace_control_only ... ok
test transfer_creates_workspace_without_a_replacement_process_and_rolls_back_rejections ... ok
test viewer_requests_never_reach_other_workspaces ... ok
test viewers_keep_private_tabs_and_focus_while_sharing_layout_edits ... ok
test workspace_snapshot_changes_are_replayable_without_terminal_output ... ok
test workspace_display_labels_preserve_routes_and_restore_atomically ... ok
test workspace_move_preserves_delivered_input_sequence ... ok
test workspace_order_is_manager_scoped_and_missing_targets_leave_order_unchanged ... ok
test workspace_switch_sends_the_suffix_to_the_destination ... ok
test zoom_is_shared_preserves_tree_and_routes_every_viewers_input_to_visible_pane ... ok
test workspace_transfer_respects_fixed_routes_and_queued_input ... ok
test workspace_transfer_preserves_pane_and_rejects_old_route_receipts_even_after_return ... ok
test last_focus_tracks_batched_workspace_switches_and_respects_viewer_limits ... ok
test transfer_focus_respects_requester_scope_zoom_and_atomic_history ... ok
test transfer_ratio_keeps_target_share_on_every_side_and_rejects_before_mutation ... ok
test transfer_focus_and_following_keep_other_viewers_private_and_enforce_admission ... ok
test final_record_capacity_evicts_oldest_and_idle_waits_only_until_expiry ... ok
test forced_release_keeps_unknown_exit_and_final_captures_stay_bounded ... ok
test final_outcomes_distinguish_evicted_expired_and_unknown_within_bounded_rings ... ok
test randomized::invariants_survive_random_sequences_stale_ids_and_delayed_completions ... ok

test result: ok. 84 passed; 0 failed; 0 ignored; 0 measured; 0 filtered out; finished in 3.68s

