   Compiling fux v0.10.0 (/Users/kisaczka/Desktop/code/fux/crates/fux)
   Compiling zor v0.5.0 (/Users/kisaczka/Desktop/code/fux/crates/zor)
    Finished `test` profile [unoptimized + debuginfo] target(s) in 13.40s
     Running unittests src/lib.rs (/tmp/fux-codebase-work/build/debug/deps/fux-9a8fb8eced058b6b)
     Running unittests src/main.rs (/tmp/fux-codebase-work/build/debug/deps/fux-343160d6fc85a130)
     Running tests/agent_boundary.rs (/tmp/fux-codebase-work/build/debug/deps/agent_boundary-15ae7d17dada0d21)
     Running tests/automation_integration.rs (/tmp/fux-codebase-work/build/debug/deps/automation_integration-001799eb370cbfdc)
     Running tests/ecs.rs (/tmp/fux-codebase-work/build/debug/deps/ecs-dfc3f5879e3cf38e)
     Running tests/fixtures.rs (/tmp/fux-codebase-work/build/debug/deps/fixtures-3259b522c016656c)
     Running tests/local_cli.rs (/tmp/fux-codebase-work/build/debug/deps/local_cli-072878c97d8a8dda)
     Running tests/micro_timing.rs (/tmp/fux-codebase-work/build/debug/deps/micro_timing-9437564a71973a5d)
     Running tests/protocol_consumers.rs (/tmp/fux-codebase-work/build/debug/deps/protocol_consumers-50a6be15d2f0de00)
     Running tests/structure.rs (/tmp/fux-codebase-work/build/debug/deps/structure-131cf16e49eab9a3)
     Running unittests src/lib.rs (/tmp/fux-codebase-work/build/debug/deps/local_ipc-46ac55796617cbee)
     Running unittests src/lib.rs (/tmp/fux-codebase-work/build/debug/deps/zor-c7fe8bff02576f0f)
     Running unittests src/main.rs (/tmp/fux-codebase-work/build/debug/deps/zor-a83ac2dce1c29e16)
     Running tests/bundled_rules.rs (/tmp/fux-codebase-work/build/debug/deps/bundled_rules-c2960dc1d60cad27)
     Running tests/cli.rs (/tmp/fux-codebase-work/build/debug/deps/cli-4d43eff04109b71a)
     Running tests/osc.rs (/tmp/fux-codebase-work/build/debug/deps/osc-57b74a5fae28e96d)
     Running tests/wrap.rs (/tmp/fux-codebase-work/build/debug/deps/wrap-c4d023c6f5be9b0d)
   Doc-tests fux
