{
  "binary": "/private/tmp/fux-codebase-work/release-baseline/release/fux",
  "geometry": [
    60,
    200
  ],
  "measurement": "control request completion, not rendered latency",
  "results": [
    {
      "delta": 2000,
      "elapsed_s": 0.11650575,
      "operations": 200,
      "panes": 2,
      "preflight_dimension_changes": 200,
      "request_median_ms": 0.264459,
      "request_p95_ms": 0.359,
      "request_samples_ms": [
        0.4015,
        0.36579100000000003,
        0.412,
        0.40333399999999997,
        0.357,
        0.359,
        0.366708,
        0.3615,
        0.355583,
        0.357792,
        0.364833,
        0.356416,
        0.343125,
        0.3525,
        0.350667,
        0.3285,
        0.339583,
        0.39795899999999995,
        0.38499999999999995,
        0.335292,
        0.33799999999999997,
        0.33379200000000003,
        0.3415,
        0.339459,
        0.311583,
        0.312459,
        0.33016700000000004,
        0.317666,
        0.319667,
        0.31416700000000003,
        0.32195900000000005,
        0.31775,
        0.311292,
        0.31429100000000004,
        0.307,
        0.29270799999999997,
        0.29345899999999997,
        0.298333,
        0.311375,
        0.303792,
        0.307792,
        0.298167,
        0.308291,
        0.303709,
        0.300292,
        0.293375,
        0.300625,
        0.295667,
        0.285208,
        0.28025,
        0.29575,
        0.28391700000000003,
        0.282791,
        0.2775,
        0.28875,
        0.287167,
        0.294,
        0.28324999999999995,
        0.285375,
        0.28237500000000004,
        0.282209,
        0.278584,
        0.27149999999999996,
        0.272208,
        0.272334,
        0.279584,
        0.277375,
        0.270375,
        0.268667,
        0.270167,
        0.27816599999999997,
        0.270291,
        0.26804100000000003,
        0.27375,
        0.275417,
        0.282875,
        0.283167,
        0.277,
        0.268584,
        0.254416,
        0.266042,
        0.25670899999999996,
        0.273333,
        0.272709,
        0.276666,
        0.26379199999999997,
        0.275292,
        0.272833,
        0.271542,
        0.259417,
        0.264333,
        0.258917,
        0.274291,
        0.260042,
        0.264459,
        0.25866700000000004,
        0.25858400000000004,
        0.255792,
        0.258833,
        0.256958,
        0.253708,
        0.25333300000000003,
        0.26537499999999997,
        0.2475,
        0.242,
        0.24425,
        0.249417,
        0.243625,
        0.24641700000000002,
        0.25133300000000003,
        0.253834,
        0.25216700000000003,
        0.24933399999999997,
        0.244,
        0.253083,
        0.248833,
        0.25854099999999997,
        0.250375,
        0.26758400000000004,
        0.251125,
        0.257292,
        0.252166,
        0.281292,
        0.250834,
        0.256208,
        0.25675,
        0.25333300000000003,
        0.27995899999999996,
        0.264375,
        0.253,
        0.26245799999999997,
        0.2495,
        0.253167,
        0.252792,
        0.268291,
        0.24654199999999998,
        0.24912499999999999,
        0.251375,
        0.25591600000000003,
        0.251625,
        0.243625,
        0.28212499999999996,
        0.257708,
        0.239209,
        0.23879199999999998,
        0.255417,
        0.240333,
        0.25187499999999996,
        0.2495,
        0.26279199999999997,
        0.255292,
        0.251666,
        0.251042,
        0.239917,
        0.266625,
        0.23675000000000002,
        0.245208,
        0.252541,
        0.255708,
        0.25225,
        0.247083,
        0.260084,
        0.267375,
        0.242084,
        0.253542,
        0.241333,
        0.244917,
        0.238542,
        0.25516599999999995,
        0.256959,
        0.256666,
        0.25775,
        0.25145799999999996,
        0.247625,
        0.27349999999999997,
        0.241333,
        0.248584,
        0.234416,
        0.256833,
        0.24108300000000002,
        0.240583,
        0.24891600000000003,
        0.255375,
        0.232958,
        0.23900000000000002,
        0.25187499999999996,
        0.265416,
        0.241458,
        0.255083,
        0.25012500000000004,
        0.24933300000000003,
        0.256042,
        0.33820900000000004,
        0.256917,
        0.25325,
        0.257625,
        0.232875,
        0.25783300000000003,
        0.250208,
        0.27987500000000004
      ],
      "rss_kib": 11184,
      "server_cpu_s": 0.05247091666666667,
      "viewer_bytes": 900150
    },
    {
      "delta": 2000,
      "elapsed_s": 0.074738084,
      "operations": 200,
      "panes": 8,
      "preflight_dimension_changes": 200,
      "request_median_ms": 0.133167,
      "request_p95_ms": 0.197166,
      "request_samples_ms": [
        0.32066700000000004,
        0.257,
        0.18187499999999998,
        0.175041,
        0.134583,
        0.13983299999999999,
        0.173917,
        0.176083,
        0.178375,
        0.165792,
        0.176125,
        0.169292,
        0.132041,
        0.14741600000000002,
        0.16470800000000002,
        0.165667,
        0.218833,
        0.2165,
        0.152417,
        0.15070799999999998,
        0.126375,
        0.124041,
        0.157375,
        0.158959,
        0.15612499999999999,
        0.155209,
        0.16695800000000002,
        0.1555,
        0.11900000000000001,
        0.117542,
        0.149916,
        0.149708,
        0.205042,
        0.20149999999999998,
        0.1425,
        0.147625,
        0.131625,
        0.122125,
        0.153583,
        0.153,
        0.144125,
        0.142459,
        0.150167,
        0.146417,
        0.12441700000000001,
        0.142625,
        0.146791,
        0.149292,
        0.20866600000000002,
        0.201083,
        0.13875,
        0.148834,
        0.12362500000000001,
        0.120375,
        0.141125,
        0.14441700000000002,
        0.145833,
        0.15770800000000001,
        0.14533300000000002,
        0.152834,
        0.120208,
        0.11837500000000001,
        0.13924999999999998,
        0.145625,
        0.197166,
        0.19295900000000002,
        0.13875,
        0.135166,
        0.11529199999999999,
        0.11433399999999999,
        0.142792,
        0.142917,
        0.138541,
        0.138208,
        0.144208,
        0.13574999999999998,
        0.109625,
        0.122125,
        0.138375,
        0.136208,
        0.189541,
        0.1955,
        0.130583,
        0.139667,
        0.110041,
        0.112708,
        0.13733399999999998,
        0.134958,
        0.134083,
        0.132292,
        0.13783299999999998,
        0.13075,
        0.11666699999999999,
        0.105583,
        0.13037500000000002,
        0.129458,
        0.18170799999999998,
        0.185625,
        0.13279200000000002,
        0.130875,
        0.108292,
        0.10933399999999999,
        0.134292,
        0.13262500000000002,
        0.1295,
        0.12787500000000002,
        0.137584,
        0.132084,
        0.110458,
        0.11708400000000001,
        0.134208,
        0.13125,
        0.189708,
        0.179916,
        0.124709,
        0.130584,
        0.105417,
        0.10804200000000001,
        0.130667,
        0.13262500000000002,
        0.133375,
        0.128917,
        0.127459,
        0.12966599999999998,
        0.09849999999999999,
        0.10420800000000001,
        0.127792,
        0.128166,
        0.174,
        0.196667,
        0.12695800000000002,
        0.12625,
        0.1065,
        0.099583,
        0.12595900000000002,
        0.1275,
        0.119583,
        0.12000000000000001,
        0.12579200000000001,
        0.1275,
        0.097334,
        0.109291,
        0.133708,
        0.12475,
        0.17737499999999998,
        0.179125,
        0.12829200000000002,
        0.121958,
        0.100334,
        0.10124999999999999,
        0.12416599999999998,
        0.127417,
        0.12283300000000001,
        0.12262500000000001,
        0.13208299999999998,
        0.126792,
        0.108208,
        0.116625,
        0.148959,
        0.14475,
        0.18820800000000001,
        0.28029200000000004,
        0.169041,
        0.12704200000000002,
        0.106667,
        0.10450000000000001,
        0.12587500000000001,
        0.1295,
        0.13941699999999999,
        0.13774999999999998,
        0.131084,
        0.131666,
        0.107291,
        0.105209,
        0.146417,
        0.141542,
        0.195584,
        0.17216700000000001,
        0.117375,
        0.142791,
        0.10545800000000001,
        0.100792,
        0.13104100000000002,
        0.129917,
        0.12220800000000001,
        0.14091700000000001,
        0.12687500000000002,
        0.12704200000000002,
        0.102834,
        0.10212500000000001,
        0.124,
        0.133167,
        0.16941699999999998,
        0.16504200000000002,
        0.121625,
        0.119625,
        0.11462499999999999,
        0.09995799999999999,
        0.12275,
        0.128833
      ],
      "rss_kib": 12112,
      "server_cpu_s": 0.024112041666666667,
      "viewer_bytes": 678296
    },
    {
      "delta": 2000,
      "elapsed_s": 0.086330459,
      "operations": 200,
      "panes": 32,
      "preflight_dimension_changes": 200,
      "request_median_ms": 0.11900000000000001,
      "request_p95_ms": 0.231417,
      "request_samples_ms": [
        0.368917,
        0.34049999999999997,
        0.27775,
        0.249625,
        0.190167,
        0.188875,
        0.17149999999999999,
        0.173875,
        0.154166,
        0.15287499999999998,
        0.15116700000000002,
        0.14725,
        0.144792,
        0.141916,
        0.147708,
        0.13674999999999998,
        0.149083,
        0.12795800000000002,
        0.136541,
        0.13483399999999998,
        0.129583,
        0.134208,
        0.134,
        0.134125,
        0.12787500000000002,
        0.132084,
        0.12362500000000001,
        0.13316599999999998,
        0.125584,
        0.129208,
        0.13341699999999998,
        0.139583,
        0.132166,
        0.129416,
        0.148042,
        0.139708,
        0.125459,
        0.124,
        0.13574999999999998,
        0.13349999999999998,
        0.12904100000000002,
        0.12062500000000001,
        0.129375,
        0.12812500000000002,
        0.11745799999999999,
        0.117792,
        0.13229100000000002,
        0.137625,
        0.115167,
        0.12191700000000001,
        0.127,
        0.11870800000000001,
        0.111958,
        0.114167,
        0.12645800000000001,
        0.12029100000000001,
        0.110166,
        0.11900000000000001,
        0.121916,
        0.1145,
        0.110166,
        0.109042,
        0.122917,
        0.136,
        0.273209,
        0.2945,
        0.216042,
        0.20620799999999997,
        0.15612499999999999,
        0.15525,
        0.14225,
        0.146542,
        0.131334,
        0.12000000000000001,
        0.126916,
        0.12504099999999999,
        0.12025,
        0.11925,
        0.12387499999999999,
        0.11887500000000001,
        0.111792,
        0.109375,
        0.10375,
        0.10387500000000001,
        0.109167,
        0.102625,
        0.11433399999999999,
        0.10883300000000001,
        0.105666,
        0.099709,
        0.10387500000000001,
        0.107041,
        0.104917,
        0.10308300000000001,
        0.12579200000000001,
        0.119709,
        0.131667,
        0.118959,
        0.132708,
        0.121167,
        0.114417,
        0.107709,
        0.123125,
        0.120834,
        0.127667,
        0.108375,
        0.117042,
        0.112,
        0.09979099999999999,
        0.107333,
        0.11770800000000001,
        0.117958,
        0.112875,
        0.107417,
        0.11979100000000001,
        0.121667,
        0.108166,
        0.11124999999999999,
        0.112083,
        0.113375,
        0.105708,
        0.105666,
        0.112166,
        0.12045800000000001,
        0.106166,
        0.113208,
        0.119916,
        0.1255,
        0.26275000000000004,
        0.255458,
        0.207375,
        0.194167,
        0.150417,
        0.148834,
        0.133125,
        0.131292,
        0.11379099999999999,
        0.115709,
        0.114958,
        0.11075,
        0.107,
        0.12945900000000002,
        0.114791,
        0.103125,
        0.097291,
        0.096833,
        0.10008399999999999,
        0.094708,
        0.091792,
        0.093792,
        0.095333,
        0.10012499999999999,
        0.102042,
        0.093666,
        0.10145900000000001,
        0.101167,
        0.096667,
        0.10325000000000001,
        0.10883300000000001,
        0.11025,
        0.115041,
        0.106083,
        0.113833,
        0.106375,
        0.100375,
        0.099875,
        0.11220799999999999,
        0.109083,
        0.108542,
        0.09899999999999999,
        0.10641600000000001,
        0.102042,
        0.108667,
        0.09475,
        0.12670800000000002,
        0.115709,
        0.108208,
        0.107375,
        0.108875,
        0.11558299999999999,
        0.099541,
        0.099042,
        0.104916,
        0.10212500000000001,
        0.098959,
        0.101084,
        0.102333,
        0.10975,
        0.09691699999999999,
        0.096875,
        0.11366699999999999,
        0.118125,
        0.23291699999999999,
        0.231417,
        0.188625,
        0.190583,
        0.153875,
        0.14183300000000001,
        0.128916,
        0.12375
      ],
      "rss_kib": 16464,
      "server_cpu_s": 0.022406374999999992,
      "viewer_bytes": 879220
    }
  ]
}
