{
  "fux": "/private/tmp/fux-codebase-work/release-baseline/release/fux",
  "limits": "Recovery of a real pane after a controlled lost create reply. Elapsed includes CLI startup and 10 ms subprocess observation polling. Proxy accept wakes on socket readiness, with a 10 ms maximum cancellation-check interval. Child CPU measures reaped zor CLI user+system time including startup; server CPU and sampled RSS are separate and exclude descendants. Journal bytes are logical size, not physical writes; no fsync timing isolation.",
  "samples": [
    {
      "committed_attachment": true,
      "creates": 1,
      "idempotent_recovery_ms": 15.181958,
      "journal_bytes": 1648,
      "recovery_child_cpu_ms": 3.184,
      "recovery_ms": 27.057375,
      "retry_child_cpu_ms": 2.886,
      "retry_proxy_timings": [
        {
          "accepted_ms": 3.479458,
          "finished_ms": 3.809958,
          "operation": "pane-location",
          "requested_ms": 3.6176250000000003
        },
        {
          "accepted_ms": 3.870125,
          "finished_ms": 4.1197919999999995,
          "operation": "release-pane-pin",
          "requested_ms": 4.0169999999999995
        }
      ],
      "server_cpu_s": 0.0005090833333333319,
      "server_rss_kib": 7696
    },
    {
      "committed_attachment": true,
      "creates": 2,
      "idempotent_recovery_ms": 13.310042,
      "journal_bytes": 3136,
      "recovery_child_cpu_ms": 4.801,
      "recovery_ms": 28.806917000000002,
      "retry_child_cpu_ms": 3.996,
      "retry_proxy_timings": [
        {
          "accepted_ms": 4.3084999999999996,
          "finished_ms": 4.6705000000000005,
          "operation": "pane-location",
          "requested_ms": 4.495458
        },
        {
          "accepted_ms": 4.738208,
          "finished_ms": 5.064500000000001,
          "operation": "release-pane-pin",
          "requested_ms": 4.943333
        }
      ],
      "server_cpu_s": 0.000328083333333333,
      "server_rss_kib": 7952
    },
    {
      "committed_attachment": true,
      "creates": 3,
      "idempotent_recovery_ms": 15.572792,
      "journal_bytes": 4624,
      "recovery_child_cpu_ms": 2.989,
      "recovery_ms": 26.238667,
      "retry_child_cpu_ms": 2.791,
      "retry_proxy_timings": [
        {
          "accepted_ms": 3.005083,
          "finished_ms": 3.264042,
          "operation": "pane-location",
          "requested_ms": 3.124208
        },
        {
          "accepted_ms": 3.317583,
          "finished_ms": 3.555042,
          "operation": "release-pane-pin",
          "requested_ms": 3.4546669999999997
        }
      ],
      "server_cpu_s": 0.00021308333333332902,
      "server_rss_kib": 7952
    },
    {
      "committed_attachment": true,
      "creates": 4,
      "idempotent_recovery_ms": 15.775583999999998,
      "journal_bytes": 6112,
      "recovery_child_cpu_ms": 4.34,
      "recovery_ms": 26.669917,
      "retry_child_cpu_ms": 3.705,
      "retry_proxy_timings": [
        {
          "accepted_ms": 4.057667,
          "finished_ms": 4.366792,
          "operation": "pane-location",
          "requested_ms": 4.211709
        },
        {
          "accepted_ms": 4.422917,
          "finished_ms": 4.705125,
          "operation": "release-pane-pin",
          "requested_ms": 4.59325
        }
      ],
      "server_cpu_s": 0.00022887499999999644,
      "server_rss_kib": 7968
    },
    {
      "committed_attachment": true,
      "creates": 5,
      "idempotent_recovery_ms": 15.45675,
      "journal_bytes": 7600,
      "recovery_child_cpu_ms": 3.188,
      "recovery_ms": 26.998624999999997,
      "retry_child_cpu_ms": 2.913,
      "retry_proxy_timings": [
        {
          "accepted_ms": 3.2174579999999997,
          "finished_ms": 3.42975,
          "operation": "pane-location",
          "requested_ms": 3.3301670000000003
        },
        {
          "accepted_ms": 3.464708,
          "finished_ms": 3.640042,
          "operation": "release-pane-pin",
          "requested_ms": 3.57875
        }
      ],
      "server_cpu_s": 0.00019179166666666303,
      "server_rss_kib": 7984
    },
    {
      "committed_attachment": true,
      "creates": 6,
      "idempotent_recovery_ms": 15.169083,
      "journal_bytes": 9088,
      "recovery_child_cpu_ms": 4.041,
      "recovery_ms": 30.040292,
      "retry_child_cpu_ms": 3.153,
      "retry_proxy_timings": [
        {
          "accepted_ms": 3.45425,
          "finished_ms": 3.730083,
          "operation": "pane-location",
          "requested_ms": 3.593458
        },
        {
          "accepted_ms": 3.778208,
          "finished_ms": 4.042750000000001,
          "operation": "release-pane-pin",
          "requested_ms": 3.9328749999999997
        }
      ],
      "server_cpu_s": 0.00018583333333332952,
      "server_rss_kib": 8032
    },
    {
      "committed_attachment": true,
      "creates": 7,
      "idempotent_recovery_ms": 14.917,
      "journal_bytes": 10576,
      "recovery_child_cpu_ms": 4.621,
      "recovery_ms": 25.978333,
      "retry_child_cpu_ms": 3.978,
      "retry_proxy_timings": [
        {
          "accepted_ms": 4.242834,
          "finished_ms": 4.6295,
          "operation": "pane-location",
          "requested_ms": 4.419167
        },
        {
          "accepted_ms": 4.701084000000001,
          "finished_ms": 5.015709,
          "operation": "release-pane-pin",
          "requested_ms": 4.897417
        }
      ],
      "server_cpu_s": 0.00026466666666667693,
      "server_rss_kib": 8032
    },
    {
      "committed_attachment": true,
      "creates": 8,
      "idempotent_recovery_ms": 10.779917,
      "journal_bytes": 12064,
      "recovery_child_cpu_ms": 3.511,
      "recovery_ms": 28.945959000000002,
      "retry_child_cpu_ms": 2.787,
      "retry_proxy_timings": [
        {
          "accepted_ms": 3.001459,
          "finished_ms": 3.250375,
          "operation": "pane-location",
          "requested_ms": 3.1284590000000003
        },
        {
          "accepted_ms": 3.294042,
          "finished_ms": 3.5145,
          "operation": "release-pane-pin",
          "requested_ms": 3.434792
        }
      ],
      "server_cpu_s": 0.00018070833333332093,
      "server_rss_kib": 8048
    },
    {
      "committed_attachment": true,
      "creates": 9,
      "idempotent_recovery_ms": 14.2725,
      "journal_bytes": 13554,
      "recovery_child_cpu_ms": 4.682,
      "recovery_ms": 28.299958,
      "retry_child_cpu_ms": 4.019,
      "retry_proxy_timings": [
        {
          "accepted_ms": 4.313041,
          "finished_ms": 4.616958,
          "operation": "pane-location",
          "requested_ms": 4.466915999999999
        },
        {
          "accepted_ms": 4.6758750000000004,
          "finished_ms": 4.970040999999999,
          "operation": "release-pane-pin",
          "requested_ms": 4.84775
        }
      ],
      "server_cpu_s": 0.00024966666666666193,
      "server_rss_kib": 8064
    },
    {
      "committed_attachment": true,
      "creates": 10,
      "idempotent_recovery_ms": 15.520208,
      "journal_bytes": 15044,
      "recovery_child_cpu_ms": 3.019,
      "recovery_ms": 30.066084,
      "retry_child_cpu_ms": 2.685,
      "retry_proxy_timings": [
        {
          "accepted_ms": 2.908041,
          "finished_ms": 3.13,
          "operation": "pane-location",
          "requested_ms": 3.021916
        },
        {
          "accepted_ms": 3.1692500000000003,
          "finished_ms": 3.368583,
          "operation": "release-pane-pin",
          "requested_ms": 3.293875
        }
      ],
      "server_cpu_s": 0.00014554166666666535,
      "server_rss_kib": 8064
    },
    {
      "committed_attachment": true,
      "creates": 11,
      "idempotent_recovery_ms": 14.638666,
      "journal_bytes": 16540,
      "recovery_child_cpu_ms": 5.381,
      "recovery_ms": 22.072708,
      "retry_child_cpu_ms": 4.353,
      "retry_proxy_timings": [
        {
          "accepted_ms": 4.620208,
          "finished_ms": 4.992500000000001,
          "operation": "pane-location",
          "requested_ms": 4.8092500000000005
        },
        {
          "accepted_ms": 5.052291,
          "finished_ms": 5.38725,
          "operation": "release-pane-pin",
          "requested_ms": 5.257208
        }
      ],
      "server_cpu_s": 0.00032729166666667364,
      "server_rss_kib": 8080
    },
    {
      "committed_attachment": true,
      "creates": 12,
      "idempotent_recovery_ms": 12.5065,
      "journal_bytes": 18036,
      "recovery_child_cpu_ms": 4.267,
      "recovery_ms": 25.222292,
      "retry_child_cpu_ms": 3.672,
      "retry_proxy_timings": [
        {
          "accepted_ms": 4.003625,
          "finished_ms": 4.314166,
          "operation": "pane-location",
          "requested_ms": 4.159875
        },
        {
          "accepted_ms": 4.365082999999999,
          "finished_ms": 4.634625,
          "operation": "release-pane-pin",
          "requested_ms": 4.536375
        }
      ],
      "server_cpu_s": 0.0002391666666666653,
      "server_rss_kib": 8096
    }
  ],
  "zor": "/private/tmp/fux-codebase-work/release-baseline/release/zor"
}
