{
  "fux": "/private/tmp/fux-codebase-work/release-baseline/release/fux",
  "limits": "Recovery of a real pane after a controlled lost create reply. Elapsed includes CLI startup and 10 ms fixture proxy/subprocess polling. Child CPU measures reaped zor CLI user+system time including startup; server CPU and sampled RSS are separate and exclude descendants. Journal bytes are logical size, not physical writes; no fsync timing isolation.",
  "samples": [
    {
      "committed_attachment": true,
      "creates": 1,
      "idempotent_recovery_ms": 25.117375,
      "journal_bytes": 1648,
      "recovery_child_cpu_ms": 3.015,
      "recovery_ms": 39.872208,
      "retry_child_cpu_ms": 2.758,
      "server_cpu_s": 0.0004325000000000006,
      "server_rss_kib": 7776
    },
    {
      "committed_attachment": true,
      "creates": 2,
      "idempotent_recovery_ms": 25.082125,
      "journal_bytes": 3136,
      "recovery_child_cpu_ms": 5.775,
      "recovery_ms": 57.072083,
      "retry_child_cpu_ms": 5.503,
      "server_cpu_s": 0.0005816666666666678,
      "server_rss_kib": 8128
    },
    {
      "committed_attachment": true,
      "creates": 3,
      "idempotent_recovery_ms": 35.217834,
      "journal_bytes": 4624,
      "recovery_child_cpu_ms": 5.964,
      "recovery_ms": 68.244916,
      "retry_child_cpu_ms": 4.931,
      "server_cpu_s": 0.00043812499999999754,
      "server_rss_kib": 8304
    },
    {
      "committed_attachment": true,
      "creates": 4,
      "idempotent_recovery_ms": 30.708916,
      "journal_bytes": 6112,
      "recovery_child_cpu_ms": 3.68,
      "recovery_ms": 28.510167,
      "retry_child_cpu_ms": 3.17,
      "server_cpu_s": 0.00024162499999999532,
      "server_rss_kib": 8368
    },
    {
      "committed_attachment": true,
      "creates": 5,
      "idempotent_recovery_ms": 37.236458,
      "journal_bytes": 7600,
      "recovery_child_cpu_ms": 6.107,
      "recovery_ms": 50.543625,
      "retry_child_cpu_ms": 6.328,
      "server_cpu_s": 0.0005186666666666673,
      "server_rss_kib": 8368
    },
    {
      "committed_attachment": true,
      "creates": 6,
      "idempotent_recovery_ms": 36.085958,
      "journal_bytes": 9088,
      "recovery_child_cpu_ms": 4.509,
      "recovery_ms": 38.287167,
      "retry_child_cpu_ms": 3.693,
      "server_cpu_s": 0.00033087499999999437,
      "server_rss_kib": 8464
    },
    {
      "committed_attachment": true,
      "creates": 7,
      "idempotent_recovery_ms": 43.734875,
      "journal_bytes": 10576,
      "recovery_child_cpu_ms": 4.263,
      "recovery_ms": 37.441500000000005,
      "retry_child_cpu_ms": 3.814,
      "server_cpu_s": 0.00028241666666667387,
      "server_rss_kib": 8464
    },
    {
      "committed_attachment": true,
      "creates": 8,
      "idempotent_recovery_ms": 36.571042,
      "journal_bytes": 12064,
      "recovery_child_cpu_ms": 4.687,
      "recovery_ms": 32.932207999999996,
      "retry_child_cpu_ms": 3.965,
      "server_cpu_s": 0.0002613333333333495,
      "server_rss_kib": 8464
    },
    {
      "committed_attachment": true,
      "creates": 9,
      "idempotent_recovery_ms": 28.531542,
      "journal_bytes": 13554,
      "recovery_child_cpu_ms": 4.038,
      "recovery_ms": 24.672875,
      "retry_child_cpu_ms": 3.602,
      "server_cpu_s": 0.00027449999999999697,
      "server_rss_kib": 8480
    },
    {
      "committed_attachment": true,
      "creates": 10,
      "idempotent_recovery_ms": 33.301792,
      "journal_bytes": 15044,
      "recovery_child_cpu_ms": 4.269,
      "recovery_ms": 50.486083,
      "retry_child_cpu_ms": 3.918,
      "server_cpu_s": 0.00026408333333333145,
      "server_rss_kib": 8480
    },
    {
      "committed_attachment": true,
      "creates": 11,
      "idempotent_recovery_ms": 38.493249999999996,
      "journal_bytes": 16540,
      "recovery_child_cpu_ms": 5.92,
      "recovery_ms": 37.297292000000006,
      "retry_child_cpu_ms": 4.971,
      "server_cpu_s": 0.00034208333333335394,
      "server_rss_kib": 8512
    },
    {
      "committed_attachment": true,
      "creates": 12,
      "idempotent_recovery_ms": 29.694584,
      "journal_bytes": 18036,
      "recovery_child_cpu_ms": 3.871,
      "recovery_ms": 38.200041999999996,
      "retry_child_cpu_ms": 2.735,
      "server_cpu_s": 0.0003032083333333324,
      "server_rss_kib": 8624
    }
  ],
  "zor": "/private/tmp/fux-codebase-work/release-baseline/release/zor"
}
