{
  "binary": "/private/tmp/fux-codebase-work/release-candidate/release/fux",
  "geometry": [
    24,
    80
  ],
  "limits": "Scroll completes after actual offset and changed pane rows render; 1 ms observation polling is included. Manager latency includes authenticated socket and JSON round-trip. RSS samples are discrete observations, not kernel peak or whole-process-tree memory. No Betamax or diagnostic capture during timing.",
  "manager": {
    "median_ms": 0.088792,
    "p95_ms": 0.106042,
    "samples_ms": [
      0.27549999999999997,
      0.135375,
      0.127459,
      0.1125,
      0.10770800000000001,
      0.111792,
      0.100625,
      0.102834,
      0.09895799999999999,
      0.09466699999999999,
      0.091584,
      0.10137499999999999,
      0.094917,
      0.095834,
      0.095375,
      0.09787499999999999,
      0.093,
      0.092875,
      0.094625,
      0.097167,
      0.09641699999999999,
      0.093875,
      0.094292,
      0.095291,
      0.093458,
      0.092458,
      0.0915,
      0.0915,
      0.093209,
      0.095875,
      0.09775,
      0.102375,
      0.106042,
      0.095708,
      0.08920900000000001,
      0.097666,
      0.088166,
      0.095083,
      0.097833,
      0.094583,
      0.09525,
      0.089,
      0.090125,
      0.091708,
      0.092458,
      0.090792,
      0.092458,
      0.092458,
      0.094459,
      0.09525,
      0.092208,
      0.09325,
      0.088209,
      0.096375,
      0.091875,
      0.091041,
      0.092375,
      0.08954200000000001,
      0.0935,
      0.09175,
      0.092208,
      0.09275,
      0.090875,
      0.091875,
      0.092583,
      0.091,
      0.093708,
      0.103916,
      0.09425,
      0.091875,
      0.092,
      0.089667,
      0.0825,
      0.091583,
      0.089125,
      0.08616700000000001,
      0.088542,
      0.08616700000000001,
      0.086917,
      0.231542,
      0.11333299999999999,
      0.097958,
      0.088209,
      0.095333,
      0.08600000000000001,
      0.088916,
      0.086166,
      0.083292,
      0.08466699999999999,
      0.08975,
      0.084209,
      0.088292,
      0.09033300000000001,
      0.085833,
      0.085958,
      0.085833,
      0.088333,
      0.087584,
      0.088792,
      0.08612500000000001,
      0.085208,
      0.08916600000000001,
      0.089083,
      0.08975,
      0.08841700000000001,
      0.13799999999999998,
      0.096792,
      0.089708,
      0.088709,
      0.086375,
      0.087667,
      0.085041,
      0.086417,
      0.08666700000000001,
      0.083875,
      0.08791700000000001,
      0.085708,
      0.08695800000000001,
      0.084375,
      0.089084,
      0.088125,
      0.08608299999999999,
      0.08825000000000001,
      0.08795900000000001,
      0.08612500000000001,
      0.09125,
      0.08566700000000001,
      0.085375,
      0.086084,
      0.086459,
      0.084375,
      0.086708,
      0.08666700000000001,
      0.08433299999999999,
      0.090916,
      0.103334,
      0.08683400000000001,
      0.088958,
      0.085708,
      0.08666700000000001,
      0.086084,
      0.08191699999999999,
      0.089708,
      0.082958,
      0.08775000000000001,
      0.08925,
      0.085542,
      0.081375,
      0.0925,
      0.090042,
      0.09016700000000001,
      0.094209,
      0.096958,
      0.08870800000000001,
      0.08449999999999999,
      0.08616700000000001,
      0.08825000000000001,
      0.091417,
      0.08604200000000001,
      0.08425,
      0.08491599999999999,
      0.08745900000000001,
      0.077416,
      0.078375,
      0.079041,
      0.08633400000000001,
      0.084208,
      0.079333,
      0.08466699999999999,
      0.078833,
      0.077667,
      0.081542,
      0.079042,
      0.078333,
      0.081167,
      0.078375,
      0.07825,
      0.077208,
      0.077459,
      0.085958,
      0.076166,
      0.079208,
      0.07725,
      0.0785,
      0.081042,
      0.083334,
      0.092667,
      0.086709,
      0.077583,
      0.081667,
      0.083458,
      0.080833,
      0.08304199999999999,
      0.077834,
      0.08475,
      0.08241699999999999,
      0.08433399999999999,
      0.08174999999999999,
      0.077667,
      0.080583
    ]
  },
  "manager_server_cpu_s": 0.009650416666666665,
  "rss_samples": [
    {
      "after_scroll": 10,
      "server_kib": 13136,
      "viewer_kib": 5872
    },
    {
      "after_scroll": 20,
      "server_kib": 13136,
      "viewer_kib": 5936
    },
    {
      "after_scroll": 30,
      "server_kib": 13136,
      "viewer_kib": 5968
    },
    {
      "after_scroll": 40,
      "server_kib": 13136,
      "viewer_kib": 6016
    },
    {
      "after_scroll": 50,
      "server_kib": 13136,
      "viewer_kib": 6016
    },
    {
      "after_scroll": 60,
      "server_kib": 13136,
      "viewer_kib": 6016
    },
    {
      "after_scroll": 70,
      "server_kib": 13136,
      "viewer_kib": 6032
    },
    {
      "after_scroll": 80,
      "server_kib": 13136,
      "viewer_kib": 6048
    },
    {
      "after_scroll": 90,
      "server_kib": 13136,
      "viewer_kib": 6048
    },
    {
      "after_scroll": 100,
      "server_kib": 13136,
      "viewer_kib": 6048
    }
  ],
  "scroll": {
    "median_ms": 1.743167,
    "p95_ms": 1.830209,
    "samples_ms": [
      5.06675,
      1.712,
      1.71025,
      1.7256660000000001,
      1.7306249999999999,
      1.706625,
      1.41,
      1.6981249999999999,
      1.695375,
      1.701083,
      1.716625,
      1.707,
      1.704917,
      1.755209,
      1.299083,
      1.7123329999999999,
      1.7171249999999998,
      1.713708,
      1.707292,
      1.7125409999999999,
      1.727083,
      1.718416,
      1.714958,
      1.7121250000000001,
      1.711792,
      1.715041,
      1.725042,
      1.719125,
      1.351042,
      1.726708,
      1.773375,
      1.7416669999999999,
      1.7604579999999999,
      1.779208,
      1.809583,
      1.755833,
      1.762875,
      1.7605419999999998,
      1.7635,
      1.755459,
      1.7941669999999998,
      1.774625,
      1.771291,
      1.776209,
      1.77425,
      1.7875409999999998,
      1.7949579999999998,
      1.7979999999999998,
      1.792166,
      1.799333,
      1.8055,
      1.830792,
      1.795666,
      1.808584,
      1.794334,
      1.792042,
      1.795416,
      1.806792,
      1.79725,
      1.798459,
      1.830209,
      1.8014999999999999,
      1.804916,
      1.807,
      1.798833,
      1.798833,
      1.79975,
      1.836042,
      1.829,
      1.8738750000000002,
      1.7696669999999999,
      1.75325,
      1.75625,
      1.7675830000000001,
      1.592666,
      1.74675,
      1.610708,
      1.560208,
      1.725125,
      1.729167,
      1.719708,
      1.7147919999999999,
      1.7036250000000002,
      1.460375,
      1.7121250000000001,
      1.4924579999999998,
      1.704084,
      1.708709,
      1.713375,
      1.73175,
      1.732334,
      1.730375,
      1.727709,
      1.745084,
      1.7281250000000001,
      1.7460419999999999,
      1.742125,
      1.743167,
      1.747458,
      1.7425
    ]
  },
  "scroll_pty_byte_samples": [
    4075,
    655,
    655,
    1024,
    1205,
    655,
    700,
    676,
    655,
    679,
    697,
    655,
    655,
    721,
    655,
    655,
    700,
    676,
    655,
    679,
    697,
    655,
    655,
    721,
    655,
    655,
    720,
    736,
    715,
    740,
    760,
    718,
    718,
    1024,
    1291,
    655,
    700,
    676,
    655,
    679,
    697,
    655,
    655,
    721,
    655,
    655,
    700,
    676,
    655,
    679,
    697,
    655,
    655,
    721,
    655,
    655,
    700,
    676,
    655,
    679,
    757,
    715,
    715,
    784,
    718,
    718,
    786,
    697,
    655,
    679,
    697,
    655,
    655,
    721,
    655,
    655,
    700,
    676,
    655,
    679,
    697,
    655,
    655,
    721,
    655,
    655,
    700,
    676,
    655,
    679,
    697,
    655,
    655,
    761,
    715,
    715,
    762,
    739,
    718,
    765
  ],
  "scroll_pty_bytes": 73950,
  "scroll_server_cpu_s": 0.0070892083333333345,
  "scroll_viewer_cpu_s": 0.021836916666666668
}
