{
  "fux": "/private/tmp/fux-codebase-work/release-candidate/release/fux",
  "limits": "Recovery of a real pane after a controlled lost create reply. Elapsed includes CLI startup and 10 ms subprocess observation polling. Proxy accept wakes on socket readiness, with a 10 ms maximum cancellation-check interval. Child CPU measures reaped zor CLI user+system time including startup; server CPU and sampled RSS are separate and exclude descendants. Journal bytes are logical size, not physical writes; no fsync timing isolation.",
  "samples": [
    {
      "committed_attachment": true,
      "creates": 1,
      "idempotent_recovery_ms": 13.997708,
      "journal_bytes": 1648,
      "recovery_child_cpu_ms": 3.591,
      "recovery_ms": 29.420499999999997,
      "retry_child_cpu_ms": 3.073,
      "retry_proxy_timings": [
        {
          "accepted_ms": 3.31425,
          "finished_ms": 3.612333,
          "operation": "pane-location",
          "requested_ms": 3.4537080000000002
        },
        {
          "accepted_ms": 3.658416,
          "finished_ms": 3.9317909999999996,
          "operation": "release-pane-pin",
          "requested_ms": 3.820666
        }
      ],
      "server_cpu_s": 0.00019512499999999999,
      "server_rss_kib": 7744
    },
    {
      "committed_attachment": true,
      "creates": 2,
      "idempotent_recovery_ms": 14.711167000000001,
      "journal_bytes": 3136,
      "recovery_child_cpu_ms": 3.455,
      "recovery_ms": 29.704874999999998,
      "retry_child_cpu_ms": 2.943,
      "retry_proxy_timings": [
        {
          "accepted_ms": 3.230208,
          "finished_ms": 3.516375,
          "operation": "pane-location",
          "requested_ms": 3.3635420000000003
        },
        {
          "accepted_ms": 3.5573330000000003,
          "finished_ms": 3.787542,
          "operation": "release-pane-pin",
          "requested_ms": 3.7015
        }
      ],
      "server_cpu_s": 0.00021124999999999963,
      "server_rss_kib": 7936
    },
    {
      "committed_attachment": true,
      "creates": 3,
      "idempotent_recovery_ms": 15.647624999999998,
      "journal_bytes": 4624,
      "recovery_child_cpu_ms": 3.561,
      "recovery_ms": 30.652124999999998,
      "retry_child_cpu_ms": 2.953,
      "retry_proxy_timings": [
        {
          "accepted_ms": 3.233333,
          "finished_ms": 3.504791,
          "operation": "pane-location",
          "requested_ms": 3.360041
        },
        {
          "accepted_ms": 3.5464160000000002,
          "finished_ms": 3.78175,
          "operation": "release-pane-pin",
          "requested_ms": 3.6966249999999996
        }
      ],
      "server_cpu_s": 0.00019141666666666265,
      "server_rss_kib": 7968
    },
    {
      "committed_attachment": true,
      "creates": 4,
      "idempotent_recovery_ms": 15.235208,
      "journal_bytes": 6112,
      "recovery_child_cpu_ms": 2.769,
      "recovery_ms": 39.295125,
      "retry_child_cpu_ms": 2.458,
      "retry_proxy_timings": [
        {
          "accepted_ms": 2.655083,
          "finished_ms": 2.8748329999999997,
          "operation": "pane-location",
          "requested_ms": 2.766417
        },
        {
          "accepted_ms": 2.906917,
          "finished_ms": 3.097375,
          "operation": "release-pane-pin",
          "requested_ms": 3.029333
        }
      ],
      "server_cpu_s": 0.00015829166666666422,
      "server_rss_kib": 7984
    },
    {
      "committed_attachment": true,
      "creates": 5,
      "idempotent_recovery_ms": 12.265792,
      "journal_bytes": 7600,
      "recovery_child_cpu_ms": 4.69,
      "recovery_ms": 26.021208,
      "retry_child_cpu_ms": 3.703,
      "retry_proxy_timings": [
        {
          "accepted_ms": 4.035125,
          "finished_ms": 4.531584,
          "operation": "pane-location",
          "requested_ms": 4.197625
        },
        {
          "accepted_ms": 4.586709,
          "finished_ms": 4.892625000000001,
          "operation": "release-pane-pin",
          "requested_ms": 4.759334
        }
      ],
      "server_cpu_s": 0.00022008333333333602,
      "server_rss_kib": 7984
    },
    {
      "committed_attachment": true,
      "creates": 6,
      "idempotent_recovery_ms": 15.602082999999999,
      "journal_bytes": 9088,
      "recovery_child_cpu_ms": 4.092,
      "recovery_ms": 25.456083,
      "retry_child_cpu_ms": 3.105,
      "retry_proxy_timings": [
        {
          "accepted_ms": 3.360417,
          "finished_ms": 3.644625,
          "operation": "pane-location",
          "requested_ms": 3.4955
        },
        {
          "accepted_ms": 3.690542,
          "finished_ms": 3.934333,
          "operation": "release-pane-pin",
          "requested_ms": 3.841542
        }
      ],
      "server_cpu_s": 0.00022837500000000288,
      "server_rss_kib": 8048
    },
    {
      "committed_attachment": true,
      "creates": 7,
      "idempotent_recovery_ms": 14.88925,
      "journal_bytes": 10576,
      "recovery_child_cpu_ms": 2.932,
      "recovery_ms": 23.922083,
      "retry_child_cpu_ms": 2.358,
      "retry_proxy_timings": [
        {
          "accepted_ms": 2.543541,
          "finished_ms": 2.752125,
          "operation": "pane-location",
          "requested_ms": 2.6449160000000003
        },
        {
          "accepted_ms": 2.7891660000000003,
          "finished_ms": 2.983416,
          "operation": "release-pane-pin",
          "requested_ms": 2.904541
        }
      ],
      "server_cpu_s": 0.00018662499999999582,
      "server_rss_kib": 8064
    },
    {
      "committed_attachment": true,
      "creates": 8,
      "idempotent_recovery_ms": 14.749042000000001,
      "journal_bytes": 12064,
      "recovery_child_cpu_ms": 4.557,
      "recovery_ms": 23.950499999999998,
      "retry_child_cpu_ms": 3.541,
      "retry_proxy_timings": [
        {
          "accepted_ms": 3.823542,
          "finished_ms": 4.1361669999999995,
          "operation": "pane-location",
          "requested_ms": 3.9816249999999997
        },
        {
          "accepted_ms": 4.193792,
          "finished_ms": 4.4865829999999995,
          "operation": "release-pane-pin",
          "requested_ms": 4.371417
        }
      ],
      "server_cpu_s": 0.0002486666666666748,
      "server_rss_kib": 8064
    },
    {
      "committed_attachment": true,
      "creates": 9,
      "idempotent_recovery_ms": 14.974917000000001,
      "journal_bytes": 13554,
      "recovery_child_cpu_ms": 5.936,
      "recovery_ms": 23.389917,
      "retry_child_cpu_ms": 4.118,
      "retry_proxy_timings": [
        {
          "accepted_ms": 4.5576669999999995,
          "finished_ms": 4.867584,
          "operation": "pane-location",
          "requested_ms": 4.711959
        },
        {
          "accepted_ms": 4.913709,
          "finished_ms": 5.185584,
          "operation": "release-pane-pin",
          "requested_ms": 5.084917000000001
        }
      ],
      "server_cpu_s": 0.00025937500000000613,
      "server_rss_kib": 8064
    },
    {
      "committed_attachment": true,
      "creates": 10,
      "idempotent_recovery_ms": 15.889875000000002,
      "journal_bytes": 15044,
      "recovery_child_cpu_ms": 5.224,
      "recovery_ms": 23.900042,
      "retry_child_cpu_ms": 4.166,
      "retry_proxy_timings": [
        {
          "accepted_ms": 4.581083,
          "finished_ms": 4.9394160000000005,
          "operation": "pane-location",
          "requested_ms": 4.763958000000001
        },
        {
          "accepted_ms": 4.996166,
          "finished_ms": 5.322666,
          "operation": "release-pane-pin",
          "requested_ms": 5.193166
        }
      ],
      "server_cpu_s": 0.0003011249999999993,
      "server_rss_kib": 8080
    },
    {
      "committed_attachment": true,
      "creates": 11,
      "idempotent_recovery_ms": 11.442709,
      "journal_bytes": 16540,
      "recovery_child_cpu_ms": 5.158,
      "recovery_ms": 22.548167,
      "retry_child_cpu_ms": 4.318,
      "retry_proxy_timings": [
        {
          "accepted_ms": 4.822417,
          "finished_ms": 5.19775,
          "operation": "pane-location",
          "requested_ms": 5.004084
        },
        {
          "accepted_ms": 5.253209,
          "finished_ms": 5.585917,
          "operation": "release-pane-pin",
          "requested_ms": 5.455417
        }
      ],
      "server_cpu_s": 0.00025420833333332504,
      "server_rss_kib": 8096
    },
    {
      "committed_attachment": true,
      "creates": 12,
      "idempotent_recovery_ms": 14.695667,
      "journal_bytes": 18036,
      "recovery_child_cpu_ms": 4.017,
      "recovery_ms": 34.020166999999994,
      "retry_child_cpu_ms": 3.465,
      "retry_proxy_timings": [
        {
          "accepted_ms": 3.741792,
          "finished_ms": 4.031,
          "operation": "pane-location",
          "requested_ms": 3.8875830000000002
        },
        {
          "accepted_ms": 4.072583,
          "finished_ms": 4.33275,
          "operation": "release-pane-pin",
          "requested_ms": 4.2282079999999995
        }
      ],
      "server_cpu_s": 0.00019004166666666822,
      "server_rss_kib": 8096
    }
  ],
  "zor": "/private/tmp/fux-codebase-work/release-candidate/release/zor"
}
