   Compiling koh v0.12.1 (/Users/kisaczka/Desktop/code/fux/references/koh)
    Finished `test` profile [unoptimized + debuginfo] target(s) in 6.05s
     Running unittests src/lib.rs (/tmp/strict-fux-koh-zor/koh-build/debug/deps/koh-6b216c93f8593ed2)

running 15 tests
test gateway::resume::tests::bounded_application_pressure_preserves_partial_progress_until_deadline ... ok
test gateway::resume::tests::cancelling_exchange_releases_both_owned_streams ... ok
test gateway::resume::tests::completed_session_recovers_a_lost_final_ack_and_rejects_premature_completion ... ok
test gateway::resume::tests::deterministic_window_and_framing_costs_are_bounded ... ok
test gateway::resume::tests::incomplete_wire_frame_has_absolute_deadline_without_wall_clock_wait ... ok
test gateway::resume::tests::lost_ack_reconnect_replays_no_application_bytes ... ok
test gateway::resume::tests::partial_application_write_resumes_at_its_exact_offset ... ok
test gateway::resume::tests::receive_window_and_wire_chunk_are_bounded ... ok
test gateway::resume::tests::reconnect_replays_pending_output_and_validates_acknowledgements ... ok
test gateway::resume::tests::sequence_gaps_and_data_after_eof_end_the_session ... ok
test gateway::sessions::real_fux_tests::real_fux_keeps_its_pane_and_applies_input_once_across_five_quic_losses ... ok
test gateway::sessions::real_fux_tests::real_fux_rejects_resume_after_actual_retention_and_allows_fresh_attachment ... ok
test gateway::sessions::tests::active_resume_is_serialized_and_expiry_releases_the_local_connection ... ok
test gateway::sessions::tests::forced_quic_loss_redials_without_reopening_or_repeating_application_input ... ok
test gateway::sessions::tests::registry_scopes_tokens_to_peers_and_never_recreates_expired_resumes ... ok

test result: ok. 15 passed; 0 failed; 0 ignored; 0 measured; 65 filtered out; finished in 35.81s

     Running tests/gateway.rs (/tmp/strict-fux-koh-zor/koh-build/debug/deps/gateway-d249fbba691d77ac)

running 2 tests
test gateway_authenticates_before_touching_the_local_service_and_copies_bytes_exactly ... ok
test optional_gateway_failure_leaves_real_fux_panes_running ... ok

test result: ok. 2 passed; 0 failed; 0 ignored; 0 measured; 1 filtered out; finished in 1.57s

