   Compiling libc v0.2.189
   Compiling version_check v0.9.5
   Compiling typenum v1.20.1
   Compiling memchr v2.8.3
   Compiling autocfg v1.5.1
   Compiling cfg-if v1.0.4
   Compiling rustix v1.1.4
   Compiling getrandom v0.4.3
   Compiling cfg_aliases v0.2.2
   Compiling serde_core v1.0.229
   Compiling bitflags v2.13.1
   Compiling zmij v1.0.23
   Compiling anyhow v1.0.104
   Compiling nix v0.30.1
   Compiling generic-array v0.14.7
   Compiling memoffset v0.9.1
   Compiling serde_json v1.0.151
   Compiling regex-syntax v0.8.11
   Compiling aho-corasick v1.1.5
   Compiling time-core v0.1.9
   Compiling fastrand v2.5.0
   Compiling deranged v0.5.8
   Compiling num-conv v0.2.2
   Compiling powerfmt v0.2.0
   Compiling itoa v1.0.18
   Compiling once_cell v1.21.4
   Compiling crypto-common v0.1.7
   Compiling block-buffer v0.10.4
   Compiling digest v0.10.7
   Compiling time v0.3.55
   Compiling errno v0.3.14
   Compiling cpufeatures v0.2.17
   Compiling regex-automata v0.4.18
   Compiling sha2 v0.10.9
   Compiling tempfile v3.27.0
   Compiling regex v1.13.1
   Compiling zor-xtask v0.1.0 (/Users/kisaczka/Desktop/code/fux/crates/zor/tools/xtask)
    Finished `dev` profile [unoptimized + debuginfo] target(s) in 2.88s
