{
  "fux": "/private/tmp/fux-codebase-work/release-baseline/release/fux",
  "limits": "Recovery of a real pane after a controlled lost create reply. Elapsed includes CLI startup and 10 ms fixture proxy/subprocess polling. Child CPU measures reaped zor CLI user+system time including startup; server CPU and sampled RSS are separate and exclude descendants. Journal bytes are logical size, not physical writes; no fsync timing isolation.",
  "samples": [
    {
      "committed_attachment": true,
      "creates": 1,
      "idempotent_recovery_ms": 26.459709,
      "journal_bytes": 1648,
      "recovery_child_cpu_ms": 3.831,
      "recovery_ms": 27.739333000000002,
      "retry_child_cpu_ms": 3.252,
      "retry_proxy_timings": [
        {
          "accepted_ms": 9.668459,
          "finished_ms": 10.04725,
          "operation": "pane-location",
          "requested_ms": 9.854917
        },
        {
          "accepted_ms": 20.415542,
          "finished_ms": 20.732292,
          "operation": "release-pane-pin",
          "requested_ms": 20.597084000000002
        }
      ],
      "server_cpu_s": 0.00023683333333333195,
      "server_rss_kib": 7712
    },
    {
      "committed_attachment": true,
      "creates": 2,
      "idempotent_recovery_ms": 26.718333,
      "journal_bytes": 3136,
      "recovery_child_cpu_ms": 3.221,
      "recovery_ms": 41.135667,
      "retry_child_cpu_ms": 2.449,
      "retry_proxy_timings": [
        {
          "accepted_ms": 11.569833,
          "finished_ms": 11.849083,
          "operation": "pane-location",
          "requested_ms": 11.694041
        },
        {
          "accepted_ms": 25.252125,
          "finished_ms": 25.497625,
          "operation": "release-pane-pin",
          "requested_ms": 25.392166
        }
      ],
      "server_cpu_s": 0.00018708333333333424,
      "server_rss_kib": 7888
    },
    {
      "committed_attachment": true,
      "creates": 3,
      "idempotent_recovery_ms": 40.166084,
      "journal_bytes": 4624,
      "recovery_child_cpu_ms": 4.591,
      "recovery_ms": 51.028041,
      "retry_child_cpu_ms": 5.843,
      "retry_proxy_timings": [
        {
          "accepted_ms": 12.841083999999999,
          "finished_ms": 13.456792,
          "operation": "pane-location",
          "requested_ms": 13.093459
        },
        {
          "accepted_ms": 28.503125,
          "finished_ms": 28.975667,
          "operation": "release-pane-pin",
          "requested_ms": 28.758834
        }
      ],
      "server_cpu_s": 0.0002672083333333311,
      "server_rss_kib": 7952
    },
    {
      "committed_attachment": true,
      "creates": 4,
      "idempotent_recovery_ms": 46.757958,
      "journal_bytes": 6112,
      "recovery_child_cpu_ms": 5.893,
      "recovery_ms": 41.875125,
      "retry_child_cpu_ms": 6.156,
      "retry_proxy_timings": [
        {
          "accepted_ms": 19.162875,
          "finished_ms": 19.830458,
          "operation": "pane-location",
          "requested_ms": 19.469791999999998
        },
        {
          "accepted_ms": 31.305958,
          "finished_ms": 31.923292,
          "operation": "release-pane-pin",
          "requested_ms": 31.689625
        }
      ],
      "server_cpu_s": 0.0003155833333333413,
      "server_rss_kib": 8128
    },
    {
      "committed_attachment": true,
      "creates": 5,
      "idempotent_recovery_ms": 40.385375,
      "journal_bytes": 7600,
      "recovery_child_cpu_ms": 3.586,
      "recovery_ms": 43.617125,
      "retry_child_cpu_ms": 2.872,
      "retry_proxy_timings": [
        {
          "accepted_ms": 13.850084,
          "finished_ms": 14.161999999999999,
          "operation": "pane-location",
          "requested_ms": 13.992084
        },
        {
          "accepted_ms": 29.18175,
          "finished_ms": 29.460084000000002,
          "operation": "release-pane-pin",
          "requested_ms": 29.3375
        }
      ],
      "server_cpu_s": 0.00024199999999999916,
      "server_rss_kib": 8384
    },
    {
      "committed_attachment": true,
      "creates": 6,
      "idempotent_recovery_ms": 38.867959,
      "journal_bytes": 9088,
      "recovery_child_cpu_ms": 5.667,
      "recovery_ms": 30.889125,
      "retry_child_cpu_ms": 4.634,
      "retry_proxy_timings": [
        {
          "accepted_ms": 10.670167,
          "finished_ms": 11.143500000000001,
          "operation": "pane-location",
          "requested_ms": 10.907667
        },
        {
          "accepted_ms": 24.234667,
          "finished_ms": 24.685709,
          "operation": "release-pane-pin",
          "requested_ms": 24.488625
        }
      ],
      "server_cpu_s": 0.00032133333333332625,
      "server_rss_kib": 8544
    },
    {
      "committed_attachment": true,
      "creates": 7,
      "idempotent_recovery_ms": 28.581625,
      "journal_bytes": 10576,
      "recovery_child_cpu_ms": 5.46,
      "recovery_ms": 58.561417,
      "retry_child_cpu_ms": 5.42,
      "retry_proxy_timings": [
        {
          "accepted_ms": 13.29925,
          "finished_ms": 13.786916,
          "operation": "pane-location",
          "requested_ms": 13.537916000000001
        },
        {
          "accepted_ms": 26.375208,
          "finished_ms": 26.791708,
          "operation": "release-pane-pin",
          "requested_ms": 26.622541
        }
      ],
      "server_cpu_s": 0.00038258333333332506,
      "server_rss_kib": 8544
    },
    {
      "committed_attachment": true,
      "creates": 8,
      "idempotent_recovery_ms": 38.236375,
      "journal_bytes": 12064,
      "recovery_child_cpu_ms": 5.571,
      "recovery_ms": 52.913875,
      "retry_child_cpu_ms": 4.43,
      "retry_proxy_timings": [
        {
          "accepted_ms": 11.50675,
          "finished_ms": 11.916167,
          "operation": "pane-location",
          "requested_ms": 11.721459
        },
        {
          "accepted_ms": 26.524959,
          "finished_ms": 26.90925,
          "operation": "release-pane-pin",
          "requested_ms": 26.743125
        }
      ],
      "server_cpu_s": 0.0003013333333333479,
      "server_rss_kib": 8560
    },
    {
      "committed_attachment": true,
      "creates": 9,
      "idempotent_recovery_ms": 29.251458,
      "journal_bytes": 13554,
      "recovery_child_cpu_ms": 6.441,
      "recovery_ms": 57.367667,
      "retry_child_cpu_ms": 6.855,
      "retry_proxy_timings": [
        {
          "accepted_ms": 13.002167,
          "finished_ms": 13.649333,
          "operation": "pane-location",
          "requested_ms": 13.317292
        },
        {
          "accepted_ms": 24.492375,
          "finished_ms": 25.322792,
          "operation": "release-pane-pin",
          "requested_ms": 24.837125
        }
      ],
      "server_cpu_s": 0.0006529166666666558,
      "server_rss_kib": 8608
    },
    {
      "committed_attachment": true,
      "creates": 10,
      "idempotent_recovery_ms": 38.070874999999994,
      "journal_bytes": 15044,
      "recovery_child_cpu_ms": 6.32,
      "recovery_ms": 40.756791,
      "retry_child_cpu_ms": 5.13,
      "retry_proxy_timings": [
        {
          "accepted_ms": 10.892792,
          "finished_ms": 11.399458,
          "operation": "pane-location",
          "requested_ms": 11.13375
        },
        {
          "accepted_ms": 26.367583,
          "finished_ms": 26.879917,
          "operation": "release-pane-pin",
          "requested_ms": 26.672917
        }
      ],
      "server_cpu_s": 0.00039216666666666566,
      "server_rss_kib": 8624
    },
    {
      "committed_attachment": true,
      "creates": 11,
      "idempotent_recovery_ms": 30.791334,
      "journal_bytes": 16540,
      "recovery_child_cpu_ms": 4.364,
      "recovery_ms": 40.791917,
      "retry_child_cpu_ms": 3.642,
      "retry_proxy_timings": [
        {
          "accepted_ms": 11.764959000000001,
          "finished_ms": 12.120834,
          "operation": "pane-location",
          "requested_ms": 11.932208999999999
        },
        {
          "accepted_ms": 23.765917,
          "finished_ms": 24.132292,
          "operation": "release-pane-pin",
          "requested_ms": 23.97875
        }
      ],
      "server_cpu_s": 0.00026458333333331807,
      "server_rss_kib": 8656
    },
    {
      "committed_attachment": true,
      "creates": 12,
      "idempotent_recovery_ms": 27.106084,
      "journal_bytes": 18036,
      "recovery_child_cpu_ms": 6.069,
      "recovery_ms": 51.245458,
      "retry_child_cpu_ms": 5.912,
      "retry_proxy_timings": [
        {
          "accepted_ms": 6.762042,
          "finished_ms": 7.230124999999999,
          "operation": "pane-location",
          "requested_ms": 6.987542
        },
        {
          "accepted_ms": 21.78,
          "finished_ms": 22.335459,
          "operation": "release-pane-pin",
          "requested_ms": 22.072625
        }
      ],
      "server_cpu_s": 0.00044658333333333355,
      "server_rss_kib": 8656
    }
  ],
  "zor": "/private/tmp/fux-codebase-work/release-baseline/release/zor"
}
