{
  "binary": "/private/tmp/fux-codebase-work/release-candidate/release/fux",
  "geometry": [
    60,
    200
  ],
  "measurement": "control request completion, not rendered latency",
  "results": [
    {
      "delta": 2000,
      "elapsed_s": 0.113890458,
      "operations": 200,
      "panes": 2,
      "preflight_dimension_changes": 200,
      "request_median_ms": 0.25791699999999995,
      "request_p95_ms": 0.35520799999999997,
      "request_samples_ms": [
        0.407458,
        0.381166,
        0.404708,
        0.368875,
        0.372583,
        0.387583,
        0.383417,
        0.36612500000000003,
        0.344166,
        0.362041,
        0.35520799999999997,
        0.33754199999999995,
        0.345416,
        0.337709,
        0.342208,
        0.3435,
        0.340208,
        0.323459,
        0.33799999999999997,
        0.315667,
        0.31775,
        0.332625,
        0.31625000000000003,
        0.31725,
        0.318084,
        0.311209,
        0.335208,
        0.309209,
        0.315875,
        0.319416,
        0.303375,
        0.302959,
        0.29554199999999997,
        0.29508300000000004,
        0.310709,
        0.300167,
        0.303042,
        0.2935,
        0.297209,
        0.30320899999999995,
        0.286084,
        0.293792,
        0.29654200000000003,
        0.28237500000000004,
        0.280792,
        0.291708,
        0.28820799999999996,
        0.281208,
        0.2855,
        0.280167,
        0.29070799999999997,
        0.28533299999999995,
        0.279167,
        0.281709,
        0.313458,
        0.289459,
        0.280084,
        0.26733300000000004,
        0.279708,
        0.294583,
        0.27295899999999995,
        0.269167,
        0.274625,
        0.271875,
        0.272666,
        0.268166,
        0.28654199999999996,
        0.28412499999999996,
        0.28195899999999996,
        0.282542,
        0.276833,
        0.259334,
        0.267125,
        0.26966700000000005,
        0.26375,
        0.264209,
        0.25870899999999997,
        0.260834,
        0.27370900000000004,
        0.26033399999999995,
        0.264167,
        0.26675,
        0.263833,
        0.271667,
        0.264125,
        0.262334,
        0.272709,
        0.272542,
        0.254417,
        0.247125,
        0.24741599999999997,
        0.251709,
        0.246584,
        0.25395799999999996,
        0.256208,
        0.256834,
        0.24320799999999998,
        0.24716700000000003,
        0.249792,
        0.24600000000000002,
        0.245417,
        0.24770899999999998,
        0.255125,
        0.26691699999999996,
        0.248,
        0.255917,
        0.25145799999999996,
        0.24820799999999998,
        0.275958,
        0.260917,
        0.23800000000000002,
        0.239667,
        0.232,
        0.228791,
        0.235375,
        0.230958,
        0.230125,
        0.243917,
        0.27625,
        0.245958,
        0.24608300000000002,
        0.250291,
        0.254042,
        0.26245799999999997,
        0.241292,
        0.24958400000000003,
        0.25475,
        0.25212500000000004,
        0.2405,
        0.254333,
        0.24329199999999998,
        0.243084,
        0.24495799999999998,
        0.251334,
        0.26345799999999997,
        0.241542,
        0.23525,
        0.240709,
        0.24975000000000003,
        0.238625,
        0.247083,
        0.256917,
        0.24850000000000003,
        0.239375,
        0.235875,
        0.239625,
        0.24420799999999998,
        0.24025000000000002,
        0.235666,
        0.24087499999999998,
        0.24662499999999998,
        0.25275,
        0.236959,
        0.242916,
        0.25791699999999995,
        0.239667,
        0.24020899999999998,
        0.23791700000000002,
        0.257417,
        0.238875,
        0.239667,
        0.254958,
        0.24812499999999998,
        0.23991600000000002,
        0.236208,
        0.23775000000000002,
        0.249792,
        0.2695,
        0.240375,
        0.237791,
        0.259708,
        0.25,
        0.232209,
        0.24504099999999998,
        0.244375,
        0.241542,
        0.237458,
        0.239208,
        0.237916,
        0.24525000000000002,
        0.24850000000000003,
        0.24579099999999998,
        0.243708,
        0.2585,
        0.267542,
        0.25154099999999996,
        0.24475000000000002,
        0.253917,
        0.233042,
        0.252917,
        0.245625,
        0.24662499999999998,
        0.249917,
        0.238667,
        0.24175,
        0.237291,
        0.259042,
        0.241917,
        0.247583,
        0.24454099999999998
      ],
      "rss_kib": 10992,
      "server_cpu_s": 0.051415666666666665,
      "viewer_bytes": 900150
    },
    {
      "delta": 2000,
      "elapsed_s": 0.078142458,
      "operations": 200,
      "panes": 8,
      "preflight_dimension_changes": 200,
      "request_median_ms": 0.1385,
      "request_p95_ms": 0.216,
      "request_samples_ms": [
        0.249834,
        0.23991600000000002,
        0.181542,
        0.180209,
        0.139125,
        0.138125,
        0.17304199999999997,
        0.17666700000000002,
        0.174875,
        0.17216700000000001,
        0.18450000000000003,
        0.174458,
        0.142333,
        0.139583,
        0.17275,
        0.173833,
        0.241,
        0.235584,
        0.17175,
        0.166083,
        0.131583,
        0.132917,
        0.162375,
        0.16716699999999998,
        0.16404200000000002,
        0.163584,
        0.173292,
        0.164709,
        0.138667,
        0.137584,
        0.176875,
        0.166667,
        0.23895899999999998,
        0.245083,
        0.16449999999999998,
        0.164709,
        0.12425000000000001,
        0.125667,
        0.153208,
        0.15554199999999999,
        0.157083,
        0.157792,
        0.16141699999999998,
        0.1605,
        0.129542,
        0.12687500000000002,
        0.156625,
        0.15100000000000002,
        0.209667,
        0.211375,
        0.154917,
        0.15775,
        0.127375,
        0.12774999999999997,
        0.155875,
        0.165959,
        0.155916,
        0.15395799999999998,
        0.189,
        0.15729200000000002,
        0.12462500000000001,
        0.134375,
        0.153666,
        0.149917,
        0.216583,
        0.2165,
        0.147125,
        0.140875,
        0.117542,
        0.11666699999999999,
        0.144459,
        0.15279099999999998,
        0.145125,
        0.141958,
        0.149542,
        0.156583,
        0.114666,
        0.114,
        0.139042,
        0.226458,
        0.216,
        0.195667,
        0.144084,
        0.144333,
        0.121958,
        0.131625,
        0.155209,
        0.153667,
        0.146084,
        0.146875,
        0.147833,
        0.143792,
        0.118,
        0.127333,
        0.14550000000000002,
        0.13691699999999998,
        0.18070799999999998,
        0.180667,
        0.141541,
        0.13325,
        0.118333,
        0.110375,
        0.13483399999999998,
        0.133,
        0.132709,
        0.134833,
        0.143333,
        0.1385,
        0.113416,
        0.108416,
        0.140208,
        0.132416,
        0.183,
        0.183833,
        0.14091700000000001,
        0.13449999999999998,
        0.11425,
        0.108208,
        0.13549999999999998,
        0.135709,
        0.134083,
        0.130958,
        0.138625,
        0.142667,
        0.109375,
        0.107542,
        0.132375,
        0.133583,
        0.180542,
        0.181459,
        0.13175,
        0.139209,
        0.112166,
        0.107,
        0.130708,
        0.12795800000000002,
        0.138083,
        0.134083,
        0.14633300000000002,
        0.13625,
        0.114042,
        0.113542,
        0.138041,
        0.136541,
        0.18454199999999998,
        0.178875,
        0.139125,
        0.129708,
        0.10325000000000001,
        0.1,
        0.12570800000000001,
        0.13783299999999998,
        0.121542,
        0.120917,
        0.128916,
        0.121958,
        0.09624999999999999,
        0.096292,
        0.118583,
        0.121459,
        0.16837500000000002,
        0.164292,
        0.12575,
        0.12404199999999999,
        0.105666,
        0.10612500000000001,
        0.127542,
        0.125167,
        0.12279200000000001,
        0.1235,
        0.13362500000000002,
        0.12229100000000001,
        0.102084,
        0.113625,
        0.135125,
        0.1265,
        0.170917,
        0.200792,
        0.13025,
        0.13333299999999998,
        0.10450000000000001,
        0.113125,
        0.123917,
        0.12825,
        0.128541,
        0.136,
        0.128667,
        0.128541,
        0.101125,
        0.10058299999999999,
        0.123375,
        0.142625,
        0.181375,
        0.168583,
        0.13275,
        0.12587500000000001,
        0.106708,
        0.10629200000000001,
        0.130209,
        0.127916
      ],
      "rss_kib": 12416,
      "server_cpu_s": 0.025195541666666668,
      "viewer_bytes": 678296
    },
    {
      "delta": 2000,
      "elapsed_s": 0.0871015,
      "operations": 200,
      "panes": 32,
      "preflight_dimension_changes": 200,
      "request_median_ms": 0.11975,
      "request_p95_ms": 0.236375,
      "request_samples_ms": [
        0.346292,
        0.33762499999999995,
        0.274459,
        0.24862499999999998,
        0.209708,
        0.193917,
        0.180791,
        0.18420799999999998,
        0.155792,
        0.152041,
        0.164083,
        0.170167,
        0.153084,
        0.157,
        0.149167,
        0.137417,
        0.137042,
        0.13695800000000002,
        0.130875,
        0.133042,
        0.12966599999999998,
        0.132166,
        0.13341699999999998,
        0.13449999999999998,
        0.13899999999999998,
        0.1305,
        0.12774999999999997,
        0.12983299999999998,
        0.122209,
        0.11900000000000001,
        0.13899999999999998,
        0.141208,
        0.140709,
        0.13325,
        0.146084,
        0.13866599999999998,
        0.12895800000000002,
        0.134375,
        0.138959,
        0.13725,
        0.12675,
        0.12770800000000002,
        0.13708399999999998,
        0.125541,
        0.121792,
        0.121792,
        0.151208,
        0.13525,
        0.13533299999999998,
        0.112875,
        0.125125,
        0.11975,
        0.114167,
        0.109958,
        0.12237500000000001,
        0.125667,
        0.11808400000000001,
        0.123041,
        0.12075,
        0.12475,
        0.110334,
        0.11691700000000001,
        0.135833,
        0.13012500000000002,
        0.351209,
        0.312667,
        0.242959,
        0.221083,
        0.156583,
        0.166167,
        0.144583,
        0.14166600000000001,
        0.130875,
        0.126083,
        0.127167,
        0.124583,
        0.123583,
        0.123208,
        0.12079200000000001,
        0.11904200000000001,
        0.12270900000000001,
        0.109292,
        0.113042,
        0.10641600000000001,
        0.110792,
        0.105709,
        0.108625,
        0.114,
        0.111625,
        0.11854200000000001,
        0.10625,
        0.104625,
        0.103667,
        0.104291,
        0.1205,
        0.12575,
        0.124,
        0.11366699999999999,
        0.119292,
        0.120333,
        0.111875,
        0.112292,
        0.11687499999999999,
        0.110584,
        0.108917,
        0.105834,
        0.1095,
        0.109917,
        0.105708,
        0.106541,
        0.12025,
        0.11425,
        0.103,
        0.107416,
        0.109042,
        0.117542,
        0.10483300000000001,
        0.10579200000000001,
        0.110541,
        0.110166,
        0.102208,
        0.10500000000000001,
        0.106958,
        0.105833,
        0.09962499999999999,
        0.098083,
        0.116792,
        0.11395799999999999,
        0.241583,
        0.258,
        0.20550000000000002,
        0.189792,
        0.137333,
        0.145875,
        0.131541,
        0.132459,
        0.12441700000000001,
        0.11474999999999999,
        0.12358399999999999,
        0.120917,
        0.109875,
        0.111416,
        0.114084,
        0.110042,
        0.111792,
        0.121167,
        0.10708300000000001,
        0.102792,
        0.09833299999999999,
        0.099375,
        0.100334,
        0.102167,
        0.094458,
        0.094042,
        0.09225000000000001,
        0.090459,
        0.087042,
        0.0925,
        0.10575,
        0.108584,
        0.106875,
        0.106375,
        0.112334,
        0.106458,
        0.11349999999999999,
        0.10241700000000001,
        0.111833,
        0.107208,
        0.104708,
        0.170292,
        0.13449999999999998,
        0.111708,
        0.103166,
        0.097291,
        0.112417,
        0.10875,
        0.10291700000000001,
        0.10124999999999999,
        0.111167,
        0.105875,
        0.098625,
        0.104792,
        0.10108299999999999,
        0.10375,
        0.10241700000000001,
        0.10466700000000001,
        0.099542,
        0.10104199999999999,
        0.097209,
        0.106625,
        0.106542,
        0.109875,
        0.234208,
        0.236375,
        0.195375,
        0.177083,
        0.142542,
        0.141875,
        0.1275,
        0.123416
      ],
      "rss_kib": 16624,
      "server_cpu_s": 0.022639666666666655,
      "viewer_bytes": 879220
    }
  ]
}
