{
  "fux": "/private/tmp/fux-codebase-work/release-baseline/release/fux",
  "limits": "Recovery of a real pane after a controlled lost create reply. Elapsed includes CLI startup and 10 ms fixture proxy/subprocess polling. CPU and RSS here cover the fux server only, not zor CLI or descendants. Journal bytes are logical size, not physical writes; no fsync timing isolation.",
  "samples": [
    {
      "committed_attachment": true,
      "creates": 1,
      "idempotent_recovery_ms": 25.454041,
      "journal_bytes": 1648,
      "recovery_ms": 41.075708000000006,
      "server_cpu_s": 0.0003387083333333332,
      "server_rss_kib": 7760
    },
    {
      "committed_attachment": true,
      "creates": 2,
      "idempotent_recovery_ms": 37.796209,
      "journal_bytes": 3136,
      "recovery_ms": 52.432166,
      "server_cpu_s": 0.00031462499999999893,
      "server_rss_kib": 7968
    },
    {
      "committed_attachment": true,
      "creates": 3,
      "idempotent_recovery_ms": 45.808375,
      "journal_bytes": 4624,
      "recovery_ms": 42.851,
      "server_cpu_s": 0.00033958333333333757,
      "server_rss_kib": 8288
    },
    {
      "committed_attachment": true,
      "creates": 4,
      "idempotent_recovery_ms": 36.791916,
      "journal_bytes": 6112,
      "recovery_ms": 38.9055,
      "server_cpu_s": 0.000293874999999999,
      "server_rss_kib": 8288
    },
    {
      "committed_attachment": true,
      "creates": 5,
      "idempotent_recovery_ms": 40.244292,
      "journal_bytes": 7600,
      "recovery_ms": 51.897125,
      "server_cpu_s": 0.00045933333333333243,
      "server_rss_kib": 8304
    },
    {
      "committed_attachment": true,
      "creates": 6,
      "idempotent_recovery_ms": 26.493625,
      "journal_bytes": 9088,
      "recovery_ms": 27.194167,
      "server_cpu_s": 0.0003498749999999995,
      "server_rss_kib": 8368
    },
    {
      "committed_attachment": true,
      "creates": 7,
      "idempotent_recovery_ms": 24.510125000000002,
      "journal_bytes": 10576,
      "recovery_ms": 39.475083,
      "server_cpu_s": 0.00021587500000000426,
      "server_rss_kib": 8384
    },
    {
      "committed_attachment": true,
      "creates": 8,
      "idempotent_recovery_ms": 41.769083,
      "journal_bytes": 12064,
      "recovery_ms": 35.000958,
      "server_cpu_s": 0.0004783333333333306,
      "server_rss_kib": 8384
    },
    {
      "committed_attachment": true,
      "creates": 9,
      "idempotent_recovery_ms": 42.487207999999995,
      "journal_bytes": 13554,
      "recovery_ms": 46.615875,
      "server_cpu_s": 0.00038941666666666985,
      "server_rss_kib": 8400
    },
    {
      "committed_attachment": true,
      "creates": 10,
      "idempotent_recovery_ms": 27.37525,
      "journal_bytes": 15044,
      "recovery_ms": 52.66025,
      "server_cpu_s": 0.00028920833333334617,
      "server_rss_kib": 8464
    },
    {
      "committed_attachment": true,
      "creates": 11,
      "idempotent_recovery_ms": 37.781833,
      "journal_bytes": 16540,
      "recovery_ms": 44.006459,
      "server_cpu_s": 0.00043762499999999704,
      "server_rss_kib": 8496
    },
    {
      "committed_attachment": true,
      "creates": 12,
      "idempotent_recovery_ms": 30.133625000000002,
      "journal_bytes": 18036,
      "recovery_ms": 43.615834,
      "server_cpu_s": 0.00022083333333336452,
      "server_rss_kib": 8512
    }
  ],
  "zor": "/private/tmp/fux-codebase-work/release-baseline/release/zor"
}
