{
  "fux": "/private/tmp/fux-codebase-work/release-baseline/release/fux",
  "limits": "Recovery of a real pane after a controlled lost create reply. Elapsed includes CLI startup and 10 ms fixture proxy/subprocess polling. CPU and RSS here cover the fux server only, not zor CLI or descendants. Journal bytes are logical size, not physical writes; no fsync timing isolation.",
  "samples": [
    {
      "committed_attachment": true,
      "creates": 1,
      "idempotent_recovery_ms": 26.605166,
      "journal_bytes": 1648,
      "recovery_ms": 40.988542,
      "server_cpu_s": 0.00028079166666666617,
      "server_rss_kib": 7648
    },
    {
      "committed_attachment": true,
      "creates": 2,
      "idempotent_recovery_ms": 29.765584,
      "journal_bytes": 3136,
      "recovery_ms": 41.947959,
      "server_cpu_s": 0.00021837499999999982,
      "server_rss_kib": 7904
    },
    {
      "committed_attachment": true,
      "creates": 3,
      "idempotent_recovery_ms": 25.659416,
      "journal_bytes": 4624,
      "recovery_ms": 25.856707999999998,
      "server_cpu_s": 0.00020870833333333505,
      "server_rss_kib": 7904
    },
    {
      "committed_attachment": true,
      "creates": 4,
      "idempotent_recovery_ms": 28.097292,
      "journal_bytes": 6112,
      "recovery_ms": 53.063541,
      "server_cpu_s": 0.00041587500000000305,
      "server_rss_kib": 7984
    },
    {
      "committed_attachment": true,
      "creates": 5,
      "idempotent_recovery_ms": 29.280082999999998,
      "journal_bytes": 7600,
      "recovery_ms": 50.598375000000004,
      "server_cpu_s": 0.00037079166666666163,
      "server_rss_kib": 8112
    },
    {
      "committed_attachment": true,
      "creates": 6,
      "idempotent_recovery_ms": 25.850875,
      "journal_bytes": 9088,
      "recovery_ms": 30.682833,
      "server_cpu_s": 0.000239375,
      "server_rss_kib": 8176
    },
    {
      "committed_attachment": true,
      "creates": 7,
      "idempotent_recovery_ms": 40.196957999999995,
      "journal_bytes": 10576,
      "recovery_ms": 37.380958,
      "server_cpu_s": 0.0005291250000000053,
      "server_rss_kib": 8176
    },
    {
      "committed_attachment": true,
      "creates": 8,
      "idempotent_recovery_ms": 25.128209,
      "journal_bytes": 12064,
      "recovery_ms": 44.74525,
      "server_cpu_s": 0.0004556666666666459,
      "server_rss_kib": 8176
    },
    {
      "committed_attachment": true,
      "creates": 9,
      "idempotent_recovery_ms": 25.777791,
      "journal_bytes": 13554,
      "recovery_ms": 38.209875,
      "server_cpu_s": 0.00027245833333335023,
      "server_rss_kib": 8192
    },
    {
      "committed_attachment": true,
      "creates": 10,
      "idempotent_recovery_ms": 41.22175,
      "journal_bytes": 15044,
      "recovery_ms": 41.725208,
      "server_cpu_s": 0.0003502499999999964,
      "server_rss_kib": 8192
    },
    {
      "committed_attachment": true,
      "creates": 11,
      "idempotent_recovery_ms": 41.563250000000004,
      "journal_bytes": 16540,
      "recovery_ms": 37.704833,
      "server_cpu_s": 0.00041583333333330974,
      "server_rss_kib": 8304
    },
    {
      "committed_attachment": true,
      "creates": 12,
      "idempotent_recovery_ms": 29.493875,
      "journal_bytes": 18036,
      "recovery_ms": 52.474166000000004,
      "server_cpu_s": 0.0002845416666666378,
      "server_rss_kib": 8400
    }
  ],
  "zor": "/private/tmp/fux-codebase-work/release-baseline/release/zor"
}
