operation=0 replies=[]
size=(4, 12) cursor=(0, 0) modes=(false, false, false, false) mouse=None encoding=Default attrs=Default/Default/0
row=0 wrapped=false
cell=0 text="a" wide=false continuation=false attrs=Default/Default/0
cell=1 text="b" wide=false continuation=false attrs=Default/Default/0
cell=2 text="c" wide=false continuation=false attrs=Default/Default/0
cell=3 text="d" wide=false continuation=false attrs=Default/Default/0
cell=4 text="e" wide=false continuation=false attrs=Default/Default/0
cell=5 text="f" wide=false continuation=false attrs=Default/Default/0
row=1 wrapped=false
row=2 wrapped=false
row=3 wrapped=false
operation=1 replies=[]
size=(4, 12) cursor=(0, 0) modes=(false, false, false, false) mouse=None encoding=Default attrs=Default/Default/0
row=0 wrapped=false
cell=2 text="a" wide=false continuation=false attrs=Default/Default/0
cell=3 text="b" wide=false continuation=false attrs=Default/Default/0
cell=4 text="c" wide=false continuation=false attrs=Default/Default/0
cell=5 text="d" wide=false continuation=false attrs=Default/Default/0
cell=6 text="e" wide=false continuation=false attrs=Default/Default/0
cell=7 text="f" wide=false continuation=false attrs=Default/Default/0
row=1 wrapped=false
row=2 wrapped=false
row=3 wrapped=false
operation=2 replies=[]
size=(4, 12) cursor=(0, 2) modes=(false, false, false, false) mouse=None encoding=Default attrs=Default/Default/0
row=0 wrapped=false
cell=2 text="d" wide=false continuation=false attrs=Default/Default/0
cell=3 text="e" wide=false continuation=false attrs=Default/Default/0
cell=4 text="f" wide=false continuation=false attrs=Default/Default/0
row=1 wrapped=false
row=2 wrapped=false
row=3 wrapped=false
operation=3 replies=[]
size=(4, 12) cursor=(0, 2) modes=(false, false, false, false) mouse=None encoding=Default attrs=Default/Idx(4)/0
row=0 wrapped=false
cell=2 text="" wide=false continuation=false attrs=Default/Idx(4)/0
cell=3 text="" wide=false continuation=false attrs=Default/Idx(4)/0
cell=4 text="f" wide=false continuation=false attrs=Default/Default/0
row=1 wrapped=false
row=2 wrapped=false
row=3 wrapped=false
operation=4 replies=[]
size=(4, 12) cursor=(0, 2) modes=(false, false, false, false) mouse=None encoding=Default attrs=Default/Idx(4)/0
row=0 wrapped=false
cell=0 text="" wide=false continuation=false attrs=Default/Idx(4)/0
cell=1 text="" wide=false continuation=false attrs=Default/Idx(4)/0
cell=2 text="" wide=false continuation=false attrs=Default/Idx(4)/0
cell=3 text="" wide=false continuation=false attrs=Default/Idx(4)/0
cell=4 text="f" wide=false continuation=false attrs=Default/Default/0
row=1 wrapped=false
row=2 wrapped=false
row=3 wrapped=false
operation=5 replies=[]
size=(4, 12) cursor=(0, 2) modes=(false, false, false, false) mouse=None encoding=Default attrs=Default/Idx(4)/0
row=0 wrapped=false
cell=0 text="" wide=false continuation=false attrs=Default/Idx(4)/0
cell=1 text="" wide=false continuation=false attrs=Default/Idx(4)/0
cell=2 text="" wide=false continuation=false attrs=Default/Idx(4)/0
cell=3 text="" wide=false continuation=false attrs=Default/Idx(4)/0
cell=4 text="" wide=false continuation=false attrs=Default/Idx(4)/0
cell=5 text="" wide=false continuation=false attrs=Default/Idx(4)/0
cell=6 text="" wide=false continuation=false attrs=Default/Idx(4)/0
cell=7 text="" wide=false continuation=false attrs=Default/Idx(4)/0
cell=8 text="" wide=false continuation=false attrs=Default/Idx(4)/0
cell=9 text="" wide=false continuation=false attrs=Default/Idx(4)/0
cell=10 text="" wide=false continuation=false attrs=Default/Idx(4)/0
cell=11 text="" wide=false continuation=false attrs=Default/Idx(4)/0
row=1 wrapped=false
row=2 wrapped=false
row=3 wrapped=false
operation=6 replies=[]
size=(4, 12) cursor=(0, 2) modes=(false, false, false, false) mouse=None encoding=Default attrs=Default/Idx(4)/0
row=0 wrapped=false
cell=0 text="" wide=false continuation=false attrs=Default/Idx(4)/0
cell=1 text="" wide=false continuation=false attrs=Default/Idx(4)/0
cell=2 text="" wide=false continuation=false attrs=Default/Idx(4)/0
cell=3 text="" wide=false continuation=false attrs=Default/Idx(4)/0
cell=4 text="" wide=false continuation=false attrs=Default/Idx(4)/0
cell=5 text="" wide=false continuation=false attrs=Default/Idx(4)/0
cell=6 text="" wide=false continuation=false attrs=Default/Idx(4)/0
cell=7 text="" wide=false continuation=false attrs=Default/Idx(4)/0
cell=8 text="" wide=false continuation=false attrs=Default/Idx(4)/0
cell=9 text="" wide=false continuation=false attrs=Default/Idx(4)/0
cell=10 text="" wide=false continuation=false attrs=Default/Idx(4)/0
cell=11 text="" wide=false continuation=false attrs=Default/Idx(4)/0
row=1 wrapped=false
row=2 wrapped=false
row=3 wrapped=false
operation=7 replies=[]
size=(4, 12) cursor=(0, 2) modes=(false, false, false, false) mouse=None encoding=Default attrs=Default/Idx(4)/0
row=0 wrapped=false
cell=0 text="" wide=false continuation=false attrs=Default/Idx(4)/0
cell=1 text="" wide=false continuation=false attrs=Default/Idx(4)/0
cell=2 text="" wide=false continuation=false attrs=Default/Idx(4)/0
cell=3 text="" wide=false continuation=false attrs=Default/Idx(4)/0
cell=4 text="" wide=false continuation=false attrs=Default/Idx(4)/0
cell=5 text="" wide=false continuation=false attrs=Default/Idx(4)/0
cell=6 text="" wide=false continuation=false attrs=Default/Idx(4)/0
cell=7 text="" wide=false continuation=false attrs=Default/Idx(4)/0
cell=8 text="" wide=false continuation=false attrs=Default/Idx(4)/0
cell=9 text="" wide=false continuation=false attrs=Default/Idx(4)/0
cell=10 text="" wide=false continuation=false attrs=Default/Idx(4)/0
cell=11 text="" wide=false continuation=false attrs=Default/Idx(4)/0
row=1 wrapped=false
cell=0 text="" wide=false continuation=false attrs=Default/Idx(4)/0
cell=1 text="" wide=false continuation=false attrs=Default/Idx(4)/0
cell=2 text="" wide=false continuation=false attrs=Default/Idx(4)/0
cell=3 text="" wide=false continuation=false attrs=Default/Idx(4)/0
cell=4 text="" wide=false continuation=false attrs=Default/Idx(4)/0
cell=5 text="" wide=false continuation=false attrs=Default/Idx(4)/0
cell=6 text="" wide=false continuation=false attrs=Default/Idx(4)/0
cell=7 text="" wide=false continuation=false attrs=Default/Idx(4)/0
cell=8 text="" wide=false continuation=false attrs=Default/Idx(4)/0
cell=9 text="" wide=false continuation=false attrs=Default/Idx(4)/0
cell=10 text="" wide=false continuation=false attrs=Default/Idx(4)/0
cell=11 text="" wide=false continuation=false attrs=Default/Idx(4)/0
row=2 wrapped=false
cell=0 text="" wide=false continuation=false attrs=Default/Idx(4)/0
cell=1 text="" wide=false continuation=false attrs=Default/Idx(4)/0
cell=2 text="" wide=false continuation=false attrs=Default/Idx(4)/0
cell=3 text="" wide=false continuation=false attrs=Default/Idx(4)/0
cell=4 text="" wide=false continuation=false attrs=Default/Idx(4)/0
cell=5 text="" wide=false continuation=false attrs=Default/Idx(4)/0
cell=6 text="" wide=false continuation=false attrs=Default/Idx(4)/0
cell=7 text="" wide=false continuation=false attrs=Default/Idx(4)/0
cell=8 text="" wide=false continuation=false attrs=Default/Idx(4)/0
cell=9 text="" wide=false continuation=false attrs=Default/Idx(4)/0
cell=10 text="" wide=false continuation=false attrs=Default/Idx(4)/0
cell=11 text="" wide=false continuation=false attrs=Default/Idx(4)/0
row=3 wrapped=false
cell=0 text="" wide=false continuation=false attrs=Default/Idx(4)/0
cell=1 text="" wide=false continuation=false attrs=Default/Idx(4)/0
cell=2 text="" wide=false continuation=false attrs=Default/Idx(4)/0
cell=3 text="" wide=false continuation=false attrs=Default/Idx(4)/0
cell=4 text="" wide=false continuation=false attrs=Default/Idx(4)/0
cell=5 text="" wide=false continuation=false attrs=Default/Idx(4)/0
cell=6 text="" wide=false continuation=false attrs=Default/Idx(4)/0
cell=7 text="" wide=false continuation=false attrs=Default/Idx(4)/0
cell=8 text="" wide=false continuation=false attrs=Default/Idx(4)/0
cell=9 text="" wide=false continuation=false attrs=Default/Idx(4)/0
cell=10 text="" wide=false continuation=false attrs=Default/Idx(4)/0
cell=11 text="" wide=false continuation=false attrs=Default/Idx(4)/0
