{
  "fux": "/private/tmp/fux-codebase-work/release-candidate/release/fux",
  "limits": "Recovery of a real pane after a controlled lost create reply. Elapsed includes CLI startup and 10 ms subprocess observation polling. Proxy accept wakes on socket readiness, with a 10 ms maximum cancellation-check interval. Child CPU measures reaped zor CLI user+system time including startup; server CPU and sampled RSS are separate and exclude descendants. Journal bytes are logical size, not physical writes; no fsync timing isolation.",
  "samples": [
    {
      "committed_attachment": true,
      "creates": 1,
      "idempotent_recovery_ms": 13.988791,
      "journal_bytes": 1648,
      "recovery_child_cpu_ms": 3.599,
      "recovery_ms": 26.759583,
      "retry_child_cpu_ms": 3.084,
      "retry_proxy_timings": [
        {
          "accepted_ms": 3.505333,
          "finished_ms": 3.838875,
          "operation": "pane-location",
          "requested_ms": 3.650125
        },
        {
          "accepted_ms": 3.879625,
          "finished_ms": 4.123,
          "operation": "release-pane-pin",
          "requested_ms": 4.0335
        }
      ],
      "server_cpu_s": 0.0002493333333333332,
      "server_rss_kib": 7824
    },
    {
      "committed_attachment": true,
      "creates": 2,
      "idempotent_recovery_ms": 15.658333,
      "journal_bytes": 3136,
      "recovery_child_cpu_ms": 4.293,
      "recovery_ms": 22.023,
      "retry_child_cpu_ms": 3.404,
      "retry_proxy_timings": [
        {
          "accepted_ms": 3.6819159999999997,
          "finished_ms": 3.987666,
          "operation": "pane-location",
          "requested_ms": 3.835583
        },
        {
          "accepted_ms": 4.038166,
          "finished_ms": 4.322416,
          "operation": "release-pane-pin",
          "requested_ms": 4.214125
        }
      ],
      "server_cpu_s": 0.00020204166666666634,
      "server_rss_kib": 7984
    },
    {
      "committed_attachment": true,
      "creates": 3,
      "idempotent_recovery_ms": 15.957915999999999,
      "journal_bytes": 4624,
      "recovery_child_cpu_ms": 4.474,
      "recovery_ms": 38.280417,
      "retry_child_cpu_ms": 3.737,
      "retry_proxy_timings": [
        {
          "accepted_ms": 4.2392080000000005,
          "finished_ms": 4.552375,
          "operation": "pane-location",
          "requested_ms": 4.3932080000000004
        },
        {
          "accepted_ms": 4.602875,
          "finished_ms": 4.892583,
          "operation": "release-pane-pin",
          "requested_ms": 4.785583000000001
        }
      ],
      "server_cpu_s": 0.00029679166666666396,
      "server_rss_kib": 8048
    },
    {
      "committed_attachment": true,
      "creates": 4,
      "idempotent_recovery_ms": 15.665249999999999,
      "journal_bytes": 6112,
      "recovery_child_cpu_ms": 4.168,
      "recovery_ms": 24.052125,
      "retry_child_cpu_ms": 3.495,
      "retry_proxy_timings": [
        {
          "accepted_ms": 3.766458,
          "finished_ms": 4.064583,
          "operation": "pane-location",
          "requested_ms": 3.918583
        },
        {
          "accepted_ms": 4.109375,
          "finished_ms": 4.373082999999999,
          "operation": "release-pane-pin",
          "requested_ms": 4.278916
        }
      ],
      "server_cpu_s": 0.00021566666666666262,
      "server_rss_kib": 8048
    },
    {
      "committed_attachment": true,
      "creates": 5,
      "idempotent_recovery_ms": 14.744416999999999,
      "journal_bytes": 7600,
      "recovery_child_cpu_ms": 3.946,
      "recovery_ms": 22.282415999999998,
      "retry_child_cpu_ms": 3.461,
      "retry_proxy_timings": [
        {
          "accepted_ms": 3.664292,
          "finished_ms": 4.007709,
          "operation": "pane-location",
          "requested_ms": 3.825584
        },
        {
          "accepted_ms": 4.055542,
          "finished_ms": 4.3400419999999995,
          "operation": "release-pane-pin",
          "requested_ms": 4.228084
        }
      ],
      "server_cpu_s": 0.0002113333333333342,
      "server_rss_kib": 8048
    },
    {
      "committed_attachment": true,
      "creates": 6,
      "idempotent_recovery_ms": 12.363000000000001,
      "journal_bytes": 9088,
      "recovery_child_cpu_ms": 5.141,
      "recovery_ms": 25.633291,
      "retry_child_cpu_ms": 3.989,
      "retry_proxy_timings": [
        {
          "accepted_ms": 4.33725,
          "finished_ms": 4.690542,
          "operation": "pane-location",
          "requested_ms": 4.512375
        },
        {
          "accepted_ms": 4.743167000000001,
          "finished_ms": 5.067167,
          "operation": "release-pane-pin",
          "requested_ms": 4.945042
        }
      ],
      "server_cpu_s": 0.0002623750000000022,
      "server_rss_kib": 8112
    },
    {
      "committed_attachment": true,
      "creates": 7,
      "idempotent_recovery_ms": 11.684750000000001,
      "journal_bytes": 10576,
      "recovery_child_cpu_ms": 5.564,
      "recovery_ms": 39.449,
      "retry_child_cpu_ms": 4.653,
      "retry_proxy_timings": [
        {
          "accepted_ms": 5.00125,
          "finished_ms": 5.413042,
          "operation": "pane-location",
          "requested_ms": 5.212292000000001
        },
        {
          "accepted_ms": 5.473667,
          "finished_ms": 5.839584,
          "operation": "release-pane-pin",
          "requested_ms": 5.710167
        }
      ],
      "server_cpu_s": 0.00027745833333334136,
      "server_rss_kib": 8144
    },
    {
      "committed_attachment": true,
      "creates": 8,
      "idempotent_recovery_ms": 15.658499999999998,
      "journal_bytes": 12064,
      "recovery_child_cpu_ms": 4.213,
      "recovery_ms": 43.929167,
      "retry_child_cpu_ms": 3.538,
      "retry_proxy_timings": [
        {
          "accepted_ms": 3.804959,
          "finished_ms": 4.106292,
          "operation": "pane-location",
          "requested_ms": 3.9632089999999995
        },
        {
          "accepted_ms": 4.154625,
          "finished_ms": 4.444542,
          "operation": "release-pane-pin",
          "requested_ms": 4.3255419999999996
        }
      ],
      "server_cpu_s": 0.0002527083333333513,
      "server_rss_kib": 8144
    },
    {
      "committed_attachment": true,
      "creates": 9,
      "idempotent_recovery_ms": 13.092542,
      "journal_bytes": 13554,
      "recovery_child_cpu_ms": 4.014,
      "recovery_ms": 27.086167,
      "retry_child_cpu_ms": 3.024,
      "retry_proxy_timings": [
        {
          "accepted_ms": 3.286458,
          "finished_ms": 3.554167,
          "operation": "pane-location",
          "requested_ms": 3.424292
        },
        {
          "accepted_ms": 3.594333,
          "finished_ms": 3.833958,
          "operation": "release-pane-pin",
          "requested_ms": 3.747875
        }
      ],
      "server_cpu_s": 0.00018491666666665962,
      "server_rss_kib": 8176
    },
    {
      "committed_attachment": true,
      "creates": 10,
      "idempotent_recovery_ms": 13.116542,
      "journal_bytes": 15044,
      "recovery_child_cpu_ms": 4.204,
      "recovery_ms": 26.771083,
      "retry_child_cpu_ms": 3.373,
      "retry_proxy_timings": [
        {
          "accepted_ms": 3.572583,
          "finished_ms": 3.8707920000000002,
          "operation": "pane-location",
          "requested_ms": 3.72525
        },
        {
          "accepted_ms": 3.918583,
          "finished_ms": 4.186167,
          "operation": "release-pane-pin",
          "requested_ms": 4.090208
        }
      ],
      "server_cpu_s": 0.000190875000000007,
      "server_rss_kib": 8176
    },
    {
      "committed_attachment": true,
      "creates": 11,
      "idempotent_recovery_ms": 13.434875,
      "journal_bytes": 16540,
      "recovery_child_cpu_ms": 5.231,
      "recovery_ms": 28.297,
      "retry_child_cpu_ms": 4.451,
      "retry_proxy_timings": [
        {
          "accepted_ms": 4.846917,
          "finished_ms": 5.2315000000000005,
          "operation": "pane-location",
          "requested_ms": 5.047333
        },
        {
          "accepted_ms": 5.289208,
          "finished_ms": 5.61375,
          "operation": "release-pane-pin",
          "requested_ms": 5.489166999999999
        }
      ],
      "server_cpu_s": 0.00027720833333334804,
      "server_rss_kib": 8256
    },
    {
      "committed_attachment": true,
      "creates": 12,
      "idempotent_recovery_ms": 15.834791000000001,
      "journal_bytes": 18036,
      "recovery_child_cpu_ms": 4.905,
      "recovery_ms": 29.034875000000003,
      "retry_child_cpu_ms": 4.13,
      "retry_proxy_timings": [
        {
          "accepted_ms": 4.463166,
          "finished_ms": 4.819333,
          "operation": "pane-location",
          "requested_ms": 4.6414159999999995
        },
        {
          "accepted_ms": 4.875375,
          "finished_ms": 5.218291,
          "operation": "release-pane-pin",
          "requested_ms": 5.086125
        }
      ],
      "server_cpu_s": 0.00026750000000000385,
      "server_rss_kib": 8256
    }
  ],
  "zor": "/private/tmp/fux-codebase-work/release-candidate/release/zor"
}
