{
  "binary": "/private/tmp/fux-codebase-work/release-baseline/release/fux",
  "geometry": [
    60,
    200
  ],
  "measurement": "control request completion, not rendered latency",
  "results": [
    {
      "delta": 2000,
      "elapsed_s": 0.114171875,
      "operations": 200,
      "panes": 2,
      "preflight_dimension_changes": 200,
      "request_median_ms": 0.25783300000000003,
      "request_p95_ms": 0.351209,
      "request_samples_ms": [
        0.48020799999999997,
        0.392375,
        0.402333,
        0.383708,
        0.358416,
        0.372791,
        0.347333,
        0.351209,
        0.338708,
        0.364875,
        0.361417,
        0.35091700000000003,
        0.33829200000000004,
        0.36162500000000003,
        0.33875,
        0.337041,
        0.32766700000000004,
        0.332834,
        0.333167,
        0.32320899999999997,
        0.312458,
        0.322792,
        0.326084,
        0.328333,
        0.31791600000000003,
        0.328209,
        0.31425000000000003,
        0.3215,
        0.302959,
        0.317666,
        0.306709,
        0.31375000000000003,
        0.324542,
        0.299458,
        0.32625,
        0.300542,
        0.317416,
        0.29474999999999996,
        0.293375,
        0.2935,
        0.290667,
        0.29562499999999997,
        0.297958,
        0.28808300000000003,
        0.301583,
        0.29016600000000004,
        0.309542,
        0.29100000000000004,
        0.2925,
        0.29474999999999996,
        0.300125,
        0.282583,
        0.289667,
        0.28200000000000003,
        0.289333,
        0.281833,
        0.279041,
        0.289708,
        0.29112499999999997,
        0.28350000000000003,
        0.283333,
        0.289583,
        0.277209,
        0.27349999999999997,
        0.27325,
        0.28141700000000003,
        0.276459,
        0.269834,
        0.263667,
        0.279708,
        0.274333,
        0.273333,
        0.26775,
        0.26637500000000003,
        0.27399999999999997,
        0.264625,
        0.270083,
        0.270667,
        0.261417,
        0.267917,
        0.258958,
        0.26525000000000004,
        0.270583,
        0.272791,
        0.27358299999999997,
        0.26154200000000005,
        0.250291,
        0.274666,
        0.255083,
        0.251,
        0.256042,
        0.247959,
        0.25462500000000005,
        0.24875,
        0.252,
        0.25133300000000003,
        0.251542,
        0.24600000000000002,
        0.25758299999999995,
        0.246792,
        0.249209,
        0.253209,
        0.269958,
        0.25225,
        0.258125,
        0.257667,
        0.252291,
        0.252417,
        0.24983299999999997,
        0.254333,
        0.25275,
        0.262625,
        0.264666,
        0.24683399999999997,
        0.260375,
        0.257875,
        0.25116700000000003,
        0.258125,
        0.247083,
        0.261833,
        0.243167,
        0.243792,
        0.264125,
        0.239375,
        0.248375,
        0.24216600000000002,
        0.248375,
        0.252791,
        0.243291,
        0.244584,
        0.255125,
        0.239667,
        0.242708,
        0.2505,
        0.244625,
        0.24141700000000002,
        0.2405,
        0.240833,
        0.244167,
        0.232792,
        0.26425,
        0.241208,
        0.24983299999999997,
        0.24483300000000002,
        0.24566600000000002,
        0.242375,
        0.24449999999999997,
        0.241167,
        0.24420799999999998,
        0.24158400000000002,
        0.253209,
        0.23458299999999999,
        0.241167,
        0.262708,
        0.257083,
        0.241208,
        0.24125000000000002,
        0.24225,
        0.24495799999999998,
        0.24000000000000002,
        0.25783300000000003,
        0.242875,
        0.241625,
        0.242458,
        0.24229199999999998,
        0.241291,
        0.250458,
        0.23900000000000002,
        0.251625,
        0.24745799999999998,
        0.252333,
        0.243958,
        0.24000000000000002,
        0.234292,
        0.251209,
        0.240458,
        0.240708,
        0.24695899999999998,
        0.26275000000000004,
        0.241667,
        0.244625,
        0.241833,
        0.244791,
        0.241334,
        0.24087499999999998,
        0.233542,
        0.2515,
        0.24158400000000002,
        0.24729199999999998,
        0.2415,
        0.24275,
        0.243583,
        0.2495,
        0.255,
        0.24245899999999998,
        0.245334,
        0.243042,
        0.24033400000000002,
        0.25395799999999996,
        0.234958
      ],
      "rss_kib": 11376,
      "server_cpu_s": 0.051590625,
      "viewer_bytes": 900150
    },
    {
      "delta": 2000,
      "elapsed_s": 0.07533625,
      "operations": 200,
      "panes": 8,
      "preflight_dimension_changes": 200,
      "request_median_ms": 0.128542,
      "request_p95_ms": 0.207458,
      "request_samples_ms": [
        0.276584,
        0.25179199999999996,
        0.175375,
        0.170833,
        0.138583,
        0.137209,
        0.179041,
        0.171875,
        0.16825,
        0.17741600000000002,
        0.183458,
        0.16775,
        0.264167,
        0.149542,
        0.17533300000000002,
        0.171,
        0.230958,
        0.22412500000000002,
        0.164,
        0.155209,
        0.130666,
        0.12791699999999998,
        0.158709,
        0.162084,
        0.169125,
        0.161583,
        0.163666,
        0.161334,
        0.12504200000000001,
        0.124,
        0.15270799999999998,
        0.15775,
        0.216541,
        0.207458,
        0.15425,
        0.151833,
        0.120333,
        0.1185,
        0.14837499999999998,
        0.149791,
        0.14854199999999998,
        0.148667,
        0.158875,
        0.175334,
        0.123542,
        0.122042,
        0.153,
        0.24870799999999998,
        0.24691699999999997,
        0.202458,
        0.146417,
        0.149208,
        0.124125,
        0.124,
        0.1525,
        0.15079199999999998,
        0.14475,
        0.139834,
        0.156542,
        0.13920800000000003,
        0.116166,
        0.115375,
        0.141208,
        0.147875,
        0.207708,
        0.20654199999999998,
        0.149125,
        0.14758300000000002,
        0.121209,
        0.12220800000000001,
        0.162375,
        0.14858300000000002,
        0.145042,
        0.135958,
        0.128542,
        0.123042,
        0.096833,
        0.092459,
        0.118584,
        0.12570800000000001,
        0.171125,
        0.171542,
        0.117042,
        0.113833,
        0.090667,
        0.108541,
        0.136042,
        0.13733399999999998,
        0.163334,
        0.140708,
        0.16124999999999998,
        0.145708,
        0.128417,
        0.146875,
        0.170041,
        0.138292,
        0.193083,
        0.1815,
        0.117209,
        0.1215,
        0.110791,
        0.10045899999999999,
        0.121542,
        0.12125000000000001,
        0.126167,
        0.11687499999999999,
        0.135666,
        0.120417,
        0.104625,
        0.10166700000000001,
        0.126083,
        0.12433299999999999,
        0.169625,
        0.16449999999999998,
        0.12012500000000001,
        0.113542,
        0.103459,
        0.107625,
        0.117625,
        0.121,
        0.123542,
        0.112,
        0.119208,
        0.14925,
        0.110458,
        0.12095800000000001,
        0.170583,
        0.13983299999999999,
        0.177875,
        0.175709,
        0.120833,
        0.121916,
        0.09975,
        0.107625,
        0.12466699999999999,
        0.12345800000000001,
        0.123292,
        0.121,
        0.126666,
        0.12391600000000001,
        0.107333,
        0.10433300000000001,
        0.126833,
        0.12362500000000001,
        0.16816699999999998,
        0.166584,
        0.12216700000000001,
        0.128375,
        0.10337500000000001,
        0.1,
        0.121084,
        0.12587500000000001,
        0.119875,
        0.12245800000000001,
        0.125584,
        0.12262500000000001,
        0.097666,
        0.09962499999999999,
        0.128291,
        0.124375,
        0.173291,
        0.16899999999999998,
        0.12279200000000001,
        0.125917,
        0.105542,
        0.104292,
        0.12695800000000002,
        0.127834,
        0.128625,
        0.127166,
        0.13674999999999998,
        0.125958,
        0.104,
        0.104625,
        0.12487500000000001,
        0.124833,
        0.17775000000000002,
        0.178417,
        0.125292,
        0.126792,
        0.10525,
        0.10416600000000001,
        0.124542,
        0.126333,
        0.200084,
        0.200625,
        0.157375,
        0.128917,
        0.1145,
        0.106,
        0.13104100000000002,
        0.126,
        0.177458,
        0.171,
        0.13137500000000002,
        0.13525,
        0.10804200000000001,
        0.10341700000000001,
        0.126084,
        0.127125
      ],
      "rss_kib": 12608,
      "server_cpu_s": 0.024198375000000008,
      "viewer_bytes": 678296
    },
    {
      "delta": 2000,
      "elapsed_s": 0.086600083,
      "operations": 200,
      "panes": 32,
      "preflight_dimension_changes": 200,
      "request_median_ms": 0.11887500000000001,
      "request_p95_ms": 0.229708,
      "request_samples_ms": [
        0.432,
        0.35108300000000003,
        0.281375,
        0.259208,
        0.25175000000000003,
        0.195708,
        0.17625,
        0.177084,
        0.168209,
        0.15954200000000002,
        0.150167,
        0.1535,
        0.14770899999999998,
        0.14675,
        0.142625,
        0.136167,
        0.141875,
        0.128917,
        0.129416,
        0.137916,
        0.132167,
        0.128083,
        0.132084,
        0.127458,
        0.129542,
        0.135792,
        0.13224999999999998,
        0.12975,
        0.127666,
        0.11950000000000001,
        0.136959,
        0.140875,
        0.12979100000000002,
        0.132125,
        0.142834,
        0.133916,
        0.126959,
        0.122958,
        0.138917,
        0.136166,
        0.13549999999999998,
        0.122834,
        0.127125,
        0.118667,
        0.11141699999999999,
        0.113875,
        0.131167,
        0.12487500000000001,
        0.11691700000000001,
        0.112875,
        0.118959,
        0.129,
        0.11649999999999999,
        0.12495900000000001,
        0.125459,
        0.123917,
        0.113583,
        0.111708,
        0.11816600000000001,
        0.11325,
        0.11666699999999999,
        0.111375,
        0.125667,
        0.134208,
        0.281833,
        0.270709,
        0.219541,
        0.1985,
        0.158417,
        0.150834,
        0.145334,
        0.135708,
        0.1275,
        0.1225,
        0.128875,
        0.122125,
        0.13666599999999998,
        0.128916,
        0.12291599999999998,
        0.119125,
        0.11529199999999999,
        0.108791,
        0.109792,
        0.112333,
        0.107042,
        0.117542,
        0.112834,
        0.111166,
        0.108875,
        0.11175,
        0.118,
        0.11029199999999999,
        0.110542,
        0.10437500000000001,
        0.12316700000000001,
        0.11837500000000001,
        0.13154200000000002,
        0.12254200000000001,
        0.130959,
        0.121167,
        0.110208,
        0.117375,
        0.12300000000000001,
        0.11366699999999999,
        0.122541,
        0.11412499999999999,
        0.120417,
        0.115125,
        0.10054099999999999,
        0.109833,
        0.117958,
        0.112125,
        0.104875,
        0.110833,
        0.106958,
        0.1725,
        0.179917,
        0.124583,
        0.1225,
        0.121542,
        0.121542,
        0.10129200000000001,
        0.096458,
        0.09475,
        0.098,
        0.08429199999999999,
        0.101333,
        0.099709,
        0.240041,
        0.223,
        0.156292,
        0.160834,
        0.13908299999999998,
        0.15075,
        0.129208,
        0.141458,
        0.11887500000000001,
        0.110542,
        0.114083,
        0.121834,
        0.109291,
        0.09737499999999999,
        0.090667,
        0.10341700000000001,
        0.08666700000000001,
        0.08541699999999999,
        0.08541699999999999,
        0.094208,
        0.093292,
        0.091042,
        0.08529099999999999,
        0.091209,
        0.08654099999999999,
        0.097333,
        0.093791,
        0.091291,
        0.09325,
        0.08925,
        0.095083,
        0.107917,
        0.103959,
        0.09725,
        0.110333,
        0.09112500000000001,
        0.089417,
        0.088125,
        0.106042,
        0.10195800000000001,
        0.091167,
        0.081834,
        0.091667,
        0.096334,
        0.08512499999999999,
        0.081958,
        0.10387500000000001,
        0.107584,
        0.097083,
        0.08675,
        0.092458,
        0.087667,
        0.090083,
        0.09175,
        0.08954200000000001,
        0.089875,
        0.08375,
        0.077542,
        0.080333,
        0.080875,
        0.074958,
        0.076542,
        0.089083,
        0.09962499999999999,
        0.229708,
        0.239416,
        0.179875,
        0.184167,
        0.14375,
        0.138958,
        0.12787500000000002,
        0.12774999999999997
      ],
      "rss_kib": 16432,
      "server_cpu_s": 0.022142166666666657,
      "viewer_bytes": 879220
    }
  ]
}
