   Compiling libc v0.2.189
   Compiling version_check v0.9.5
   Compiling serde_core v1.0.229
    Checking memchr v2.8.3
   Compiling proc-macro2 v1.0.107
   Compiling unicode-ident v1.0.24
    Checking typenum v1.20.1
   Compiling quote v1.0.47
    Checking cfg-if v1.0.4
   Compiling autocfg v1.5.1
    Checking bitflags v2.13.1
   Compiling zmij v1.0.23
   Compiling cfg_aliases v0.2.2
   Compiling generic-array v0.14.7
   Compiling rustix v1.1.4
   Compiling getrandom v0.4.3
   Compiling memoffset v0.9.1
    Checking aho-corasick v1.1.5
   Compiling nix v0.30.1
    Checking winnow v1.0.4
   Compiling serde v1.0.229
   Compiling serde_json v1.0.151
    Checking arrayvec v0.7.8
    Checking itoa v1.0.18
   Compiling anyhow v1.0.104
   Compiling signal-hook v0.3.18
    Checking regex-syntax v0.8.11
    Checking crypto-common v0.1.7
    Checking block-buffer v0.10.4
    Checking vte v0.15.0
    Checking toml_parser v1.1.3+spec-1.1.0
    Checking powerfmt v0.2.0
    Checking deranged v0.5.8
    Checking num-conv v0.2.2
    Checking digest v0.10.7
    Checking unicode-width v0.2.2
    Checking winnow v0.7.15
    Checking toml_writer v1.1.2+spec-1.1.0
    Checking time-core v0.1.9
    Checking fastrand v2.5.0
    Checking once_cell v1.21.4
    Checking vt100 v0.16.2
   Compiling syn v3.0.5
    Checking errno v0.3.14
    Checking cpufeatures v0.2.17
    Checking regex-automata v0.4.18
    Checking signal-hook-registry v1.4.8
    Checking time v0.3.55
    Checking sha2 v0.10.9
   Compiling serde_derive v1.0.229
    Checking regex v1.13.1
    Checking tempfile v3.27.0
    Checking toml_datetime v0.7.5+spec-1.1.0
    Checking serde_spanned v1.1.1
    Checking toml v0.9.12+spec-1.1.0
    Checking fux-xtask v0.1.0 (/Users/kisaczka/Desktop/code/fux/tools/xtask)
    Finished `dev` profile [unoptimized + debuginfo] target(s) in 11.13s
