{
  "fux": "/private/tmp/fux-codebase-work/release-candidate/release/fux",
  "limits": "Recovery of a real pane after a controlled lost create reply. Elapsed includes CLI startup and 10 ms fixture proxy/subprocess polling. Child CPU measures reaped zor CLI user+system time including startup; server CPU and sampled RSS are separate and exclude descendants. Journal bytes are logical size, not physical writes; no fsync timing isolation.",
  "samples": [
    {
      "committed_attachment": true,
      "creates": 1,
      "idempotent_recovery_ms": 42.5515,
      "journal_bytes": 1648,
      "recovery_child_cpu_ms": 4.069,
      "recovery_ms": 66.82825000000001,
      "retry_child_cpu_ms": 3.447,
      "retry_proxy_timings": [
        {
          "accepted_ms": 15.811625,
          "finished_ms": 16.147375,
          "operation": "pane-location",
          "requested_ms": 15.961042
        },
        {
          "accepted_ms": 30.259292,
          "finished_ms": 30.547375000000002,
          "operation": "release-pane-pin",
          "requested_ms": 30.407917
        }
      ],
      "server_cpu_s": 0.0002733749999999993,
      "server_rss_kib": 7792
    },
    {
      "committed_attachment": true,
      "creates": 2,
      "idempotent_recovery_ms": 33.134125,
      "journal_bytes": 3136,
      "recovery_child_cpu_ms": 3.691,
      "recovery_ms": 36.930292,
      "retry_child_cpu_ms": 2.405,
      "retry_proxy_timings": [
        {
          "accepted_ms": 7.732416,
          "finished_ms": 7.947875,
          "operation": "pane-location",
          "requested_ms": 7.843375
        },
        {
          "accepted_ms": 22.163958,
          "finished_ms": 22.488833,
          "operation": "release-pane-pin",
          "requested_ms": 22.314416
        }
      ],
      "server_cpu_s": 0.00020379166666666462,
      "server_rss_kib": 8080
    },
    {
      "committed_attachment": true,
      "creates": 3,
      "idempotent_recovery_ms": 30.489667,
      "journal_bytes": 4624,
      "recovery_child_cpu_ms": 5.215,
      "recovery_ms": 40.88225,
      "retry_child_cpu_ms": 4.759,
      "retry_proxy_timings": [
        {
          "accepted_ms": 11.087917,
          "finished_ms": 11.522584,
          "operation": "pane-location",
          "requested_ms": 11.313792
        },
        {
          "accepted_ms": 21.662375,
          "finished_ms": 22.131959,
          "operation": "release-pane-pin",
          "requested_ms": 21.940917000000002
        }
      ],
      "server_cpu_s": 0.0003093333333333316,
      "server_rss_kib": 8112
    },
    {
      "committed_attachment": true,
      "creates": 4,
      "idempotent_recovery_ms": 35.490292,
      "journal_bytes": 6112,
      "recovery_child_cpu_ms": 5.881,
      "recovery_ms": 51.186834,
      "retry_child_cpu_ms": 5.292,
      "retry_proxy_timings": [
        {
          "accepted_ms": 18.096792,
          "finished_ms": 18.542292,
          "operation": "pane-location",
          "requested_ms": 18.316042
        },
        {
          "accepted_ms": 32.645667,
          "finished_ms": 33.071125,
          "operation": "release-pane-pin",
          "requested_ms": 32.884958
        }
      ],
      "server_cpu_s": 0.00039320833333333916,
      "server_rss_kib": 8288
    },
    {
      "committed_attachment": true,
      "creates": 5,
      "idempotent_recovery_ms": 35.16225,
      "journal_bytes": 7600,
      "recovery_child_cpu_ms": 5.547,
      "recovery_ms": 33.850958,
      "retry_child_cpu_ms": 3.516,
      "retry_proxy_timings": [
        {
          "accepted_ms": 7.970916999999999,
          "finished_ms": 8.303334000000001,
          "operation": "pane-location",
          "requested_ms": 8.136
        },
        {
          "accepted_ms": 22.983875,
          "finished_ms": 23.256,
          "operation": "release-pane-pin",
          "requested_ms": 23.134167
        }
      ],
      "server_cpu_s": 0.0003786250000000005,
      "server_rss_kib": 8288
    },
    {
      "committed_attachment": true,
      "creates": 6,
      "idempotent_recovery_ms": 33.280875,
      "journal_bytes": 9088,
      "recovery_child_cpu_ms": 5.37,
      "recovery_ms": 45.628167,
      "retry_child_cpu_ms": 4.744,
      "retry_proxy_timings": [
        {
          "accepted_ms": 19.700667000000003,
          "finished_ms": 20.260666999999998,
          "operation": "pane-location",
          "requested_ms": 20.022875
        },
        {
          "accepted_ms": 30.910125,
          "finished_ms": 31.340332999999998,
          "operation": "release-pane-pin",
          "requested_ms": 31.167375
        }
      ],
      "server_cpu_s": 0.0003070833333333328,
      "server_rss_kib": 8352
    },
    {
      "committed_attachment": true,
      "creates": 7,
      "idempotent_recovery_ms": 31.015166999999998,
      "journal_bytes": 10576,
      "recovery_child_cpu_ms": 5.247,
      "recovery_ms": 43.354792,
      "retry_child_cpu_ms": 4.977,
      "retry_proxy_timings": [
        {
          "accepted_ms": 13.729834,
          "finished_ms": 14.207667,
          "operation": "pane-location",
          "requested_ms": 13.954417
        },
        {
          "accepted_ms": 29.245084000000002,
          "finished_ms": 29.677374999999998,
          "operation": "release-pane-pin",
          "requested_ms": 29.5005
        }
      ],
      "server_cpu_s": 0.0003146666666666714,
      "server_rss_kib": 8368
    },
    {
      "committed_attachment": true,
      "creates": 8,
      "idempotent_recovery_ms": 26.259541000000002,
      "journal_bytes": 12064,
      "recovery_child_cpu_ms": 5.929,
      "recovery_ms": 43.447582999999995,
      "retry_child_cpu_ms": 4.012,
      "retry_proxy_timings": [
        {
          "accepted_ms": 6.034791,
          "finished_ms": 6.3662909999999995,
          "operation": "pane-location",
          "requested_ms": 6.197958
        },
        {
          "accepted_ms": 21.390875,
          "finished_ms": 21.662541,
          "operation": "release-pane-pin",
          "requested_ms": 21.551083
        }
      ],
      "server_cpu_s": 0.0004242083333333285,
      "server_rss_kib": 8496
    },
    {
      "committed_attachment": true,
      "creates": 9,
      "idempotent_recovery_ms": 38.976458,
      "journal_bytes": 13554,
      "recovery_child_cpu_ms": 4.867,
      "recovery_ms": 40.36125,
      "retry_child_cpu_ms": 4.555,
      "retry_proxy_timings": [
        {
          "accepted_ms": 11.439333,
          "finished_ms": 11.904958,
          "operation": "pane-location",
          "requested_ms": 11.66475
        },
        {
          "accepted_ms": 23.654167,
          "finished_ms": 24.126375,
          "operation": "release-pane-pin",
          "requested_ms": 23.938292
        }
      ],
      "server_cpu_s": 0.0003026666666666594,
      "server_rss_kib": 8496
    },
    {
      "committed_attachment": true,
      "creates": 10,
      "idempotent_recovery_ms": 40.406084,
      "journal_bytes": 15044,
      "recovery_child_cpu_ms": 5.708,
      "recovery_ms": 51.527291000000005,
      "retry_child_cpu_ms": 4.87,
      "retry_proxy_timings": [
        {
          "accepted_ms": 10.131708999999999,
          "finished_ms": 10.627917,
          "operation": "pane-location",
          "requested_ms": 10.40575
        },
        {
          "accepted_ms": 25.148291999999998,
          "finished_ms": 25.847917000000002,
          "operation": "release-pane-pin",
          "requested_ms": 25.524292
        }
      ],
      "server_cpu_s": 0.0003603749999999961,
      "server_rss_kib": 8496
    },
    {
      "committed_attachment": true,
      "creates": 11,
      "idempotent_recovery_ms": 26.009833,
      "journal_bytes": 16540,
      "recovery_child_cpu_ms": 3.439,
      "recovery_ms": 55.006541,
      "retry_child_cpu_ms": 3.329,
      "retry_proxy_timings": [
        {
          "accepted_ms": 4.336625000000001,
          "finished_ms": 4.6160000000000005,
          "operation": "pane-location",
          "requested_ms": 4.473083
        },
        {
          "accepted_ms": 19.630875,
          "finished_ms": 19.910792,
          "operation": "release-pane-pin",
          "requested_ms": 19.787833000000003
        }
      ],
      "server_cpu_s": 0.00022741666666667437,
      "server_rss_kib": 8512
    },
    {
      "committed_attachment": true,
      "creates": 12,
      "idempotent_recovery_ms": 41.259875,
      "journal_bytes": 18036,
      "recovery_child_cpu_ms": 5.28,
      "recovery_ms": 44.511833,
      "retry_child_cpu_ms": 4.923,
      "retry_proxy_timings": [
        {
          "accepted_ms": 14.361042,
          "finished_ms": 14.903709,
          "operation": "pane-location",
          "requested_ms": 14.64175
        },
        {
          "accepted_ms": 29.357875,
          "finished_ms": 29.886792,
          "operation": "release-pane-pin",
          "requested_ms": 29.658667
        }
      ],
      "server_cpu_s": 0.00027420833333333117,
      "server_rss_kib": 8512
    }
  ],
  "zor": "/private/tmp/fux-codebase-work/release-candidate/release/zor"
}
