{
  "binary": "/private/tmp/fux-codebase-work/release-candidate/release/fux",
  "results": [
    {
      "burst_bytes_first_viewer": 88949,
      "burst_s": 0.181,
      "burst_server_cpu_s": 0.066,
      "config": "24x80+24x80+24x80+24x80",
      "frame_byte_samples": [
        645.0,
        659.0,
        672.0,
        685.0,
        698.0,
        711.0,
        724.0,
        737.0,
        751.0,
        764.0,
        777.0,
        790.0,
        803.0,
        816.0,
        829.0,
        842.0,
        855.0,
        868.0,
        881.0,
        894.0,
        907.0,
        920.0,
        933.0,
        946.0,
        959.0,
        972.0,
        985.0,
        998.0,
        1011.0,
        1024.0,
        1037.0,
        1050.0,
        1063.0,
        1076.0,
        1089.0,
        1102.0,
        1115.0,
        1128.0,
        1141.0,
        1154.0,
        646.0,
        660.0,
        673.0,
        686.0,
        699.0,
        712.0,
        725.0,
        738.0,
        751.0,
        764.0,
        777.0,
        790.0,
        803.0,
        816.0,
        829.0,
        842.0,
        855.0,
        868.0,
        881.0,
        894.0,
        907.0,
        920.0,
        933.0,
        946.0,
        959.0,
        972.0,
        985.0,
        998.0,
        1011.0,
        1024.0,
        1037.0,
        1050.0,
        1063.0,
        1076.0,
        1089.0,
        1102.0,
        1115.0,
        1128.0,
        1141.0,
        1154.0,
        646.0,
        660.0,
        673.0,
        686.0,
        699.0,
        712.0,
        725.0,
        738.0,
        751.0,
        764.0,
        777.0,
        790.0,
        803.0,
        816.0,
        829.0,
        842.0,
        856.0,
        869.0,
        882.0,
        895.0
      ],
      "keystroke_bytes_max": 1154,
      "keystroke_bytes_median": 855,
      "keystroke_latency_median_ms": 0.23,
      "keystroke_latency_p95_ms": 0.27,
      "latency_samples_s": [
        0.000739334,
        0.000342333,
        0.000272,
        0.000274584,
        0.000247834,
        0.00024775,
        0.000248083,
        0.000249542,
        0.000254625,
        0.000248292,
        0.000251958,
        0.000248375,
        0.000254708,
        0.000255334,
        0.000256792,
        0.0002545,
        0.00025625,
        0.000266084,
        0.000260458,
        0.000237292,
        0.000234084,
        0.000235542,
        0.000233542,
        0.000237292,
        0.000241542,
        0.000241417,
        0.000249167,
        0.000245666,
        0.00025825,
        0.000250833,
        0.000258542,
        0.000537209,
        0.000262958,
        0.000260125,
        0.000262292,
        0.000273333,
        0.000259625,
        0.000262166,
        0.000263417,
        0.000273917,
        0.0001945,
        0.000211542,
        0.000198667,
        0.000199583,
        0.000188583,
        0.0001845,
        0.000186166,
        0.0001915,
        0.00019075,
        0.000187792,
        0.000191,
        0.000194375,
        0.000193541,
        0.000213125,
        0.00020075,
        0.000207042,
        0.000201375,
        0.000200792,
        0.000203167,
        0.000207083,
        0.000206667,
        0.000210291,
        0.000213792,
        0.000225875,
        0.000211916,
        0.0004345,
        0.000241,
        0.000219792,
        0.000219291,
        0.000220792,
        0.000223208,
        0.000225459,
        0.00022475,
        0.000226375,
        0.000236584,
        0.0002345,
        0.00023175,
        0.000237417,
        0.000235958,
        0.000235125,
        0.00017425,
        0.000176125,
        0.000185375,
        0.000192625,
        0.000186375,
        0.000174209,
        0.000173041,
        0.000174959,
        0.000179959,
        0.000181083,
        0.000182167,
        0.000187083,
        0.000182958,
        0.000183833,
        0.000185417,
        0.000196625,
        0.000203167,
        0.000189333,
        0.000192042,
        0.000193833
      ],
      "rss_after_kib": 35120,
      "server_cpu_s_per_1000_keystrokes": 0.1
    }
  ]
}
