   Compiling fux v0.10.0 (/Users/kisaczka/Desktop/code/fux/crates/fux)
    Finished `test` profile [unoptimized + debuginfo] target(s) in 5.35s
     Running tests/automation_integration.rs (target/debug/deps/automation_integration-8ba9a3af34947e4b)

running 23 tests
test independent_zor_observes_fux_panes_through_the_control_protocol ... ok
test test_owned_processes ... ok
test test_zor_contention ... ok
test zor_bindings ... ok
test zor_changes ... ok
test zor_check_workers ... ok
test zor_checks ... ok
test zor_dashboard ... ok
test zor_events ... ok
test zor_group_scheduler ... 
thread 'zor_group_scheduler' (14702426) panicked at crates/fux/tests/automation_integration.rs:63:5:
zor_group_scheduler
stdout:

stderr:
fux-xtask: CLI ["task", "adopt", "route-alias", "--title", "same pane via alias", "--runtime", "/tmp/zgroup-rs-u3YUfS/alternate", "--instance", "2539343170ef0eee114939afa3aec4bb", "--workspace", "default", "--pane", "2"]: zor: connect control socket: No such file or directory (os error 2)


note: run with `RUST_BACKTRACE=1` environment variable to display a backtrace
FAILED
test zor_groups ... 
thread 'zor_groups' (14702828) panicked at crates/fux/tests/automation_integration.rs:63:5:
zor_groups
stdout:

stderr:
fux-xtask: CLI ["task", "adopt", "route-alias", "--title", "same pane via alias", "--runtime", "/tmp/zgroup-rs-bNDhSu/alternate", "--instance", "76d5d1e527d1bdd66c4706c270e7f545", "--workspace", "default", "--pane", "2"]: zor: connect control socket: No such file or directory (os error 2)


FAILED
test zor_headless ... 
thread 'zor_headless' (14703103) panicked at crates/fux/tests/automation_integration.rs:63:5:
zor_headless
stdout:

stderr:
fux-xtask: headless start: zor: workspace pin release incomplete; reconcile the existing launch: {"reply":"release-pane-pin","result":{"error":{"code":"not-found","message":"live pane not found"},"id":0,"status":"failed"}}


FAILED
test zor_launch ... ok
test zor_native ... ok
test zor_pane_layout ... ok
test zor_producers ... ok
test zor_recovery ... 
thread 'zor_recovery' (14704605) panicked at crates/fux/tests/automation_integration.rs:63:5:
zor_recovery
stdout:

stderr:
fux-xtask: CLI ["task", "launch-reconcile", "untouched"]: {"artifact_captures":[],"artifact_policy":{"collected_count":0,"required_count":0,"sealed":false},"artifacts":[],"attempt":{"id":"f92baf4e925a3ef3f0ab11d462928737","session":"6404242789b731bbff8bb26f0ea93cab","state":"active","task":"untouched"},"check_policy":{"passed_count":0,"required_count":0,"sealed":false},"checks":[],"generation":24,"launch":{"agent":null,"argv":["/bin/cat"],"created_ms":1789276005753,"cwd":"/private/tmp/zrecover-rs-Ro7Z29","event_sequence":14,"final_evidence":null,"id":"untouched","instance":"623a9995e62cd254e2b1b60ddc237e4b","integration":null,"marker":"33203a83f42ec5d9ed62c5f8d5303645","pane":5,"phase":"attached","problem":null,"requested_cwd":"/tmp/zrecover-rs-Ro7Z29","requested_runtime":"/tmp/zrecover-rs-Ro7Z29/fux","resume":null,"runtime":"/private/tmp/zrecover-rs-Ro7Z29/fux","session":"6404242789b731bbff8bb26f0ea93cab","stop_requested":false,"stream":1,"task":null,"title":"untouched","workspace":"default","worktree":null},"prompts":[],"session":{"agent":null,"created_ms":1789276005753,"id":"6404242789b731bbff8bb26f0ea93cab","launch":"untouched","ownership":"managed","target":{"instance":"623a9995e62cd254e2b1b60ddc237e4b","origin":{"stream":1,"workspace":"default"},"pane":5,"pid":41461,"runtime":"/private/tmp/zrecover-rs-Ro7Z29/fux","stream":1,"workspace":"default"}},"task":{"attempt":"f92baf4e925a3ef3f0ab11d462928737","created_ms":1789276005753,"id":"untouched","outcome":"open","requested_runtime":"/tmp/zrecover-rs-Ro7Z29/fux","required_artifacts":{},"required_checks":{},"title":"untouched"},"verification":null}
 

FAILED
test zor_run ... ok
test zor_service ... 
thread 'zor_service' (14705631) panicked at crates/fux/tests/automation_integration.rs:63:5:
zor_service
stdout:

stderr:
fux-xtask: CLI ["--state-directory", "/tmp/zsvc-bMqtgE/tasks", "task", "adopt", "slow-task", "--title", "slow fixture", "--instance", "c29368ffe0a3cf60a6c4a9dcb2b0d5a6", "--workspace", "default", "--pane", "1", "--runtime", "/tmp/zsvc-bMqtgE/proxy"]: zor: connect control socket: No such file or directory (os error 2)


FAILED
test zor_sources ... ok
test zor_tasks ... ok
test zor_workflow ... ok
test zor_worktree ... ok

failures:

failures:
    zor_group_scheduler
    zor_groups
    zor_headless
    zor_recovery
    zor_service

test result: FAILED. 18 passed; 5 failed; 0 ignored; 0 measured; 0 filtered out; finished in 262.01s

error: test failed, to rerun pass `-p fux --test automation_integration`
     Running tests/local_cli.rs (target/debug/deps/local_cli-5d538c6250de02fd)

running 18 tests
test a_full_agent_session_runs_headlessly_over_the_control_protocol ... ok
test delayed_history_keeps_local_input_responsive_and_rejects_stale_replies ... ok
test delayed_manager_keeps_local_controls_responsive_and_input_targeted ... ok
test detach_sends_preceding_input_waits_for_exit_and_drops_the_suffix ... ok
test empty_arguments_regressions ... ok
test event_sync_regressions ... ok
test final_records_regressions ... ok
test incompatible_manager_rejection_preserves_existing_sessions ... ok
test independent_pane_histories_and_normal_input_transitions ... ok
test input_receipts_regressions ... ok
test isolated_local_attachment_has_no_keys_and_preserves_sessions ... ok
test isolated_tty_cold_start_and_detach_need_no_credentials ... ok
test real_viewer_scenarios_cover_the_interaction_contract ... ok
test rejected_handshake_leaves_the_terminal_untouched ... ok
test reporting_application_mouse_and_screen_buffers_preserve_local_history_ownership ... ok
test utf8_capture_regressions ... ok
test viewer_input_survives_two_workspace_moves_and_source_cleanup ... ok
test workspace_transfer_preserves_process_after_source_cleanup ... ok

test result: ok. 18 passed; 0 failed; 0 ignored; 0 measured; 0 filtered out; finished in 69.57s

error: 1 target failed:
    `-p fux --test automation_integration`
