   Compiling fux v0.10.0 (/Users/kisaczka/Desktop/code/fux/crates/fux)
    Finished `test` profile [unoptimized + debuginfo] target(s) in 13.86s
     Running unittests src/lib.rs (target/debug/deps/fux-ac01031fe3ff3cd2)

running 32 tests
test client::controller::tests::canceled_modes_keep_owning_unfinished_pastes ... ok
test client::controller::tests::mouse_close_dialogs_confirm_cancel_and_consume_gesture_tails ... ok
test client::controller::tests::layout_drag_rejects_replaced_server_viewer_or_zoom_even_with_same_revision ... ok
test client::controller::tests::border_drag_cancel_and_stale_layout_swallow_the_gesture_tail ... ok
test client::controller::tests::layout_drag_ignores_other_buttons_and_keeps_cancelled_tail_captured ... ok
test client::controller::tests::hidden_tab_menu_targets_its_tab_and_cancels_when_catalog_changes ... ok
test client::controller::tests::copy_mode_selection_and_mouse_routing ... ok
test client::controller::tests::confirmations_carry_the_original_target_and_ignore_paste ... ok
test client::controller::tests::contextual_menu_clicks_disabled_actions_and_application_mouse_override ... ok
test client::controller::tests::contextual_pane_actions_keep_clicked_target_and_release_ownership ... ok
test client::controller::tests::destination_chooser_keeps_catalog_lifetime_and_discards_cancelled_input ... ok
test client::controller::tests::move_and_swap_modes_use_latest_frame_but_keep_original_target ... ok
test client::controller::tests::pane_drag_requires_alt_and_commits_only_on_release_with_original_revision ... ok
test client::controller::tests::rename_submits_fragmented_unicode_and_cancels_without_mutation ... ok
test client::controller::tests::pane_rename_keeps_its_target_and_cancels_on_identity_changes ... ok
test client::controller::tests::resize_repeats_with_arrows_and_application_cursor_keys ... ok
test client::controller::tests::pane_tab_drop_keeps_destination_revision_and_cancels_changed_bar ... ok
test client::controller::tests::reorder_chooser_places_before_or_last_and_escape_cancels ... ok
test client::controller::tests::copy_escape_dismisses_instead_of_requesting_commands ... FAILED
test client::controller::tests::swap_picker_selects_an_explicit_nonadjacent_target_and_cancels_stale_edits ... ok
test client::controller::tests::transfer_chooser_pins_both_revisions_and_ignores_paste ... ok
test client::controller::tests::tab_chooser_mouse_selects_reorders_and_cancels_without_forwarding_release ... ok
test client::controller::tests::wheel_browsing_is_passive_and_accepts_another_pane ... FAILED
test client::controller::tests::workspace_chooser_mouse_reorders_through_manager ... ok
test client::controller::tests::wheel_during_tab_drag_reaches_hidden_destinations_and_wraps ... ok
test client::controller::tests::right_click_policy_controls_menu_capture_and_preserves_alt_override ... ok
test client::controller::tests::workspace_close_confirms_the_captured_lifetime_and_rejects_replacements ... ok
test client::controller::tests::workspace_drop_and_click_keep_dragged_pane_and_consume_release ... ok
test client::controller::tests::workspace_order_uses_manager_and_cancels_stale_loading ... ok
test client::controller::tests::workspace_chooser_replays_buffered_input_and_switches ... ok
test client::controller::tests::workspace_move_keeps_observed_identity_and_follows_only_its_viewer ... ok
test client::controller::tests::workspace_rename_edits_labels_and_rejects_stale_lifetimes ... ok

failures:

---- client::controller::tests::copy_escape_dismisses_instead_of_requesting_commands stdout ----

thread 'client::controller::tests::copy_escape_dismisses_instead_of_requesting_commands' (13392364) panicked at crates/fux/src/client/controller.rs:3439:9:
assertion failed: !controller.take_back()
note: run with `RUST_BACKTRACE=1` environment variable to display a backtrace

---- client::controller::tests::wheel_browsing_is_passive_and_accepts_another_pane stdout ----

thread 'client::controller::tests::wheel_browsing_is_passive_and_accepts_another_pane' (13392382) panicked at crates/fux/src/client/controller.rs:3422:9:
wheel must not capture application keys


failures:
    client::controller::tests::copy_escape_dismisses_instead_of_requesting_commands
    client::controller::tests::wheel_browsing_is_passive_and_accepts_another_pane

test result: FAILED. 30 passed; 2 failed; 0 ignored; 0 measured; 119 filtered out; finished in 0.00s

error: test failed, to rerun pass `-p fux --lib`
