   Compiling fux v0.10.0 (/Users/kisaczka/Desktop/code/fux/crates/fux)
    Finished `test` profile [unoptimized + debuginfo] target(s) in 17.30s
     Running unittests src/lib.rs (target/debug/deps/fux-ac01031fe3ff3cd2)

running 6 tests
test client::copy::tests::escape_finishes_selection_in_one_press ... FAILED
test client::copy::tests::latest_scroll_intent_survives_an_older_reply ... FAILED
test client::copy::tests::history_resize_requires_a_fresh_read_at_the_same_offset ... FAILED
test client::copy::tests::drag_selection_stays_within_the_pane ... ok
test client::copy::tests::selection_copies_visible_text_and_clears_on_view_change ... ok
test client::copy::tests::new_output_under_a_live_selection_clears_it_with_feedback ... ok

failures:

---- client::copy::tests::escape_finishes_selection_in_one_press stdout ----

thread 'client::copy::tests::escape_finishes_selection_in_one_press' (13373390) panicked at crates/fux/src/client/copy.rs:312:9:
assertion failed: matches!(session.key(CopyKey::Escape), CopyOutcome::Finished)
note: run with `RUST_BACKTRACE=1` environment variable to display a backtrace

---- client::copy::tests::latest_scroll_intent_survives_an_older_reply stdout ----

thread 'client::copy::tests::latest_scroll_intent_survives_an_older_reply' (13373392) panicked at crates/fux/src/client/copy.rs:293:9:
assertion `left == right` failed
  left: None
 right: Some(9)

---- client::copy::tests::history_resize_requires_a_fresh_read_at_the_same_offset stdout ----

thread 'client::copy::tests::history_resize_requires_a_fresh_read_at_the_same_offset' (13373391) panicked at crates/fux/src/client/copy.rs:305:9:
assertion `left == right` failed
  left: None
 right: Some(3)


failures:
    client::copy::tests::escape_finishes_selection_in_one_press
    client::copy::tests::history_resize_requires_a_fresh_read_at_the_same_offset
    client::copy::tests::latest_scroll_intent_survives_an_older_reply

test result: FAILED. 3 passed; 3 failed; 0 ignored; 0 measured; 143 filtered out; finished in 0.00s

error: test failed, to rerun pass `-p fux --lib`
