   Compiling fux-xtask v0.1.0 (/Users/kisaczka/Desktop/code/fux/tools/xtask)
    Finished `test` profile [unoptimized + debuginfo] target(s) in 5.64s
     Running unittests src/lib.rs (target/rust-harness/debug/deps/fux_xtask-4a113bfb04d239b4)

running 31 tests
test support::contention::tests::cli_busy_requires_exact_exit_and_stderr ... ok
test support::contention::tests::contention_cannot_satisfy_an_expected_semantic_rejection ... ok
test support::contention::tests::expired_deadline_never_calls_and_transport_errors_never_retry ... ok
test support::attachment_measure::tests::rejects_oversize_before_reading_body ... ok
test support::contention::tests::original_deadline_survives_busy_retries ... ok
test support::process::tests::failed_kill_still_reaches_other_owners ... ok
test support::contention::tests::api_busy_checks_envelope_and_incarnation ... ok
test support::process::tests::timeout_falls_back_and_reaps_every_remaining_owner ... ok
test support::contention::tests::non_idempotent_effect_then_busy_cannot_replay ... ok
test scenarios::event_sync::tests::replay_accepts_new_output_but_rejects_duplicate_and_foreign_cursors ... ok
test support::attachment_measure::tests::fragmented_frames_and_every_delta_are_observed ... ok
test support::launch_proxy::tests::final_and_event_faults_preserve_original_injections ... ok
test support::service::tests::retained_reply_is_read_after_service_closes_connection ... ok
test support::retry_proxy::tests::partial_reply_is_not_lost_reply_evidence ... ok
test support::local::tests::isolated_root_matches_private_python_mkdtemp_permissions ... ok
test support::pty::tests::originals_do_not_leak_through_exec ... ok
test support::process::tests::terminate_of_a_reaped_child_does_not_signal_its_old_pid ... ok
test support::local::tests::truncated_diagnostic_cannot_establish_negative_evidence ... ok
test scenarios::viewer::tests::unfinished_osc_is_bounded_across_terminal_reads ... ok
test support::traffic_proxy::tests::malformed_preface_is_not_silently_recorded_as_valid_traffic ... ok
test scenarios::zor_check_workers::tests::held_admission_replays_only_the_same_intent_after_busy ... ok
test support::task_proxy::tests::close_cancels_partial_front_handshake ... ok
test support::launch_proxy::tests::close_cancels_partial_front_handshake ... ok
test support::traffic_proxy::tests::forwards_capture_and_subscription_bytes_and_stops_idle_handlers ... ok
test support::visual::enabled::tests::hidden_cursor_does_not_leave_a_block_in_the_raster ... ok
test support::visual::enabled::tests::raw_vt_renders_styles_wide_text_and_cursor_in_a_bounded_png ... ok
test support::visual::enabled::tests::box_drawing_connects_across_cells_and_font_weights ... ok
test support::visual::enabled::tests::live_resize_preserves_alternate_and_primary_buffers ... ok
test support::visual::enabled::tests::wide_glyph_second_cell_is_not_painted_over ... FAILED
test support::visual::enabled::tests::deferred_render_replays_chunked_vt_and_live_resizes_exactly ... ok
test support::visual::enabled::tests::checkpoints_require_completed_synchronized_frames ... ok

failures:

---- support::visual::enabled::tests::wide_glyph_second_cell_is_not_painted_over stdout ----
Error: wide glyph right half missing (requires a CJK-capable fallback font)


failures:
    support::visual::enabled::tests::wide_glyph_second_cell_is_not_painted_over

test result: FAILED. 30 passed; 1 failed; 0 ignored; 0 measured; 0 filtered out; finished in 0.60s

error: test failed, to rerun pass `--lib`
