fux-xtask: primary return invalidates alternate history: PRIMARY056                             │PRIMARY060     
PRIMARY057                             │PRIMARY061
PRIMARY058                             │PRIMARY062
PRIMARY059                             │PRIMARY063
PRIMARY060                             │PRIMARY064
PRIMARY061                             │PRIMARY065
PRIMARY062                             │PRIMARY066
PRIMARY063                             │PRIMARY067
PRIMARY064                             │PRIMARY068
PRIMARY065                             │PRIMARY069
PRIMARY066                             │PRIMARY070
PRIMARY067                             │PRIMARY071
PRIMARY068                             │PRIMARY072
PRIMARY069                             │PRIMARY073
PRIMARY070                             │PRIMARY074
PRIMARY071                             │PRIMARY075
PRIMARY072                             │PRIMARY076
PRIMARY073                             │PRIMARY077
PRIMARY074                             │PRIMARY078
PRIMARY075                             │PRIMARY079
PRIMARY076                             │PRIMARY080
PRIMARY077                             │MOUSE_APP_READY
History pane 1 · offset 3 · wheel browses · Esc live · typing follows focus     
 default │ main                                                             │ 2 
