{
  "binary": "/private/tmp/fux-codebase-work/release-baseline/release/fux",
  "geometry": [
    24,
    80
  ],
  "limits": "Scroll completes after actual offset and changed pane rows render; 1 ms observation polling is included. Manager latency includes authenticated socket and JSON round-trip. RSS samples are discrete observations, not kernel peak or whole-process-tree memory. No Betamax or diagnostic capture during timing.",
  "manager": {
    "median_ms": 0.118125,
    "p95_ms": 0.167458,
    "samples_ms": [
      0.350542,
      0.217333,
      0.225792,
      0.17200000000000001,
      0.15275,
      0.15779100000000001,
      0.167458,
      0.169875,
      0.186209,
      0.177458,
      0.159416,
      0.16366699999999998,
      0.142416,
      0.17275,
      0.16387500000000002,
      0.158084,
      0.162,
      0.151333,
      0.14091599999999999,
      0.13725,
      0.137625,
      0.136333,
      0.140209,
      0.137792,
      0.13733399999999998,
      0.16,
      0.163542,
      0.15104199999999998,
      0.142875,
      0.136875,
      0.138625,
      0.13558299999999998,
      0.138625,
      0.134833,
      0.149125,
      0.145625,
      0.15254099999999998,
      0.14116700000000001,
      0.133708,
      0.13425,
      0.146875,
      0.156375,
      0.171667,
      0.139084,
      0.138417,
      0.14200000000000002,
      0.138292,
      0.145209,
      0.13799999999999998,
      0.133917,
      0.139042,
      0.137875,
      0.13487500000000002,
      0.133833,
      0.135833,
      0.14075000000000001,
      0.135708,
      0.135166,
      0.13920800000000003,
      0.137875,
      0.14016699999999999,
      0.139084,
      0.13487500000000002,
      0.13525,
      0.136333,
      0.142875,
      0.137542,
      0.160458,
      0.15,
      0.1415,
      0.125125,
      0.114958,
      0.117125,
      0.114666,
      0.117833,
      0.116,
      0.114667,
      0.112875,
      0.11366699999999999,
      0.11637499999999999,
      0.12320899999999999,
      0.11725000000000001,
      0.11654199999999999,
      0.11887500000000001,
      0.116958,
      0.112875,
      0.117792,
      0.12237500000000001,
      0.130166,
      0.118291,
      0.118792,
      0.11775000000000001,
      0.117625,
      0.11395799999999999,
      0.117042,
      0.11854200000000001,
      0.124292,
      0.126542,
      0.118583,
      0.11741700000000001,
      0.118625,
      0.12487500000000001,
      0.12262500000000001,
      0.121708,
      0.1205,
      0.120083,
      0.11670799999999999,
      0.11904200000000001,
      0.1185,
      0.118125,
      0.117667,
      0.11729099999999999,
      0.118125,
      0.120917,
      0.11995800000000001,
      0.123666,
      0.120042,
      0.136708,
      0.118959,
      0.11916600000000001,
      0.113542,
      0.107,
      0.110625,
      0.1055,
      0.113833,
      0.1035,
      0.103917,
      0.11604199999999999,
      0.107167,
      0.1,
      0.1075,
      0.107333,
      0.115167,
      0.118625,
      0.10175000000000001,
      0.101875,
      0.107042,
      0.09658299999999999,
      0.098292,
      0.10154099999999999,
      0.1035,
      0.110541,
      0.10245900000000001,
      0.10058399999999999,
      0.104416,
      0.10575,
      0.10091699999999999,
      0.105375,
      0.10625,
      0.10337500000000001,
      0.106958,
      0.1075,
      0.101417,
      0.114708,
      0.1,
      0.103167,
      0.10212500000000001,
      0.099917,
      0.103166,
      0.104167,
      0.106541,
      0.10641600000000001,
      0.10466600000000001,
      0.10375,
      0.09816699999999999,
      0.103791,
      0.10341700000000001,
      0.111708,
      0.104291,
      0.10525,
      0.105417,
      0.10425,
      0.104458,
      0.105292,
      0.10625,
      0.102625,
      0.101,
      0.103667,
      0.102667,
      0.10354200000000001,
      0.103,
      0.105083,
      0.099375,
      0.110875,
      0.10437500000000001,
      0.099584,
      0.10341700000000001,
      0.10087499999999999,
      0.103167,
      0.106,
      0.109583,
      0.114708,
      0.109458,
      0.109708,
      0.109583,
      0.103209,
      0.113459,
      0.120333,
      0.104125,
      0.097167
    ]
  },
  "manager_server_cpu_s": 0.013230083333333333,
  "rss_samples": [
    {
      "after_scroll": 10,
      "server_kib": 13040,
      "viewer_kib": 5696
    },
    {
      "after_scroll": 20,
      "server_kib": 13040,
      "viewer_kib": 5808
    },
    {
      "after_scroll": 30,
      "server_kib": 13040,
      "viewer_kib": 5840
    },
    {
      "after_scroll": 40,
      "server_kib": 13040,
      "viewer_kib": 5888
    },
    {
      "after_scroll": 50,
      "server_kib": 13040,
      "viewer_kib": 5936
    },
    {
      "after_scroll": 60,
      "server_kib": 13040,
      "viewer_kib": 5936
    },
    {
      "after_scroll": 70,
      "server_kib": 13040,
      "viewer_kib": 5936
    },
    {
      "after_scroll": 80,
      "server_kib": 13040,
      "viewer_kib": 6192
    },
    {
      "after_scroll": 90,
      "server_kib": 13040,
      "viewer_kib": 6192
    },
    {
      "after_scroll": 100,
      "server_kib": 13040,
      "viewer_kib": 6192
    }
  ],
  "scroll": {
    "median_ms": 1.8802079999999999,
    "p95_ms": 1.969167,
    "samples_ms": [
      5.077332999999999,
      1.720875,
      1.725792,
      1.744375,
      1.753958,
      1.728209,
      1.723459,
      1.729,
      1.728,
      1.749083,
      1.400666,
      1.444625,
      1.758125,
      1.761208,
      1.749792,
      1.754583,
      1.7537919999999998,
      1.75075,
      1.769708,
      1.779666,
      1.772083,
      1.782959,
      1.790583,
      1.795042,
      1.802292,
      1.7952919999999999,
      1.800625,
      1.7991249999999999,
      1.799834,
      1.796792,
      1.8463340000000001,
      1.850708,
      1.836125,
      1.927375,
      1.8233329999999999,
      1.8255000000000001,
      1.829958,
      1.8398329999999998,
      1.8291250000000001,
      1.836792,
      1.840166,
      1.8725420000000002,
      1.875958,
      1.8825420000000002,
      1.878584,
      1.886042,
      1.88525,
      1.879292,
      1.893166,
      1.902042,
      1.4092079999999998,
      1.824417,
      1.8812499999999999,
      1.891042,
      1.877083,
      1.888708,
      1.896458,
      1.883,
      1.598,
      1.8802079999999999,
      1.905583,
      1.889041,
      1.90025,
      1.901916,
      1.6040830000000001,
      1.8886669999999999,
      1.896417,
      1.889958,
      1.877166,
      1.893542,
      1.891333,
      1.878459,
      1.8890829999999998,
      1.889084,
      1.936,
      1.954459,
      1.9645000000000001,
      1.972166,
      1.955375,
      1.9554170000000002,
      1.9825,
      1.951667,
      1.942084,
      1.947792,
      1.948042,
      1.9546670000000002,
      1.951583,
      1.894083,
      1.9793329999999998,
      1.969167,
      1.9554170000000002,
      1.954291,
      1.961834,
      1.9594999999999998,
      1.958208,
      1.9565,
      1.948833,
      1.9481249999999999,
      1.949,
      1.9631660000000002
    ]
  },
  "scroll_pty_byte_samples": [
    4096,
    669,
    655,
    1024,
    1205,
    655,
    700,
    676,
    655,
    679,
    697,
    655,
    655,
    721,
    655,
    655,
    700,
    676,
    655,
    679,
    697,
    655,
    655,
    721,
    655,
    655,
    720,
    736,
    715,
    740,
    760,
    718,
    718,
    1660,
    655,
    655,
    700,
    676,
    655,
    679,
    697,
    655,
    655,
    721,
    655,
    655,
    700,
    676,
    655,
    679,
    697,
    655,
    655,
    721,
    655,
    655,
    700,
    676,
    655,
    679,
    757,
    715,
    715,
    784,
    718,
    718,
    786,
    697,
    655,
    679,
    697,
    655,
    655,
    721,
    655,
    655,
    700,
    676,
    655,
    679,
    697,
    655,
    655,
    721,
    655,
    655,
    700,
    676,
    655,
    679,
    697,
    655,
    655,
    761,
    715,
    715,
    762,
    739,
    718,
    765
  ],
  "scroll_pty_bytes": 73985,
  "scroll_server_cpu_s": 0.009731541666666668,
  "scroll_viewer_cpu_s": 0.030383500000000004
}
